Component: ARM Compiler 5.06 update 3 (build 300) Tool: armlink [4d35c9]

==============================================================================

Section Cross References

    startup_stm32f401xc.o(STACK) refers (Special) to heapauxi.o(.text) for __use_two_region_memory
    startup_stm32f401xc.o(HEAP) refers (Special) to heapauxi.o(.text) for __use_two_region_memory
    startup_stm32f401xc.o(RESET) refers (Special) to heapauxi.o(.text) for __use_two_region_memory
    startup_stm32f401xc.o(RESET) refers to startup_stm32f401xc.o(STACK) for __initial_sp
    startup_stm32f401xc.o(RESET) refers to startup_stm32f401xc.o(.text) for Reset_Handler
    startup_stm32f401xc.o(RESET) refers to stm32f4xx_it.o(i.NMI_Handler) for NMI_Handler
    startup_stm32f401xc.o(RESET) refers to stm32f4xx_it.o(i.HardFault_Handler) for HardFault_Handler
    startup_stm32f401xc.o(RESET) refers to stm32f4xx_it.o(i.MemManage_Handler) for MemManage_Handler
    startup_stm32f401xc.o(RESET) refers to stm32f4xx_it.o(i.BusFault_Handler) for BusFault_Handler
    startup_stm32f401xc.o(RESET) refers to stm32f4xx_it.o(i.UsageFault_Handler) for UsageFault_Handler
    startup_stm32f401xc.o(RESET) refers to port.o(.emb_text) for SVC_Handler
    startup_stm32f401xc.o(RESET) refers to stm32f4xx_it.o(i.DebugMon_Handler) for DebugMon_Handler
    startup_stm32f401xc.o(RESET) refers to cmsis_os2.o(i.SysTick_Handler) for SysTick_Handler
    startup_stm32f401xc.o(RESET) refers to stm32f4xx_it.o(i.ADC_IRQHandler) for ADC_IRQHandler
    startup_stm32f401xc.o(RESET) refers to stm32f4xx_it.o(i.TIM1_BRK_TIM9_IRQHandler) for TIM1_BRK_TIM9_IRQHandler
    startup_stm32f401xc.o(RESET) refers to stm32f4xx_it.o(i.USART1_IRQHandler) for USART1_IRQHandler
    startup_stm32f401xc.o(.text) refers (Special) to heapauxi.o(.text) for __use_two_region_memory
    startup_stm32f401xc.o(.text) refers to system_stm32f4xx.o(i.SystemInit) for SystemInit
    startup_stm32f401xc.o(.text) refers to __main.o(!!!main) for __main
    startup_stm32f401xc.o(.text) refers to startup_stm32f401xc.o(HEAP) for Heap_Mem
    startup_stm32f401xc.o(.text) refers to startup_stm32f401xc.o(STACK) for Stack_Mem
    main.o(i.HAL_TIM_PeriodElapsedCallback) refers to stm32f4xx_hal.o(i.HAL_IncTick) for HAL_IncTick
    main.o(i.SystemClock_Config) refers to rt_memclr_w.o(.text) for __aeabi_memclr4
    main.o(i.SystemClock_Config) refers to stm32f4xx_hal_rcc.o(i.HAL_RCC_OscConfig) for HAL_RCC_OscConfig
    main.o(i.SystemClock_Config) refers to sys.o(i.Error_Handler) for Error_Handler
    main.o(i.SystemClock_Config) refers to stm32f4xx_hal_rcc.o(i.HAL_RCC_ClockConfig) for HAL_RCC_ClockConfig
    main.o(i.main) refers to stm32f4xx_hal.o(i.HAL_Init) for HAL_Init
    main.o(i.main) refers to main.o(i.SystemClock_Config) for SystemClock_Config
    main.o(i.main) refers to delay.o(i.delay_init) for delay_init
    main.o(i.main) refers to gpio.o(i.MX_GPIO_Init) for MX_GPIO_Init
    main.o(i.main) refers to adc.o(i.MX_ADC1_Init) for MX_ADC1_Init
    main.o(i.main) refers to tim.o(i.MX_TIM1_Init) for MX_TIM1_Init
    main.o(i.main) refers to tim.o(i.MX_TIM2_Init) for MX_TIM2_Init
    main.o(i.main) refers to tim.o(i.MX_TIM3_Init) for MX_TIM3_Init
    main.o(i.main) refers to tim.o(i.MX_TIM4_Init) for MX_TIM4_Init
    main.o(i.main) refers to tim.o(i.MX_TIM5_Init) for MX_TIM5_Init
    main.o(i.main) refers to usart.o(i.MX_USART1_UART_Init) for MX_USART1_UART_Init
    main.o(i.main) refers to dma.o(i.dma_init) for dma_init
    main.o(i.main) refers to cmsis_os2.o(i.osKernelInitialize) for osKernelInitialize
    main.o(i.main) refers to freertos.o(i.MX_FREERTOS_Init) for MX_FREERTOS_Init
    main.o(i.main) refers to cmsis_os2.o(i.osKernelStart) for osKernelStart
    gpio.o(i.MX_GPIO_Init) refers to rt_memclr_w.o(.text) for __aeabi_memclr4
    gpio.o(i.MX_GPIO_Init) refers to stm32f4xx_hal_gpio.o(i.HAL_GPIO_WritePin) for HAL_GPIO_WritePin
    gpio.o(i.MX_GPIO_Init) refers to stm32f4xx_hal_gpio.o(i.HAL_GPIO_Init) for HAL_GPIO_Init
    freertos.o(i.ADC_Task) refers to stm32f4xx_hal_adc.o(i.HAL_ADC_Start) for HAL_ADC_Start
    freertos.o(i.ADC_Task) refers to stm32f4xx_hal_adc.o(i.HAL_ADC_PollForConversion) for HAL_ADC_PollForConversion
    freertos.o(i.ADC_Task) refers to stm32f4xx_hal_adc.o(i.HAL_ADC_GetValue) for HAL_ADC_GetValue
    freertos.o(i.ADC_Task) refers to stm32f4xx_hal_adc.o(i.HAL_ADC_Stop) for HAL_ADC_Stop
    freertos.o(i.ADC_Task) refers to cmsis_os2.o(i.osDelay) for osDelay
    freertos.o(i.ADC_Task) refers to freertos.o(.bss) for .bss
    freertos.o(i.ADC_Task) refers to adc.o(.bss) for hadc1
    freertos.o(i.CMD_Task) refers to freertos.o(i.sendMsg) for sendMsg
    freertos.o(i.CMD_Task) refers to usart.o(.bss) for g_usart_rx_buf
    freertos.o(i.CMD_Task) refers to freertos.o(.data) for .data
    freertos.o(i.CMD_Task) refers to freertos.o(.bss) for .bss
    freertos.o(i.CMD_Task) refers to usart.o(.data) for g_usart_rx_sta
[...]
    UART_DMATransmitCplt                     0x08003145   Thumb Code    66  stm32f4xx_hal_uart.o(i.UART_DMATransmitCplt)
    i.UART_DMATxHalfCplt                     0x08003186   Section        0  stm32f4xx_hal_uart.o(i.UART_DMATxHalfCplt)
    UART_DMATxHalfCplt                       0x08003187   Thumb Code    10  stm32f4xx_hal_uart.o(i.UART_DMATxHalfCplt)
    i.UART_EndRxTransfer                     0x08003190   Section        0  stm32f4xx_hal_uart.o(i.UART_EndRxTransfer)
    UART_EndRxTransfer                       0x08003191   Thumb Code    78  stm32f4xx_hal_uart.o(i.UART_EndRxTransfer)
    i.UART_EndTxTransfer                     0x080031de   Section        0  stm32f4xx_hal_uart.o(i.UART_EndTxTransfer)
    UART_EndTxTransfer                       0x080031df   Thumb Code    28  stm32f4xx_hal_uart.o(i.UART_EndTxTransfer)
    i.UART_Receive_IT                        0x080031fa   Section        0  stm32f4xx_hal_uart.o(i.UART_Receive_IT)
    UART_Receive_IT                          0x080031fb   Thumb Code   192  stm32f4xx_hal_uart.o(i.UART_Receive_IT)
    i.UART_SetConfig                         0x080032bc   Section        0  stm32f4xx_hal_uart.o(i.UART_SetConfig)
    UART_SetConfig                           0x080032bd   Thumb Code   258  stm32f4xx_hal_uart.o(i.UART_SetConfig)
    i.UART_Start_Receive_IT                  0x080033c8   Section        0  stm32f4xx_hal_uart.o(i.UART_Start_Receive_IT)
    i.USART1_IRQHandler                      0x08003404   Section        0  stm32f4xx_it.o(i.USART1_IRQHandler)
    i.UsageFault_Handler                     0x08003410   Section        0  stm32f4xx_it.o(i.UsageFault_Handler)
    i.__NVIC_SetPriority                     0x08003412   Section        0  stm32f4xx_hal_cortex.o(i.__NVIC_SetPriority)
    __NVIC_SetPriority                       0x08003413   Thumb Code    32  stm32f4xx_hal_cortex.o(i.__NVIC_SetPriority)
    i._sys_exit                              0x08003432   Section        0  usart.o(i._sys_exit)
    i.delay_init                             0x08003434   Section        0  delay.o(i.delay_init)
    i.dma_init                               0x08003448   Section        0  dma.o(i.dma_init)
    i.initN20                                0x080034bc   Section        0  n20.o(i.initN20)
    i.lowPassInit                            0x08003524   Section        0  filters.o(i.lowPassInit)
    i.main                                   0x08003538   Section        0  main.o(i.main)
    i.osDelay                                0x08003584   Section        0  cmsis_os2.o(i.osDelay)
    i.osKernelInitialize                     0x080035a0   Section        0  cmsis_os2.o(i.osKernelInitialize)
    i.osKernelStart                          0x080035c4   Section        0  cmsis_os2.o(i.osKernelStart)
    i.prvAddCurrentTaskToDelayedList         0x080035fc   Section        0  tasks.o(i.prvAddCurrentTaskToDelayedList)
    prvAddCurrentTaskToDelayedList           0x080035fd   Thumb Code    84  tasks.o(i.prvAddCurrentTaskToDelayedList)
    i.prvAddNewTaskToReadyList               0x08003658   Section        0  tasks.o(i.prvAddNewTaskToReadyList)
    prvAddNewTaskToReadyList                 0x08003659   Thumb Code   190  tasks.o(i.prvAddNewTaskToReadyList)
    i.prvCheckForValidListAndQueue           0x08003728   Section        0  timers.o(i.prvCheckForValidListAndQueue)
    prvCheckForValidListAndQueue             0x08003729   Thumb Code    72  timers.o(i.prvCheckForValidListAndQueue)
    i.prvCopyDataFromQueue                   0x08003780   Section        0  queue.o(i.prvCopyDataFromQueue)
    prvCopyDataFromQueue                     0x08003781   Thumb Code    38  queue.o(i.prvCopyDataFromQueue)
    i.prvCopyDataToQueue                     0x080037a6   Section        0  queue.o(i.prvCopyDataToQueue)
    prvCopyDataToQueue                       0x080037a7   Thumb Code   108  queue.o(i.prvCopyDataToQueue)
    i.prvDeleteTCB                           0x08003812   Section        0  tasks.o(i.prvDeleteTCB)
    prvDeleteTCB                             0x08003813   Thumb Code    52  tasks.o(i.prvDeleteTCB)
    i.prvHeapInit                            0x08003848   Section        0  heap_4.o(i.prvHeapInit)
    prvHeapInit                              0x08003849   Thumb Code    66  heap_4.o(i.prvHeapInit)
    i.prvIdleTask                            0x08003894   Section        0  tasks.o(i.prvIdleTask)
    prvIdleTask                              0x08003895   Thumb Code    82  tasks.o(i.prvIdleTask)
    i.prvInitialiseNewQueue                  0x080038f4   Section        0  queue.o(i.prvInitialiseNewQueue)
    prvInitialiseNewQueue                    0x080038f5   Thumb Code    34  queue.o(i.prvInitialiseNewQueue)
    i.prvInitialiseNewTask                   0x08003918   Section        0  tasks.o(i.prvInitialiseNewTask)
    prvInitialiseNewTask                     0x08003919   Thumb Code   176  tasks.o(i.prvInitialiseNewTask)
    i.prvInsertBlockIntoFreeList             0x080039c8   Section        0  heap_4.o(i.prvInsertBlockIntoFreeList)
    prvInsertBlockIntoFreeList               0x080039c9   Thumb Code    72  heap_4.o(i.prvInsertBlockIntoFreeList)
    i.prvInsertTimerInActiveList             0x08003a14   Section        0  timers.o(i.prvInsertTimerInActiveList)
    prvInsertTimerInActiveList               0x08003a15   Thumb Code    52  timers.o(i.prvInsertTimerInActiveList)
    i.prvIsQueueEmpty                        0x08003a4c   Section        0  queue.o(i.prvIsQueueEmpty)
    prvIsQueueEmpty                          0x08003a4d   Thumb Code    28  queue.o(i.prvIsQueueEmpty)
    i.prvProcessReceivedCommands             0x08003a68   Section        0  timers.o(i.prvProcessReceivedCommands)
    prvProcessReceivedCommands               0x08003a69   Thumb Code   248  timers.o(i.prvProcessReceivedCommands)
    i.prvProcessTimerOrBlockTask             0x08003b64   Section        0  timers.o(i.prvProcessTimerOrBlockTask)
    prvProcessTimerOrBlockTask               0x08003b65   Thumb Code   182  timers.o(i.prvProcessTimerOrBlockTask)
    i.prvResetNextTaskUnblockTime            0x08003c24   Section        0  tasks.o(i.prvResetNextTaskUnblockTime)
    prvResetNextTaskUnblockTime              0x08003c25   Thumb Code    26  tasks.o(i.prvResetNextTaskUnblockTime)
    i.prvSampleTimeNow                       0x08003c44   Section        0  timers.o(i.prvSampleTimeNow)
    prvSampleTimeNow                         0x08003c45   Thumb Code    36  timers.o(i.prvSampleTimeNow)
    i.prvSwitchTimerLists                    0x08003c6c   Section        0  timers.o(i.prvSwitchTimerLists)
    prvSwitchTimerLists                      0x08003c6d   Thumb Code   104  timers.o(i.prvSwitchTimerLists)
    i.prvTaskExitError                       0x08003cd8   Section        0  port.o(i.prvTaskExitError)
    prvTaskExitError                         0x08003cd9   Thumb Code    36  port.o(i.prvTaskExitError)
    i.prvTimerTask                           0x08003d00   Section        0  timers.o(i.prvTimerTask)
    prvTimerTask                             0x08003d01   Thumb Code    32  timers.o(i.prvTimerTask)
    i.prvUnlockQueue                         0x08003d24   Section        0  queue.o(i.prvUnlockQueue)
    prvUnlockQueue                           0x08003d25   Thumb Code   106  queue.o(i.prvUnlockQueue)
    i.pvPortMalloc                           0x08003d90   Section        0  heap_4.o(i.pvPortMalloc)
    i.pxPortInitialiseStack                  0x08003e6c   Section        0  port.o(i.pxPortInitialiseStack)
    i.sendMsg                                0x08003e98   Section        0  freertos.o(i.sendMsg)
    i.setPWM                                 0x08003f28   Section        0  n20.o(i.setPWM)
    i.setSpd                                 0x08003fe6   Section        0  n20.o(i.setSpd)
    i.start_task                             0x08004004   Section        0  freertos.o(i.start_task)
    i.updateN20                              0x080040ec   Section        0  n20.o(i.updateN20)
    i.uxListRemove                           0x08004150   Section        0  list.o(i.uxListRemove)
    i.vApplicationGetIdleTaskMemory          0x08004178   Section        0  cmsis_os2.o(i.vApplicationGetIdleTaskMemory)
    i.vApplicationGetTimerTaskMemory         0x0800418c   Section        0  cmsis_os2.o(i.vApplicationGetTimerTaskMemory)
    i.vListInitialise                        0x080041a4   Section        0  list.o(i.vListInitialise)
    i.vListInitialiseItem                    0x080041ba   Section        0  list.o(i.vListInitialiseItem)
    i.vListInsert                            0x080041c0   Section        0  list.o(i.vListInsert)
    i.vListInsertEnd                         0x080041f0   Section        0  list.o(i.vListInsertEnd)
    i.vPortEnterCritical                     0x08004208   Section        0  port.o(i.vPortEnterCritical)
    i.vPortExitCritical                      0x08004248   Section        0  port.o(i.vPortExitCritical)
    i.vPortFree                              0x08004270   Section        0  heap_4.o(i.vPortFree)
    i.vPortSetupTimerInterrupt               0x080042d4   Section        0  port.o(i.vPortSetupTimerInterrupt)
    i.vPortValidateInterruptPriority         0x080042f8   Section        0  port.o(i.vPortValidateInterruptPriority)
    i.vQueueAddToRegistry                    0x0800434c   Section        0  queue.o(i.vQueueAddToRegistry)
    i.vQueueWaitForMessageRestricted         0x08004374   Section        0  queue.o(i.vQueueWaitForMessageRestricted)
    i.vTaskDelay                             0x080043b8   Section        0  tasks.o(i.vTaskDelay)
    i.vTaskDelete                            0x08004404   Section        0  tasks.o(i.vTaskDelete)
    i.vTaskInternalSetTimeOutState           0x08004494   Section        0  tasks.o(i.vTaskInternalSetTimeOutState)
    i.vTaskMissedYield                       0x080044a4   Section        0  tasks.o(i.vTaskMissedYield)
    i.vTaskPlaceOnEventList                  0x080044b0   Section        0  tasks.o(i.vTaskPlaceOnEventList)
    i.vTaskPlaceOnEventListRestricted        0x080044e0   Section        0  tasks.o(i.vTaskPlaceOnEventListRestricted)
    i.vTaskStartScheduler                    0x08004518   Section        0  tasks.o(i.vTaskStartScheduler)
    i.vTaskSuspendAll                        0x080045a0   Section        0  tasks.o(i.vTaskSuspendAll)
    i.vTaskSwitchContext                     0x080045b0   Section        0  tasks.o(i.vTaskSwitchContext)
    i.xPortStartScheduler                    0x08004614   Section        0  port.o(i.xPortStartScheduler)
    i.xPortSysTickHandler                    0x08004708   Section        0  port.o(i.xPortSysTickHandler)
    i.xQueueGenericCreateStatic              0x08004734   Section        0  queue.o(i.xQueueGenericCreateStatic)
    i.xQueueGenericReset                     0x0800479c   Section        0  queue.o(i.xQueueGenericReset)
    i.xQueueGenericSend                      0x08004824   Section        0  queue.o(i.xQueueGenericSend)
    i.xQueueGenericSendFromISR               0x08004984   Section        0  queue.o(i.xQueueGenericSendFromISR)
    i.xQueueReceive                          0x08004a44   Section        0  queue.o(i.xQueueReceive)
    i.xTaskCheckForTimeOut                   0x08004b7c   Section        0  tasks.o(i.xTaskCheckForTimeOut)
    i.xTaskCreate                            0x08004bf0   Section        0  tasks.o(i.xTaskCreate)
    i.xTaskCreateStatic                      0x08004c4a   Section        0  tasks.o(i.xTaskCreateStatic)
    i.xTaskGetSchedulerState                 0x08004ca0   Section        0  tasks.o(i.xTaskGetSchedulerState)
    i.xTaskGetTickCount                      0x08004cbc   Section        0  tasks.o(i.xTaskGetTickCount)
    i.xTaskIncrementTick                     0x08004cc8   Section        0  tasks.o(i.xTaskIncrementTick)
    i.xTaskPriorityDisinherit                0x08004d90   Section        0  tasks.o(i.xTaskPriorityDisinherit)
    i.xTaskRemoveFromEventList               0x08004e10   Section        0  tasks.o(i.xTaskRemoveFromEventList)
    i.xTaskResumeAll                         0x08004e80   Section        0  tasks.o(i.xTaskResumeAll)
    i.xTimerCreateTimerTask                  0x08004f44   Section        0  timers.o(i.xTimerCreateTimerTask)
    i.xTimerGenericCommand                   0x08004fa4   Section        0  timers.o(i.xTimerGenericCommand)
    x$fpl$fpinit                             0x0800500c   Section       10  fpinit.o(x$fpl$fpinit)
    $v0                                      0x0800500c   Number         0  fpinit.o(x$fpl$fpinit)
    .constdata                               0x08005016   Section        8  stm32f4xx_hal_dma.o(.constdata)
    flagBitshiftOffset                       0x08005016   Data           8  stm32f4xx_hal_dma.o(.constdata)
    .constdata                               0x0800501e   Section       16  system_stm32f4xx.o(.constdata)
    .constdata                               0x0800502e   Section        8  system_stm32f4xx.o(.constdata)
    .data                                    0x20000000   Section       36  freertos.o(.data)
    .data                                    0x20000024   Section        6  adc.o(.data)
    .data                                    0x2000002a   Section        4  usart.o(.data)
    .data                                    0x20000030   Section        4  delay.o(.data)
    g_fac_us                                 0x20000030   Data           4  delay.o(.data)
    .data                                    0x20000034   Section       12  stm32f4xx_hal.o(.data)
    .data                                    0x20000040   Section        4  system_stm32f4xx.o(.data)
    .data                                    0x20000044   Section       60  tasks.o(.data)
    uxDeletedTasksWaitingCleanUp             0x20000048   Data           4  tasks.o(.data)
    uxCurrentNumberOfTasks                   0x2000004c   Data           4  tasks.o(.data)
    xTickCount                               0x20000050   Data           4  tasks.o(.data)
    uxTopReadyPriority                       0x20000054   Data           4  tasks.o(.data)
    xSchedulerRunning                        0x20000058   Data           4  tasks.o(.data)
    xPendedTicks                             0x2000005c   Data           4  tasks.o(.data)
    xYieldPending                            0x20000060   Data           4  tasks.o(.data)
    xNumOfOverflows                          0x20000064   Data           4  tasks.o(.data)
    uxTaskNumber                             0x20000068   Data           4  tasks.o(.data)
    xNextTaskUnblockTime                     0x2000006c   Data           4  tasks.o(.data)
    xIdleTaskHandle                          0x20000070   Data           4  tasks.o(.data)
    uxSchedulerSuspended                     0x20000074   Data           4  tasks.o(.data)
    pxDelayedTaskList                        0x20000078   Data           4  tasks.o(.data)
    pxOverflowDelayedTaskList                0x2000007c   Data           4  tasks.o(.data)
    .data                                    0x20000080   Section       20  timers.o(.data)
    xTimerQueue                              0x20000080   Data           4  timers.o(.data)
    xTimerTaskHandle                         0x20000084   Data           4  timers.o(.data)
    xLastTime                                0x20000088   Data           4  timers.o(.data)
    pxCurrentTimerList                       0x2000008c   Data           4  timers.o(.data)
    pxOverflowTimerList                      0x20000090   Data           4  timers.o(.data)
    .data                                    0x20000094   Section        4  cmsis_os2.o(.data)
    KernelState                              0x20000094   Data           4  cmsis_os2.o(.data)
    .data                                    0x20000098   Section       32  heap_4.o(.data)
    pxEnd                                    0x20000098   Data           4  heap_4.o(.data)
    xFreeBytesRemaining                      0x2000009c   Data           4  heap_4.o(.data)
    xMinimumEverFreeBytesRemaining           0x200000a0   Data           4  heap_4.o(.data)
    xNumberOfSuccessfulAllocations           0x200000a4   Data           4  heap_4.o(.data)
    xNumberOfSuccessfulFrees                 0x200000a8   Data           4  heap_4.o(.data)
    xBlockAllocatedBit                       0x200000ac   Data           4  heap_4.o(.data)
    xStart                                   0x200000b0   Data           8  heap_4.o(.data)
    .data                                    0x200000b8   Section       12  port.o(.data)
    ucMaxSysCallPriority                     0x200000b8   Data           1  port.o(.data)
    uxCriticalNesting                        0x200000bc   Data           4  port.o(.data)
    ulMaxPRIGROUPValue                       0x200000c0   Data           4  port.o(.data)
    .data                                    0x200000c4   Section       16  pid.o(.data)
    .bss                                     0x200000d4   Section      336  freertos.o(.bss)
    .bss                                     0x20000224   Section       72  adc.o(.bss)
    .bss                                     0x2000026c   Section      360  tim.o(.bss)
    .bss                                     0x200003d4   Section      268  usart.o(.bss)
    .bss                                     0x200004e0   Section       72  stm32f4xx_hal_timebase_tim.o(.bss)
    .bss                                     0x20000528   Section       64  queue.o(.bss)
    .bss                                     0x20000568   Section     1220  tasks.o(.bss)
    pxReadyTasksLists                        0x20000568   Data        1120  tasks.o(.bss)
    xDelayedTaskList1                        0x200009c8   Data          20  tasks.o(.bss)
    xDelayedTaskList2                        0x200009dc   Data          20  tasks.o(.bss)
    xPendingReadyList                        0x200009f0   Data          20  tasks.o(.bss)
    xTasksWaitingTermination                 0x20000a04   Data          20  tasks.o(.bss)
    xSuspendedTaskList                       0x20000a18   Data          20  tasks.o(.bss)
    .bss                                     0x20000a2c   Section      280  timers.o(.bss)
    xStaticTimerQueue                        0x20000a2c   Data          80  timers.o(.bss)
    ucStaticTimerQueueStorage                0x20000a7c   Data         160  timers.o(.bss)
    xActiveTimerList1                        0x20000b1c   Data          20  timers.o(.bss)
    xActiveTimerList2                        0x20000b30   Data          20  timers.o(.bss)
    .bss                                     0x20000b44   Section     1720  cmsis_os2.o(.bss)
    Idle_TCB                                 0x20000b44   Data          92  cmsis_os2.o(.bss)
    Idle_Stack                               0x20000ba0   Data         512  cmsis_os2.o(.bss)
    Timer_TCB                                0x20000da0   Data          92  cmsis_os2.o(.bss)
    Timer_Stack                              0x20000dfc   Data        1024  cmsis_os2.o(.bss)
    .bss                                     0x200011fc   Section    15360  heap_4.o(.bss)
    ucHeap                                   0x200011fc   Data       15360  heap_4.o(.bss)
    .bss                                     0x20004dfc   Section       96  dma.o(.bss)
    .bss                                     0x20004e5c   Section       96  libspace.o(.bss)
    HEAP                                     0x20004ec0   Section      512  startup_stm32f401xc.o(HEAP)
    Heap_Mem                                 0x20004ec0   Data         512  startup_stm32f401xc.o(HEAP)
    STACK                                    0x200050c0   Section     1024  startup_stm32f401xc.o(STACK)
    Stack_Mem                                0x200050c0   Data        1024  startup_stm32f401xc.o(STACK)
    __initial_sp                             0x200054c0   Data           0  startup_stm32f401xc.o(STACK)

    Global Symbols

    Symbol Name                              Value     Ov Type        Size  Object(Section)

    BuildAttributes$$THM_ISAv4$E$P$D$K$B$S$7EM$VFPi3$EXTD16$VFPS$VFMA$PE$A:L22UL41UL21$X:L11$S22US41US21$IEEE1$IW$USESV6$~STKCKD$USESV7$~SHL$OSPACE$ROPI$EBA8$UX$STANDARDLIB$REQ8$PRES8$EABIv2 0x00000000   Number         0  anon$$obj.o ABSOLUTE
    __ARM_use_no_argv                        0x00000000   Number         0  main.o ABSOLUTE
    __ARM_exceptions_init                     - Undefined Weak Reference
    __alloca_initialize                       - Undefined Weak Reference
    __arm_preinit_                            - Undefined Weak Reference
    __cpp_initialize__aeabi_                  - Undefined Weak Reference
    __cxa_finalize                            - Undefined Weak Reference
    __rt_locale                               - Undefined Weak Reference
    __sigvec_lookup                           - Undefined Weak Reference
    _atexit_init                              - Undefined Weak Reference
    _call_atexit_fns                          - Undefined Weak Reference
    _clock_init                               - Undefined Weak Reference
    _fp_trap_init                             - Undefined Weak Reference
    _fp_trap_shutdown                         - Undefined Weak Reference
    _get_lc_collate                           - Undefined Weak Reference
    _get_lc_ctype                             - Undefined Weak Reference
    _get_lc_monetary                          - Undefined Weak Reference
    _get_lc_numeric                           - Undefined Weak Reference
    _get_lc_time                              - Undefined Weak Reference
    _getenv_init                              - Undefined Weak Reference
    _handle_redirection                       - Undefined Weak Reference
    _init_alloc                               - Undefined Weak Reference
    _init_user_alloc                          - Undefined Weak Reference
    _initio                                   - Undefined Weak Reference
    _rand_init                                - Undefined Weak Reference
    _signal_finish                            - Undefined Weak Reference
    _signal_init                              - Undefined Weak Reference
    _terminate_alloc                          - Undefined Weak Reference
    _terminate_user_alloc                     - Undefined Weak Reference
    _terminateio                              - Undefined Weak Reference
    __Vectors_Size                           0x00000194   Number         0  startup_stm32f401xc.o ABSOLUTE
    __Vectors                                0x08000000   Data           4  startup_stm32f401xc.o(RESET)
    __Vectors_End                            0x08000194   Data           0  startup_stm32f401xc.o(RESET)
    __main                                   0x08000195   Thumb Code     8  __main.o(!!!main)
    __scatterload                            0x0800019d   Thumb Code     0  __scatter.o(!!!scatter)
    __scatterload_rt2                        0x0800019d   Thumb Code    44  __scatter.o(!!!scatter)
    __scatterload_rt2_thumb_only             0x0800019d   Thumb Code     0  __scatter.o(!!!scatter)
    __scatterload_null                       0x080001ab   Thumb Code     0  __scatter.o(!!!scatter)
    __scatterload_copy                       0x080001d1   Thumb Code    26  __scatter_copy.o(!!handler_copy)
    __scatterload_zeroinit                   0x080001ed   Thumb Code    28  __scatter_zi.o(!!handler_zi)
    __rt_lib_init                            0x08000209   Thumb Code     0  libinit.o(.ARM.Collect$$libinit$$00000000)
    __rt_lib_init_fp_1                       0x0800020b   Thumb Code     0  libinit2.o(.ARM.Collect$$libinit$$00000001)
    __rt_lib_init_alloca_1                   0x0800020f   Thumb Code     0  libinit2.o(.ARM.Collect$$libinit$$0000002E)
    __rt_lib_init_argv_1                     0x0800020f   Thumb Code     0  libinit2.o(.ARM.Collect$$libinit$$0000002C)
    __rt_lib_init_atexit_1                   0x0800020f   Thumb Code     0  libinit2.o(.ARM.Collect$$libinit$$0000001B)
    __rt_lib_init_clock_1                    0x0800020f   Thumb Code     0  libinit2.o(.ARM.Collect$$libinit$$00000021)
    __rt_lib_init_cpp_1                      0x0800020f   Thumb Code     0  libinit2.o(.ARM.Collect$$libinit$$00000032)
    __rt_lib_init_exceptions_1               0x0800020f   Thumb Code     0  libinit2.o(.ARM.Collect$$libinit$$00000030)
    __rt_lib_init_fp_trap_1                  0x0800020f   Thumb Code     0  libinit2.o(.ARM.Collect$$libinit$$0000001F)
    __rt_lib_init_getenv_1                   0x0800020f   Thumb Code     0  libinit2.o(.ARM.Collect$$libinit$$00000023)
    __rt_lib_init_heap_1                     0x0800020f   Thumb Code     0  libinit2.o(.ARM.Collect$$libinit$$0000000A)
    __rt_lib_init_lc_collate_1               0x0800020f   Thumb Code     0  libinit2.o(.ARM.Collect$$libinit$$00000011)
    __rt_lib_init_lc_ctype_1                 0x0800020f   Thumb Code     0  libinit2.o(.ARM.Collect$$libinit$$00000013)
    __rt_lib_init_lc_monetary_1              0x0800020f   Thumb Code     0  libinit2.o(.ARM.Collect$$libinit$$00000015)
    __rt_lib_init_lc_numeric_1               0x0800020f   Thumb Code     0  libinit2.o(.ARM.Collect$$libinit$$00000017)
    __rt_lib_init_lc_time_1                  0x0800020f   Thumb Code     0  libinit2.o(.ARM.Collect$$libinit$$00000019)
    __rt_lib_init_preinit_1                  0x0800020f   Thumb Code     0  libinit2.o(.ARM.Collect$$libinit$$00000004)
    __rt_lib_init_rand_1                     0x0800020f   Thumb Code     0  libinit2.o(.ARM.Collect$$libinit$$0000000E)
    __rt_lib_init_return                     0x0800020f   Thumb Code     0  libinit2.o(.ARM.Collect$$libinit$$00000033)
    __rt_lib_init_signal_1                   0x0800020f   Thumb Code     0  libinit2.o(.ARM.Collect$$libinit$$0000001D)
    __rt_lib_init_stdio_1                    0x0800020f   Thumb Code     0  libinit2.o(.ARM.Collect$$libinit$$00000025)
    __rt_lib_init_user_alloc_1               0x0800020f   Thumb Code     0  libinit2.o(.ARM.Collect$$libinit$$0000000C)
    __rt_lib_shutdown                        0x08000211   Thumb Code     0  libshutdown.o(.ARM.Collect$$libshutdown$$00000000)
    __rt_lib_shutdown_cpp_1                  0x08000213   Thumb Code     0  libshutdown2.o(.ARM.Collect$$libshutdown$$00000002)
    __rt_lib_shutdown_fp_trap_1              0x08000213   Thumb Code     0  libshutdown2.o(.ARM.Collect$$libshutdown$$00000007)
    __rt_lib_shutdown_heap_1                 0x08000213   Thumb Code     0  libshutdown2.o(.ARM.Collect$$libshutdown$$0000000F)
    __rt_lib_shutdown_return                 0x08000213   Thumb Code     0  libshutdown2.o(.ARM.Collect$$libshutdown$$00000010)
    __rt_lib_shutdown_signal_1               0x08000213   Thumb Code     0  libshutdown2.o(.ARM.Collect$$libshutdown$$0000000A)
    __rt_lib_shutdown_stdio_1                0x08000213   Thumb Code     0  libshutdown2.o(.ARM.Collect$$libshutdown$$00000004)
    __rt_lib_shutdown_user_alloc_1           0x08000213   Thumb Code     0  libshutdown2.o(.ARM.Collect$$libshutdown$$0000000C)
    __rt_entry                               0x08000215   Thumb Code     0  __rtentry.o(.ARM.Collect$$rtentry$$00000000)
    __rt_entry_presh_1                       0x08000215   Thumb Code     0  __rtentry2.o(.ARM.Collect$$rtentry$$00000002)
    __rt_entry_sh                            0x08000215   Thumb Code     0  __rtentry4.o(.ARM.Collect$$rtentry$$00000004)
    __rt_entry_li                            0x0800021b   Thumb Code     0  __rtentry2.o(.ARM.Collect$$rtentry$$0000000A)
    __rt_entry_postsh_1                      0x0800021b   Thumb Code     0  __rtentry2.o(.ARM.Collect$$rtentry$$00000009)
    __rt_entry_main                          0x0800021f   Thumb Code     0  __rtentry2.o(.ARM.Collect$$rtentry$$0000000D)
    __rt_entry_postli_1                      0x0800021f   Thumb Code     0  __rtentry2.o(.ARM.Collect$$rtentry$$0000000C)
    __rt_exit                                0x08000227   Thumb Code     0  rtexit.o(.ARM.Collect$$rtexit$$00000000)
    __rt_exit_ls                             0x08000229   Thumb Code     0  rtexit2.o(.ARM.Collect$$rtexit$$00000003)
    __rt_exit_prels_1                        0x08000229   Thumb Code     0  rtexit2.o(.ARM.Collect$$rtexit$$00000002)
    __rt_exit_exit                           0x0800022d   Thumb Code     0  rtexit2.o(.ARM.Collect$$rtexit$$00000004)
    SVC_Handler                              0x08000235   Thumb Code    28  port.o(.emb_text)
    __asm___6_port_c_39a90d8d__prvStartFirstTask 0x08000255   Thumb Code    36  port.o(.emb_text)
    __asm___6_port_c_39a90d8d__prvEnableVFP  0x0800027d   Thumb Code    16  port.o(.emb_text)
    PendSV_Handler                           0x08000291   Thumb Code    88  port.o(.emb_text)
    vPortGetIPSR                             0x080002ed   Thumb Code     6  port.o(.emb_text)
    Reset_Handler                            0x080002f5   Thumb Code     8  startup_stm32f401xc.o(.text)
    DMA1_Stream0_IRQHandler                  0x0800030f   Thumb Code     0  startup_stm32f401xc.o(.text)
    DMA1_Stream1_IRQHandler                  0x0800030f   Thumb Code     0  startup_stm32f401xc.o(.text)
    DMA1_Stream2_IRQHandler                  0x0800030f   Thumb Code     0  startup_stm32f401xc.o(.text)
    DMA1_Stream3_IRQHandler                  0x0800030f   Thumb Code     0  startup_stm32f401xc.o(.text)
    DMA1_Stream4_IRQHandler                  0x0800030f   Thumb Code     0  startup_stm32f401xc.o(.text)
    DMA1_Stream5_IRQHandler                  0x0800030f   Thumb Code     0  startup_stm32f401xc.o(.text)
    DMA1_Stream6_IRQHandler                  0x0800030f   Thumb Code     0  startup_stm32f401xc.o(.text)
    DMA1_Stream7_IRQHandler                  0x0800030f   Thumb Code     0  startup_stm32f401xc.o(.text)
    DMA2_Stream0_IRQHandler                  0x0800030f   Thumb Code     0  startup_stm32f401xc.o(.text)
    DMA2_Stream1_IRQHandler                  0x0800030f   Thumb Code     0  startup_stm32f401xc.o(.text)
    DMA2_Stream2_IRQHandler                  0x0800030f   Thumb Code     0  startup_stm32f401xc.o(.text)
    DMA2_Stream3_IRQHandler                  0x0800030f   Thumb Code     0  startup_stm32f401xc.o(.text)
    DMA2_Stream4_IRQHandler                  0x0800030f   Thumb Code     0  startup_stm32f401xc.o(.text)
    DMA2_Stream5_IRQHandler                  0x0800030f   Thumb Code     0  startup_stm32f401xc.o(.text)
    DMA2_Stream6_IRQHandler                  0x0800030f   Thumb Code     0  startup_stm32f401xc.o(.text)
    DMA2_Stream7_IRQHandler                  0x0800030f   Thumb Code     0  startup_stm32f401xc.o(.text)
    EXTI0_IRQHandler                         0x0800030f   Thumb Code     0  startup_stm32f401xc.o(.text)
    EXTI15_10_IRQHandler                     0x0800030f   Thumb Code     0  startup_stm32f401xc.o(.text)
    EXTI1_IRQHandler                         0x0800030f   Thumb Code     0  startup_stm32f401xc.o(.text)
    EXTI2_IRQHandler                         0x0800030f   Thumb Code     0  startup_stm32f401xc.o(.text)
    EXTI3_IRQHandler                         0x0800030f   Thumb Code     0  startup_stm32f401xc.o(.text)
    EXTI4_IRQHandler                         0x0800030f   Thumb Code     0  startup_stm32f401xc.o(.text)
    EXTI9_5_IRQHandler                       0x0800030f   Thumb Code     0  startup_stm32f401xc.o(.text)
    FLASH_IRQHandler                         0x0800030f   Thumb Code     0  startup_stm32f401xc.o(.text)
    FPU_IRQHandler                           0x0800030f   Thumb Code     0  startup_stm32f401xc.o(.text)
    I2C1_ER_IRQHandler                       0x0800030f   Thumb Code     0  startup_stm32f401xc.o(.text)
    I2C1_EV_IRQHandler                       0x0800030f   Thumb Code     0  startup_stm32f401xc.o(.text)
    I2C2_ER_IRQHandler                       0x0800030f   Thumb Code     0  startup_stm32f401xc.o(.text)
    I2C2_EV_IRQHandler                       0x0800030f   Thumb Code     0  startup_stm32f401xc.o(.text)
    I2C3_ER_IRQHandler                       0x0800030f   Thumb Code     0  startup_stm32f401xc.o(.text)
    I2C3_EV_IRQHandler                       0x0800030f   Thumb Code     0  startup_stm32f401xc.o(.text)
    OTG_FS_IRQHandler                        0x0800030f   Thumb Code     0  startup_stm32f401xc.o(.text)
    OTG_FS_WKUP_IRQHandler                   0x0800030f   Thumb Code     0  startup_stm32f401xc.o(.text)
    PVD_IRQHandler                           0x0800030f   Thumb Code     0  startup_stm32f401xc.o(.text)
    RCC_IRQHandler                           0x0800030f   Thumb Code     0  startup_stm32f401xc.o(.text)
    RTC_Alarm_IRQHandler                     0x0800030f   Thumb Code     0  startup_stm32f401xc.o(.text)
    RTC_WKUP_IRQHandler                      0x0800030f   Thumb Code     0  startup_stm32f401xc.o(.text)
    SDIO_IRQHandler                          0x0800030f   Thumb Code     0  startup_stm32f401xc.o(.text)
    SPI1_IRQHandler                          0x0800030f   Thumb Code     0  startup_stm32f401xc.o(.text)
    SPI2_IRQHandler                          0x0800030f   Thumb Code     0  startup_stm32f401xc.o(.text)
    SPI3_IRQHandler                          0x0800030f   Thumb Code     0  startup_stm32f401xc.o(.text)
    SPI4_IRQHandler                          0x0800030f   Thumb Code     0  startup_stm32f401xc.o(.text)
    TAMP_STAMP_IRQHandler                    0x0800030f   Thumb Code     0  startup_stm32f401xc.o(.text)
    TIM1_CC_IRQHandler                       0x0800030f   Thumb Code     0  startup_stm32f401xc.o(.text)
    TIM1_TRG_COM_TIM11_IRQHandler            0x0800030f   Thumb Code     0  startup_stm32f401xc.o(.text)
    TIM1_UP_TIM10_IRQHandler                 0x0800030f   Thumb Code     0  startup_stm32f401xc.o(.text)
    TIM2_IRQHandler                          0x0800030f   Thumb Code     0  startup_stm32f401xc.o(.text)
    TIM3_IRQHandler                          0x0800030f   Thumb Code     0  startup_stm32f401xc.o(.text)
    TIM4_IRQHandler                          0x0800030f   Thumb Code     0  startup_stm32f401xc.o(.text)
    TIM5_IRQHandler                          0x0800030f   Thumb Code     0  startup_stm32f401xc.o(.text)
    USART2_IRQHandler                        0x0800030f   Thumb Code     0  startup_stm32f401xc.o(.text)
    USART6_IRQHandler                        0x0800030f   Thumb Code     0  startup_stm32f401xc.o(.text)
    WWDG_IRQHandler                          0x0800030f   Thumb Code     0  startup_stm32f401xc.o(.text)
    __user_initial_stackheap                 0x08000311   Thumb Code     0  startup_stm32f401xc.o(.text)
    __use_no_semihosting                     0x08000335   Thumb Code     2  use_no_semi_2.o(.text)
    __aeabi_uldivmod                         0x08000337   Thumb Code     0  lludivv7m.o(.text)
    _ll_udiv                                 0x08000337   Thumb Code   238  lludivv7m.o(.text)
    __aeabi_memcpy                           0x08000425   Thumb Code     0  rt_memcpy_v6.o(.text)
    __rt_memcpy                              0x08000425   Thumb Code   138  rt_memcpy_v6.o(.text)
    _memcpy_lastbytes                        0x0800048b   Thumb Code     0  rt_memcpy_v6.o(.text)
    __aeabi_memset                           0x080004af   Thumb Code    16  aeabi_memset.o(.text)
    __aeabi_memclr4                          0x080004bf   Thumb Code     0  rt_memclr_w.o(.text)
    __aeabi_memclr8                          0x080004bf   Thumb Code     0  rt_memclr_w.o(.text)
    __rt_memclr_w                            0x080004bf   Thumb Code    78  rt_memclr_w.o(.text)
    _memset_w                                0x080004c3   Thumb Code     0  rt_memclr_w.o(.text)
    __use_two_region_memory                  0x0800050d   Thumb Code     2  heapauxi.o(.text)
    __rt_heap_escrow$2region                 0x0800050f   Thumb Code     2  heapauxi.o(.text)
    __rt_heap_expand$2region                 0x08000511   Thumb Code     2  heapauxi.o(.text)
    __semihosting$guard                      0x08000513   Thumb Code     0  use_no_semi.o(.text)
    __use_no_semihosting_swi                 0x08000513   Thumb Code     2  use_no_semi.o(.text)
    __aeabi_memcpy4                          0x08000515   Thumb Code     0  rt_memcpy_w.o(.text)
    __aeabi_memcpy8                          0x08000515   Thumb Code     0  rt_memcpy_w.o(.text)
    __rt_memcpy_w                            0x08000515   Thumb Code   100  rt_memcpy_w.o(.text)
    _memcpy_lastbytes_aligned                0x0800055d   Thumb Code     0  rt_memcpy_w.o(.text)
    __aeabi_memclr                           0x08000579   Thumb Code     0  rt_memclr.o(.text)
    __rt_memclr                              0x08000579   Thumb Code    68  rt_memclr.o(.text)
    _memset                                  0x0800057d   Thumb Code     0  rt_memclr.o(.text)
    __user_setup_stackheap                   0x080005bd   Thumb Code    74  sys_stackheap_outer.o(.text)
    exit                                     0x08000607   Thumb Code    18  exit.o(.text)
    __user_libspace                          0x08000619   Thumb Code     8  libspace.o(.text)
    __user_perproc_libspace                  0x08000619   Thumb Code     0  libspace.o(.text)
    __user_perthread_libspace                0x08000619   Thumb Code     0  libspace.o(.text)
    ADC_IRQHandler                           0x08000621   Thumb Code     6  stm32f4xx_it.o(i.ADC_IRQHandler)
    ADC_Task                                 0x08000755   Thumb Code    52  freertos.o(i.ADC_Task)
    BusFault_Handler                         0x08000791   Thumb Code     2  stm32f4xx_it.o(i.BusFault_Handler)
    CMD_Task                                 0x08000795   Thumb Code   220  freertos.o(i.CMD_Task)
    DebugMon_Handler                         0x0800092d   Thumb Code     2  stm32f4xx_it.o(i.DebugMon_Handler)
    Error_Handler                            0x0800092f   Thumb Code     4  sys.o(i.Error_Handler)
    HAL_ADCEx_InjectedConvCpltCallback       0x08000933   Thumb Code     2  stm32f4xx_hal_adc_ex.o(i.HAL_ADCEx_InjectedConvCpltCallback)
    HAL_ADC_ConfigChannel                    0x08000935   Thumb Code   316  stm32f4xx_hal_adc.o(i.HAL_ADC_ConfigChannel)
    HAL_ADC_ConvCpltCallback                 0x08000a81   Thumb Code    38  adc.o(i.HAL_ADC_ConvCpltCallback)
    HAL_ADC_ErrorCallback                    0x08000ab5   Thumb Code     2  stm32f4xx_hal_adc.o(i.HAL_ADC_ErrorCallback)
    HAL_ADC_GetValue                         0x08000ab7   Thumb Code     6  stm32f4xx_hal_adc.o(i.HAL_ADC_GetValue)
    HAL_ADC_IRQHandler                       0x08000abd   Thumb Code   302  stm32f4xx_hal_adc.o(i.HAL_ADC_IRQHandler)
    HAL_ADC_Init                             0x08000beb   Thumb Code    84  stm32f4xx_hal_adc.o(i.HAL_ADC_Init)
    HAL_ADC_LevelOutOfWindowCallback         0x08000c3f   Thumb Code     2  stm32f4xx_hal_adc.o(i.HAL_ADC_LevelOutOfWindowCallback)
    HAL_ADC_MspInit                          0x08000c41   Thumb Code   132  adc.o(i.HAL_ADC_MspInit)
    HAL_ADC_PollForConversion                0x08000cd5   Thumb Code   170  stm32f4xx_hal_adc.o(i.HAL_ADC_PollForConversion)
    HAL_ADC_Start                            0x08000d81   Thumb Code   188  stm32f4xx_hal_adc.o(i.HAL_ADC_Start)
    HAL_ADC_Stop                             0x08000e4d   Thumb Code    60  stm32f4xx_hal_adc.o(i.HAL_ADC_Stop)
    HAL_DMA_Abort                            0x08000e89   Thumb Code   146  stm32f4xx_hal_dma.o(i.HAL_DMA_Abort)
    HAL_DMA_Abort_IT                         0x08000f1b   Thumb Code    36  stm32f4xx_hal_dma.o(i.HAL_DMA_Abort_IT)
    HAL_DMA_DeInit                           0x08000f3f   Thumb Code    98  stm32f4xx_hal_dma.o(i.HAL_DMA_DeInit)
    HAL_DMA_Init                             0x08000fa1   Thumb Code   206  stm32f4xx_hal_dma.o(i.HAL_DMA_Init)
    HAL_DMA_Start_IT                         0x08001075   Thumb Code   110  stm32f4xx_hal_dma.o(i.HAL_DMA_Start_IT)
    HAL_GPIO_Init                            0x080010e5   Thumb Code   446  stm32f4xx_hal_gpio.o(i.HAL_GPIO_Init)
    HAL_GPIO_WritePin                        0x080012c5   Thumb Code    10  stm32f4xx_hal_gpio.o(i.HAL_GPIO_WritePin)
    HAL_GetTick                              0x080012d1   Thumb Code     6  stm32f4xx_hal.o(i.HAL_GetTick)
    HAL_IncTick                              0x080012dd   Thumb Code    12  stm32f4xx_hal.o(i.HAL_IncTick)
    HAL_Init                                 0x080012ed   Thumb Code    48  stm32f4xx_hal.o(i.HAL_Init)
    HAL_InitTick                             0x08001321   Thumb Code   118  stm32f4xx_hal_timebase_tim.o(i.HAL_InitTick)
    HAL_MspInit                              0x080013ad   Thumb Code    52  stm32f4xx_hal_msp.o(i.HAL_MspInit)
    HAL_NVIC_EnableIRQ                       0x080013e5   Thumb Code    26  stm32f4xx_hal_cortex.o(i.HAL_NVIC_EnableIRQ)
    HAL_NVIC_SetPriority                     0x08001401   Thumb Code    60  stm32f4xx_hal_cortex.o(i.HAL_NVIC_SetPriority)
    HAL_NVIC_SetPriorityGrouping             0x08001441   Thumb Code    26  stm32f4xx_hal_cortex.o(i.HAL_NVIC_SetPriorityGrouping)
    HAL_RCC_ClockConfig                      0x08001465   Thumb Code   288  stm32f4xx_hal_rcc.o(i.HAL_RCC_ClockConfig)
    HAL_RCC_GetClockConfig                   0x08001599   Thumb Code    54  stm32f4xx_hal_rcc.o(i.HAL_RCC_GetClockConfig)
    HAL_RCC_GetPCLK1Freq                     0x080015d9   Thumb Code    20  stm32f4xx_hal_rcc.o(i.HAL_RCC_GetPCLK1Freq)
    HAL_RCC_GetPCLK2Freq                     0x080015f9   Thumb Code    20  stm32f4xx_hal_rcc.o(i.HAL_RCC_GetPCLK2Freq)
    HAL_RCC_GetSysClockFreq                  0x08001619   Thumb Code    88  stm32f4xx_hal_rcc.o(i.HAL_RCC_GetSysClockFreq)
    HAL_RCC_OscConfig                        0x0800167d   Thumb Code   856  stm32f4xx_hal_rcc.o(i.HAL_RCC_OscConfig)
    HAL_SYSTICK_CLKSourceConfig              0x080019e9   Thumb Code    24  stm32f4xx_hal_cortex.o(i.HAL_SYSTICK_CLKSourceConfig)
    HAL_TIMEx_BreakCallback                  0x08001a01   Thumb Code     2  stm32f4xx_hal_tim_ex.o(i.HAL_TIMEx_BreakCallback)
    HAL_TIMEx_CommutCallback                 0x08001a03   Thumb Code     2  stm32f4xx_hal_tim_ex.o(i.HAL_TIMEx_CommutCallback)
    HAL_TIMEx_ConfigBreakDeadTime            0x08001a05   Thumb Code    84  stm32f4xx_hal_tim_ex.o(i.HAL_TIMEx_ConfigBreakDeadTime)
    HAL_TIMEx_MasterConfigSynchronization    0x08001a59   Thumb Code   104  stm32f4xx_hal_tim_ex.o(i.HAL_TIMEx_MasterConfigSynchronization)
    HAL_TIM_Base_Init                        0x08001ad5   Thumb Code    90  stm32f4xx_hal_tim.o(i.HAL_TIM_Base_Init)
    HAL_TIM_Base_MspInit                     0x08001b31   Thumb Code    76  tim.o(i.HAL_TIM_Base_MspInit)
    HAL_TIM_Base_Start_IT                    0x08001b85   Thumb Code    88  stm32f4xx_hal_tim.o(i.HAL_TIM_Base_Start_IT)
    HAL_TIM_ConfigClockSource                0x08001bf1   Thumb Code   220  stm32f4xx_hal_tim.o(i.HAL_TIM_ConfigClockSource)
    HAL_TIM_Encoder_Init                     0x08001ccd   Thumb Code   164  stm32f4xx_hal_tim.o(i.HAL_TIM_Encoder_Init)
    HAL_TIM_Encoder_MspInit                  0x08001d71   Thumb Code   192  tim.o(i.HAL_TIM_Encoder_MspInit)
    HAL_TIM_Encoder_Start                    0x08001e49   Thumb Code   142  stm32f4xx_hal_tim.o(i.HAL_TIM_Encoder_Start)
    HAL_TIM_IC_CaptureCallback               0x08001ed7   Thumb Code     2  stm32f4xx_hal_tim.o(i.HAL_TIM_IC_CaptureCallback)
    HAL_TIM_IRQHandler                       0x08001ed9   Thumb Code   358  stm32f4xx_hal_tim.o(i.HAL_TIM_IRQHandler)
    HAL_TIM_MspPostInit                      0x08002041   Thumb Code   144  tim.o(i.HAL_TIM_MspPostInit)
    HAL_TIM_OC_DelayElapsedCallback          0x080020e1   Thumb Code     2  stm32f4xx_hal_tim.o(i.HAL_TIM_OC_DelayElapsedCallback)
    HAL_TIM_PWM_ConfigChannel                0x080020e3   Thumb Code   204  stm32f4xx_hal_tim.o(i.HAL_TIM_PWM_ConfigChannel)
    HAL_TIM_PWM_Init                         0x080021af   Thumb Code    90  stm32f4xx_hal_tim.o(i.HAL_TIM_PWM_Init)
    HAL_TIM_PWM_MspInit                      0x08002209   Thumb Code     2  stm32f4xx_hal_tim.o(i.HAL_TIM_PWM_MspInit)
    HAL_TIM_PWM_PulseFinishedCallback        0x0800220b   Thumb Code     2  stm32f4xx_hal_tim.o(i.HAL_TIM_PWM_PulseFinishedCallback)
    HAL_TIM_PWM_Start                        0x0800220d   Thumb Code   156  stm32f4xx_hal_tim.o(i.HAL_TIM_PWM_Start)
    HAL_TIM_PeriodElapsedCallback            0x080022bd   Thumb Code    14  main.o(i.HAL_TIM_PeriodElapsedCallback)
    HAL_TIM_TriggerCallback                  0x080022d1   Thumb Code     2  stm32f4xx_hal_tim.o(i.HAL_TIM_TriggerCallback)
    HAL_UARTEx_RxEventCallback               0x080022d3   Thumb Code     2  stm32f4xx_hal_uart.o(i.HAL_UARTEx_RxEventCallback)
    HAL_UART_DMAStop                         0x080022d5   Thumb Code   112  stm32f4xx_hal_uart.o(i.HAL_UART_DMAStop)
    HAL_UART_ErrorCallback                   0x08002345   Thumb Code     2  stm32f4xx_hal_uart.o(i.HAL_UART_ErrorCallback)
    HAL_UART_IRQHandler                      0x08002349   Thumb Code   610  stm32f4xx_hal_uart.o(i.HAL_UART_IRQHandler)
    HAL_UART_Init                            0x080025b1   Thumb Code    98  stm32f4xx_hal_uart.o(i.HAL_UART_Init)
    HAL_UART_MspInit                         0x08002615   Thumb Code   110  usart.o(i.HAL_UART_MspInit)
    HAL_UART_Receive_IT                      0x08002691   Thumb Code    42  stm32f4xx_hal_uart.o(i.HAL_UART_Receive_IT)
    HAL_UART_RxCpltCallback                  0x080026bd   Thumb Code    90  usart.o(i.HAL_UART_RxCpltCallback)
    HAL_UART_Transmit_DMA                    0x08002725   Thumb Code   126  stm32f4xx_hal_uart.o(i.HAL_UART_Transmit_DMA)
    HAL_UART_TxCpltCallback                  0x080027b1   Thumb Code     2  stm32f4xx_hal_uart.o(i.HAL_UART_TxCpltCallback)
    HAL_UART_TxHalfCpltCallback              0x080027b3   Thumb Code     2  stm32f4xx_hal_uart.o(i.HAL_UART_TxHalfCpltCallback)
    HardFault_Handler                        0x080027b5   Thumb Code     2  stm32f4xx_it.o(i.HardFault_Handler)
    MX_ADC1_Init                             0x080027b9   Thumb Code   128  adc.o(i.MX_ADC1_Init)
    MX_FREERTOS_Init                         0x08002845   Thumb Code    24  freertos.o(i.MX_FREERTOS_Init)
    MX_GPIO_Init                             0x08002871   Thumb Code   118  gpio.o(i.MX_GPIO_Init)
    MX_TIM1_Init                             0x080028f1   Thumb Code   226  tim.o(i.MX_TIM1_Init)
    MX_TIM2_Init                             0x080029dd   Thumb Code   230  tim.o(i.MX_TIM2_Init)
    MX_TIM3_Init                             0x08002ac9   Thumb Code   106  tim.o(i.MX_TIM3_Init)
    MX_TIM4_Init                             0x08002b3d   Thumb Code   116  tim.o(i.MX_TIM4_Init)
    MX_TIM5_Init                             0x08002bb9   Thumb Code   116  tim.o(i.MX_TIM5_Init)
    MX_USART1_UART_Init                      0x08002c35   Thumb Code    54  usart.o(i.MX_USART1_UART_Init)
    MemManage_Handler                        0x08002c79   Thumb Code     2  stm32f4xx_it.o(i.MemManage_Handler)
    N20_Task                                 0x08002c7d   Thumb Code    88  freertos.o(i.N20_Task)
    NMI_Handler                              0x08002cd9   Thumb Code     2  stm32f4xx_it.o(i.NMI_Handler)
    PID                                      0x08002cdd   Thumb Code   204  pid.o(i.PID)
    SysTick_Handler                          0x08002db1   Thumb Code    26  cmsis_os2.o(i.SysTick_Handler)
    SystemClock_Config                       0x08002dcd   Thumb Code   134  main.o(i.SystemClock_Config)
    SystemInit                               0x08002e5d   Thumb Code    12  system_stm32f4xx.o(i.SystemInit)
    TIM1_BRK_TIM9_IRQHandler                 0x08002e6d   Thumb Code    18  stm32f4xx_it.o(i.TIM1_BRK_TIM9_IRQHandler)
    TIM_Base_SetConfig                       0x08002e89   Thumb Code   122  stm32f4xx_hal_tim.o(i.TIM_Base_SetConfig)
    TIM_CCxChannelCmd                        0x08002f21   Thumb Code    26  stm32f4xx_hal_tim.o(i.TIM_CCxChannelCmd)
    TIM_ETR_SetConfig                        0x08002f3b   Thumb Code    20  stm32f4xx_hal_tim.o(i.TIM_ETR_SetConfig)
    TIM_OC2_SetConfig                        0x08002fb1   Thumb Code    84  stm32f4xx_hal_tim.o(i.TIM_OC2_SetConfig)
    UART_Start_Receive_IT                    0x080033c9   Thumb Code    58  stm32f4xx_hal_uart.o(i.UART_Start_Receive_IT)
    USART1_IRQHandler                        0x08003405   Thumb Code     6  stm32f4xx_it.o(i.USART1_IRQHandler)
    UsageFault_Handler                       0x08003411   Thumb Code     2  stm32f4xx_it.o(i.UsageFault_Handler)
    _sys_exit                                0x08003433   Thumb Code     2  usart.o(i._sys_exit)
    delay_init                               0x08003435   Thumb Code    16  delay.o(i.delay_init)
    dma_init                                 0x08003449   Thumb Code   100  dma.o(i.dma_init)
    initN20                                  0x080034bd   Thumb Code    86  n20.o(i.initN20)
    lowPassInit                              0x08003525   Thumb Code    14  filters.o(i.lowPassInit)
    main                                     0x08003539   Thumb Code    70  main.o(i.main)
    osDelay                                  0x08003585   Thumb Code    26  cmsis_os2.o(i.osDelay)
    osKernelInitialize                       0x080035a1   Thumb Code    32  cmsis_os2.o(i.osKernelInitialize)
    osKernelStart                            0x080035c5   Thumb Code    48  cmsis_os2.o(i.osKernelStart)
    pvPortMalloc                             0x08003d91   Thumb Code   216  heap_4.o(i.pvPortMalloc)
    pxPortInitialiseStack                    0x08003e6d   Thumb Code    40  port.o(i.pxPortInitialiseStack)
    sendMsg                                  0x08003e99   Thumb Code   128  freertos.o(i.sendMsg)
    setPWM                                   0x08003f29   Thumb Code   190  n20.o(i.setPWM)
    setSpd                                   0x08003fe7   Thumb Code    28  n20.o(i.setSpd)
    start_task                               0x08004005   Thumb Code   164  freertos.o(i.start_task)
    updateN20                                0x080040ed   Thumb Code    94  n20.o(i.updateN20)
    uxListRemove                             0x08004151   Thumb Code    38  list.o(i.uxListRemove)
    vApplicationGetIdleTaskMemory            0x08004179   Thumb Code    16  cmsis_os2.o(i.vApplicationGetIdleTaskMemory)
    vApplicationGetTimerTaskMemory           0x0800418d   Thumb Code    18  cmsis_os2.o(i.vApplicationGetTimerTaskMemory)
    vListInitialise                          0x080041a5   Thumb Code    22  list.o(i.vListInitialise)
    vListInitialiseItem                      0x080041bb   Thumb Code     6  list.o(i.vListInitialiseItem)
    vListInsert                              0x080041c1   Thumb Code    48  list.o(i.vListInsert)
    vListInsertEnd                           0x080041f1   Thumb Code    24  list.o(i.vListInsertEnd)
    vPortEnterCritical                       0x08004209   Thumb Code    54  port.o(i.vPortEnterCritical)
    vPortExitCritical                        0x08004249   Thumb Code    34  port.o(i.vPortExitCritical)
    vPortFree                                0x08004271   Thumb Code    94  heap_4.o(i.vPortFree)
    vPortSetupTimerInterrupt                 0x080042d5   Thumb Code    32  port.o(i.vPortSetupTimerInterrupt)
    vPortValidateInterruptPriority           0x080042f9   Thumb Code    74  port.o(i.vPortValidateInterruptPriority)
    vQueueAddToRegistry                      0x0800434d   Thumb Code    34  queue.o(i.vQueueAddToRegistry)
    vQueueWaitForMessageRestricted           0x08004375   Thumb Code    68  queue.o(i.vQueueWaitForMessageRestricted)
    vTaskDelay                               0x080043b9   Thumb Code    66  tasks.o(i.vTaskDelay)
    vTaskDelete                              0x08004405   Thumb Code   130  tasks.o(i.vTaskDelete)
    vTaskInternalSetTimeOutState             0x08004495   Thumb Code    12  tasks.o(i.vTaskInternalSetTimeOutState)
    vTaskMissedYield                         0x080044a5   Thumb Code     8  tasks.o(i.vTaskMissedYield)
    vTaskPlaceOnEventList                    0x080044b1   Thumb Code    44  tasks.o(i.vTaskPlaceOnEventList)
    vTaskPlaceOnEventListRestricted          0x080044e1   Thumb Code    52  tasks.o(i.vTaskPlaceOnEventListRestricted)
    vTaskStartScheduler                      0x08004519   Thumb Code   118  tasks.o(i.vTaskStartScheduler)
    vTaskSuspendAll                          0x080045a1   Thumb Code    10  tasks.o(i.vTaskSuspendAll)
    vTaskSwitchContext                       0x080045b1   Thumb Code    90  tasks.o(i.vTaskSwitchContext)
    xPortStartScheduler                      0x08004615   Thumb Code   222  port.o(i.xPortStartScheduler)
    xPortSysTickHandler                      0x08004709   Thumb Code    38  port.o(i.xPortSysTickHandler)
    xQueueGenericCreateStatic                0x08004735   Thumb Code   102  queue.o(i.xQueueGenericCreateStatic)
    xQueueGenericReset                       0x0800479d   Thumb Code   132  queue.o(i.xQueueGenericReset)
    xQueueGenericSend                        0x08004825   Thumb Code   346  queue.o(i.xQueueGenericSend)
    xQueueGenericSendFromISR                 0x08004985   Thumb Code   190  queue.o(i.xQueueGenericSendFromISR)
    xQueueReceive                            0x08004a45   Thumb Code   308  queue.o(i.xQueueReceive)
    xTaskCheckForTimeOut                     0x08004b7d   Thumb Code   112  tasks.o(i.xTaskCheckForTimeOut)
    xTaskCreate                              0x08004bf1   Thumb Code    90  tasks.o(i.xTaskCreate)
    xTaskCreateStatic                        0x08004c4b   Thumb Code    86  tasks.o(i.xTaskCreateStatic)
    xTaskGetSchedulerState                   0x08004ca1   Thumb Code    22  tasks.o(i.xTaskGetSchedulerState)
    xTaskGetTickCount                        0x08004cbd   Thumb Code     6  tasks.o(i.xTaskGetTickCount)
    xTaskIncrementTick                       0x08004cc9   Thumb Code   192  tasks.o(i.xTaskIncrementTick)
    xTaskPriorityDisinherit                  0x08004d91   Thumb Code   118  tasks.o(i.xTaskPriorityDisinherit)
    xTaskRemoveFromEventList                 0x08004e11   Thumb Code    98  tasks.o(i.xTaskRemoveFromEventList)
    xTaskResumeAll                           0x08004e81   Thumb Code   182  tasks.o(i.xTaskResumeAll)
    xTimerCreateTimerTask                    0x08004f45   Thumb Code    78  timers.o(i.xTimerCreateTimerTask)
    xTimerGenericCommand                     0x08004fa5   Thumb Code    98  timers.o(i.xTimerGenericCommand)
    _fp_init                                 0x0800500d   Thumb Code    10  fpinit.o(x$fpl$fpinit)
    __fplib_config_fpu_vfp                   0x08005015   Thumb Code     0  fpinit.o(x$fpl$fpinit)
    __fplib_config_pureend_doubles           0x08005015   Thumb Code     0  fpinit.o(x$fpl$fpinit)
    AHBPrescTable                            0x0800501e   Data          16  system_stm32f4xx.o(.constdata)
    APBPrescTable                            0x0800502e   Data           8  system_stm32f4xx.o(.constdata)
    Region$$Table$$Base                      0x08005038   Number         0  anon$$obj.o(Region$$Table)
    Region$$Table$$Limit                     0x08005058   Number         0  anon$$obj.o(Region$$Table)
    raw_spd                                  0x20000000   Data           2  freertos.o(.data)
    StartTask_Handler                        0x20000004   Data           4  freertos.o(.data)
    Task1Task_Handler                        0x20000008   Data           4  freertos.o(.data)
    Task2Task_Handler                        0x2000000c   Data           4  freertos.o(.data)
    Task3Task_Handler                        0x20000010   Data           4  freertos.o(.data)
    recv_spd                                 0x20000014   Data           4  freertos.o(.data)
    recv_pos                                 0x20000018   Data           4  freertos.o(.data)
    send_buf                                 0x2000001c   Data           8  freertos.o(.data)
    adc_value1                               0x20000024   Data           2  adc.o(.data)
    adc_value2                               0x20000026   Data           2  adc.o(.data)
    adc_value3                               0x20000028   Data           2  adc.o(.data)
    g_rx_buffer                              0x2000002a   Data           1  usart.o(.data)
    g_usart_rx_sta                           0x2000002c   Data           2  usart.o(.data)
    uwTickFreq                               0x20000034   Data           1  stm32f4xx_hal.o(.data)
    uwTickPrio                               0x20000038   Data           4  stm32f4xx_hal.o(.data)
    uwTick                                   0x2000003c   Data           4  stm32f4xx_hal.o(.data)
    SystemCoreClock                          0x20000040   Data           4  system_stm32f4xx.o(.data)
    pxCurrentTCB                             0x20000044   Data           4  tasks.o(.data)
    dt                                       0x200000c4   Data           4  pid.o(.data)
    P                                        0x200000c8   Data           4  pid.o(.data)
    I                                        0x200000cc   Data           4  pid.o(.data)
    D                                        0x200000d0   Data           4  pid.o(.data)
    adc_val                                  0x200000d4   Data          12  freertos.o(.bss)
    n20                                      0x200000e0   Data         324  freertos.o(.bss)
    hadc1                                    0x20000224   Data          72  adc.o(.bss)
    htim1                                    0x2000026c   Data          72  tim.o(.bss)
    htim2                                    0x200002b4   Data          72  tim.o(.bss)
    htim3                                    0x200002fc   Data          72  tim.o(.bss)
    htim4                                    0x20000344   Data          72  tim.o(.bss)
    htim5                                    0x2000038c   Data          72  tim.o(.bss)
    huart1                                   0x200003d4   Data          68  usart.o(.bss)
    g_usart_rx_buf                           0x20000418   Data         200  usart.o(.bss)
    htim9                                    0x200004e0   Data          72  stm32f4xx_hal_timebase_tim.o(.bss)
    xQueueRegistry                           0x20000528   Data          64  queue.o(.bss)
    g_dma_handle                             0x20004dfc   Data          96  dma.o(.bss)
    __libspace_start                         0x20004e5c   Data          96  libspace.o(.bss)
    __temporary_stack_top$libspace           0x20004ebc   Data           0  libspace.o(.bss)



==============================================================================

Memory Map of the image

  Image Entry point : 0x08000195

  Load Region LR_IROM1 (Base: 0x08000000, Size: 0x0000512c, Max: 0x00040000, ABSOLUTE)

    Execution Region ER_IROM1 (Base: 0x08000000, Size: 0x00005058, Max: 0x00040000, ABSOLUTE)

    Base Addr    Size         Type   Attr      Idx    E Section Name        Object

    0x08000000   0x00000194   Data   RO            3    RESET               startup_stm32f401xc.o
    0x08000194   0x00000008   Code   RO         5571  * !!!main             c_w.l(__main.o)
    0x0800019c   0x00000034   Code   RO         5735    !!!scatter          c_w.l(__scatter.o)
    0x080001d0   0x0000001a   Code   RO         5737    !!handler_copy      c_w.l(__scatter_copy.o)
    0x080001ea   0x00000002   PAD
    0x080001ec   0x0000001c   Code   RO         5739    !!handler_zi        c_w.l(__scatter_zi.o)
    0x08000208   0x00000002   Code   RO         5614    .ARM.Collect$$libinit$$00000000  c_w.l(libinit.o)
    0x0800020a   0x00000004   Code   RO         5626    .ARM.Collect$$libinit$$00000001  c_w.l(libinit2.o)
    0x0800020e   0x00000000   Code   RO         5629    .ARM.Collect$$libinit$$00000004  c_w.l(libinit2.o)
    0x0800020e   0x00000000   Code   RO         5632    .ARM.Collect$$libinit$$0000000A  c_w.l(libinit2.o)
    0x0800020e   0x00000000   Code   RO         5634    .ARM.Collect$$libinit$$0000000C  c_w.l(libinit2.o)
    0x0800020e   0x00000000   Code   RO         5636    .ARM.Collect$$libinit$$0000000E  c_w.l(libinit2.o)
    0x0800020e   0x00000000   Code   RO         5639    .ARM.Collect$$libinit$$00000011  c_w.l(libinit2.o)
    0x0800020e   0x00000000   Code   RO         5641    .ARM.Collect$$libinit$$00000013  c_w.l(libinit2.o)
    0x0800020e   0x00000000   Code   RO         5643    .ARM.Collect$$libinit$$00000015  c_w.l(libinit2.o)
    0x0800020e   0x00000000   Code   RO         5645    .ARM.Collect$$libinit$$00000017  c_w.l(libinit2.o)
    0x0800020e   0x00000000   Code   RO         5647    .ARM.Collect$$libinit$$00000019  c_w.l(libinit2.o)
    0x0800020e   0x00000000   Code   RO         5649    .ARM.Collect$$libinit$$0000001B  c_w.l(libinit2.o)
    0x0800020e   0x00000000   Code   RO         5651    .ARM.Collect$$libinit$$0000001D  c_w.l(libinit2.o)
    0x0800020e   0x00000000   Code   RO         5653    .ARM.Collect$$libinit$$0000001F  c_w.l(libinit2.o)
    0x0800020e   0x00000000   Code   RO         5655    .ARM.Collect$$libinit$$00000021  c_w.l(libinit2.o)
    0x0800020e   0x00000000   Code   RO         5657    .ARM.Collect$$libinit$$00000023  c_w.l(libinit2.o)
    0x0800020e   0x00000000   Code   RO         5659    .ARM.Collect$$libinit$$00000025  c_w.l(libinit2.o)
    0x0800020e   0x00000000   Code   RO         5663    .ARM.Collect$$libinit$$0000002C  c_w.l(libinit2.o)
    0x0800020e   0x00000000   Code   RO         5665    .ARM.Collect$$libinit$$0000002E  c_w.l(libinit2.o)
    0x0800020e   0x00000000   Code   RO         5667    .ARM.Collect$$libinit$$00000030  c_w.l(libinit2.o)
    0x0800020e   0x00000000   Code   RO         5669    .ARM.Collect$$libinit$$00000032  c_w.l(libinit2.o)
    0x0800020e   0x00000002   Code   RO         5670    .ARM.Collect$$libinit$$00000033  c_w.l(libinit2.o)
    0x08000210   0x00000002   Code   RO         5694    .ARM.Collect$$libshutdown$$00000000  c_w.l(libshutdown.o)
    0x08000212   0x00000000   Code   RO         5718    .ARM.Collect$$libshutdown$$00000002  c_w.l(libshutdown2.o)
    0x08000212   0x00000000   Code   RO         5720    .ARM.Collect$$libshutdown$$00000004  c_w.l(libshutdown2.o)
    0x08000212   0x00000000   Code   RO         5723    .ARM.Collect$$libshutdown$$00000007  c_w.l(libshutdown2.o)
    0x08000212   0x00000000   Code   RO         5726    .ARM.Collect$$libshutdown$$0000000A  c_w.l(libshutdown2.o)
    0x08000212   0x00000000   Code   RO         5728    .ARM.Collect$$libshutdown$$0000000C  c_w.l(libshutdown2.o)
    0x08000212   0x00000000   Code   RO         5731    .ARM.Collect$$libshutdown$$0000000F  c_w.l(libshutdown2.o)
    0x08000212   0x00000002   Code   RO         5732    .ARM.Collect$$libshutdown$$00000010  c_w.l(libshutdown2.o)
    0x08000214   0x00000000   Code   RO         5575    .ARM.Collect$$rtentry$$00000000  c_w.l(__rtentry.o)
    0x08000214   0x00000000   Code   RO         5585    .ARM.Collect$$rtentry$$00000002  c_w.l(__rtentry2.o)
    0x08000214   0x00000006   Code   RO         5597    .ARM.Collect$$rtentry$$00000004  c_w.l(__rtentry4.o)
    0x0800021a   0x00000000   Code   RO         5587    .ARM.Collect$$rtentry$$00000009  c_w.l(__rtentry2.o)
    0x0800021a   0x00000004   Code   RO         5588    .ARM.Collect$$rtentry$$0000000A  c_w.l(__rtentry2.o)
    0x0800021e   0x00000000   Code   RO         5590    .ARM.Collect$$rtentry$$0000000C  c_w.l(__rtentry2.o)
    0x0800021e   0x00000008   Code   RO         5591    .ARM.Collect$$rtentry$$0000000D  c_w.l(__rtentry2.o)
    0x08000226   0x00000002   Code   RO         5618    .ARM.Collect$$rtexit$$00000000  c_w.l(rtexit.o)
    0x08000228   0x00000000   Code   RO         5672    .ARM.Collect$$rtexit$$00000002  c_w.l(rtexit2.o)
    0x08000228   0x00000004   Code   RO         5673    .ARM.Collect$$rtexit$$00000003  c_w.l(rtexit2.o)
    0x0800022c   0x00000006   Code   RO         5674    .ARM.Collect$$rtexit$$00000004  c_w.l(rtexit2.o)
    0x08000232   0x00000002   PAD
    0x08000234   0x000000be   Code   RO         5279    .emb_text           port.o
    0x080002f2   0x00000002   PAD
    0x080002f4   0x00000040   Code   RO            4    .text               startup_stm32f401xc.o
    0x08000334   0x00000002   Code   RO         5557    .text               c_w.l(use_no_semi_2.o)
    0x08000336   0x000000ee   Code   RO         5559    .text               c_w.l(lludivv7m.o)
    0x08000424   0x0000008a   Code   RO         5561    .text               c_w.l(rt_memcpy_v6.o)
    0x080004ae   0x00000010   Code   RO         5565    .text               c_w.l(aeabi_memset.o)
    0x080004be   0x0000004e   Code   RO         5567    .text               c_w.l(rt_memclr_w.o)
    0x0800050c   0x00000006   Code   RO         5569    .text               c_w.l(heapauxi.o)
    0x08000512   0x00000002   Code   RO         5573    .text               c_w.l(use_no_semi.o)
    0x08000514   0x00000064   Code   RO         5580    .text               c_w.l(rt_memcpy_w.o)
    0x08000578   0x00000044   Code   RO         5582    .text               c_w.l(rt_memclr.o)
    0x080005bc   0x0000004a   Code   RO         5601    .text               c_w.l(sys_stackheap_outer.o)
    0x08000606   0x00000012   Code   RO         5603    .text               c_w.l(exit.o)
    0x08000618   0x00000008   Code   RO         5615    .text               c_w.l(libspace.o)
    0x08000620   0x0000000c   Code   RO          551    i.ADC_IRQHandler    stm32f4xx_it.o
    0x0800062c   0x00000128   Code   RO          764    i.ADC_Init          stm32f4xx_hal_adc.o
    0x08000754   0x0000003c   Code   RO          248    i.ADC_Task          freertos.o
    0x08000790   0x00000002   Code   RO          552    i.BusFault_Handler  stm32f4xx_it.o
    0x08000792   0x00000002   PAD
    0x08000794   0x000000f4   Code   RO          249    i.CMD_Task          freertos.o
    0x08000888   0x00000028   Code   RO         1522    i.DMA_CalcBaseAndBitshift  stm32f4xx_hal_dma.o
    0x080008b0   0x00000054   Code   RO         1523    i.DMA_CheckFifoParam  stm32f4xx_hal_dma.o
    0x08000904   0x00000028   Code   RO         1524    i.DMA_SetConfig     stm32f4xx_hal_dma.o
    0x0800092c   0x00000002   Code   RO          553    i.DebugMon_Handler  stm32f4xx_it.o
    0x0800092e   0x00000004   Code   RO          737    i.Error_Handler     sys.o
    0x08000932   0x00000002   Code   RO          935    i.HAL_ADCEx_InjectedConvCpltCallback  stm32f4xx_hal_adc_ex.o
    0x08000934   0x0000014c   Code   RO          766    i.HAL_ADC_ConfigChannel  stm32f4xx_hal_adc.o
    0x08000a80   0x00000034   Code   RO          328    i.HAL_ADC_ConvCpltCallback  adc.o
    0x08000ab4   0x00000002   Code   RO          770    i.HAL_ADC_ErrorCallback  stm32f4xx_hal_adc.o
    0x08000ab6   0x00000006   Code   RO          773    i.HAL_ADC_GetValue  stm32f4xx_hal_adc.o
    0x08000abc   0x0000012e   Code   RO          774    i.HAL_ADC_IRQHandler  stm32f4xx_hal_adc.o
    0x08000bea   0x00000054   Code   RO          775    i.HAL_ADC_Init      stm32f4xx_hal_adc.o
    0x08000c3e   0x00000002   Code   RO          776    i.HAL_ADC_LevelOutOfWindowCallback  stm32f4xx_hal_adc.o
    0x08000c40   0x00000094   Code   RO          330    i.HAL_ADC_MspInit   adc.o
    0x08000cd4   0x000000aa   Code   RO          779    i.HAL_ADC_PollForConversion  stm32f4xx_hal_adc.o
    0x08000d7e   0x00000002   PAD
    0x08000d80   0x000000cc   Code   RO          781    i.HAL_ADC_Start     stm32f4xx_hal_adc.o
    0x08000e4c   0x0000003c   Code   RO          784    i.HAL_ADC_Stop      stm32f4xx_hal_adc.o
    0x08000e88   0x00000092   Code   RO         1525    i.HAL_DMA_Abort     stm32f4xx_hal_dma.o
    0x08000f1a   0x00000024   Code   RO         1526    i.HAL_DMA_Abort_IT  stm32f4xx_hal_dma.o
    0x08000f3e   0x00000062   Code   RO         1527    i.HAL_DMA_DeInit    stm32f4xx_hal_dma.o
    0x08000fa0   0x000000d4   Code   RO         1531    i.HAL_DMA_Init      stm32f4xx_hal_dma.o
    0x08001074   0x0000006e   Code   RO         1535    i.HAL_DMA_Start_IT  stm32f4xx_hal_dma.o
    0x080010e2   0x00000002   PAD
    0x080010e4   0x000001e0   Code   RO         1418    i.HAL_GPIO_Init     stm32f4xx_hal_gpio.o
    0x080012c4   0x0000000a   Code   RO         1422    i.HAL_GPIO_WritePin  stm32f4xx_hal_gpio.o
    0x080012ce   0x00000002   PAD
    0x080012d0   0x0000000c   Code   RO         1974    i.HAL_GetTick       stm32f4xx_hal.o
    0x080012dc   0x00000010   Code   RO         1980    i.HAL_IncTick       stm32f4xx_hal.o
    0x080012ec   0x00000034   Code   RO         1981    i.HAL_Init          stm32f4xx_hal.o
    0x08001320   0x0000008c   Code   RO          651    i.HAL_InitTick      stm32f4xx_hal_timebase_tim.o
    0x080013ac   0x00000038   Code   RO          627    i.HAL_MspInit       stm32f4xx_hal_msp.o
    0x080013e4   0x0000001a   Code   RO         1831    i.HAL_NVIC_EnableIRQ  stm32f4xx_hal_cortex.o
    0x080013fe   0x00000002   PAD
    0x08001400   0x00000040   Code   RO         1837    i.HAL_NVIC_SetPriority  stm32f4xx_hal_cortex.o
    0x08001440   0x00000024   Code   RO         1838    i.HAL_NVIC_SetPriorityGrouping  stm32f4xx_hal_cortex.o
    0x08001464   0x00000134   Code   RO         1040    i.HAL_RCC_ClockConfig  stm32f4xx_hal_rcc.o
    0x08001598   0x00000040   Code   RO         1044    i.HAL_RCC_GetClockConfig  stm32f4xx_hal_rcc.o
    0x080015d8   0x00000020   Code   RO         1047    i.HAL_RCC_GetPCLK1Freq  stm32f4xx_hal_rcc.o
    0x080015f8   0x00000020   Code   RO         1048    i.HAL_RCC_GetPCLK2Freq  stm32f4xx_hal_rcc.o
    0x08001618   0x00000064   Code   RO         1049    i.HAL_RCC_GetSysClockFreq  stm32f4xx_hal_rcc.o
    0x0800167c   0x0000036c   Code   RO         1052    i.HAL_RCC_OscConfig  stm32f4xx_hal_rcc.o
    0x080019e8   0x00000018   Code   RO         1840    i.HAL_SYSTICK_CLKSourceConfig  stm32f4xx_hal_cortex.o
    0x08001a00   0x00000002   Code   RO         2925    i.HAL_TIMEx_BreakCallback  stm32f4xx_hal_tim_ex.o
    0x08001a02   0x00000002   Code   RO         2926    i.HAL_TIMEx_CommutCallback  stm32f4xx_hal_tim_ex.o
    0x08001a04   0x00000054   Code   RO         2928    i.HAL_TIMEx_ConfigBreakDeadTime  stm32f4xx_hal_tim_ex.o
    0x08001a58   0x0000007c   Code   RO         2944    i.HAL_TIMEx_MasterConfigSynchronization  stm32f4xx_hal_tim_ex.o
    0x08001ad4   0x0000005a   Code   RO         2221    i.HAL_TIM_Base_Init  stm32f4xx_hal_tim.o
    0x08001b2e   0x00000002   PAD
    0x08001b30   0x00000054   Code   RO          378    i.HAL_TIM_Base_MspInit  tim.o
    0x08001b84   0x0000006c   Code   RO         2226    i.HAL_TIM_Base_Start_IT  stm32f4xx_hal_tim.o
    0x08001bf0   0x000000dc   Code   RO         2230    i.HAL_TIM_ConfigClockSource  stm32f4xx_hal_tim.o
    0x08001ccc   0x000000a4   Code   RO         2242    i.HAL_TIM_Encoder_Init  stm32f4xx_hal_tim.o
    0x08001d70   0x000000d8   Code   RO          380    i.HAL_TIM_Encoder_MspInit  tim.o
    0x08001e48   0x0000008e   Code   RO         2245    i.HAL_TIM_Encoder_Start  stm32f4xx_hal_tim.o
    0x08001ed6   0x00000002   Code   RO         2255    i.HAL_TIM_IC_CaptureCallback  stm32f4xx_hal_tim.o
    0x08001ed8   0x00000166   Code   RO         2269    i.HAL_TIM_IRQHandler  stm32f4xx_hal_tim.o
    0x0800203e   0x00000002   PAD
    0x08002040   0x000000a0   Code   RO          381    i.HAL_TIM_MspPostInit  tim.o
    0x080020e0   0x00000002   Code   RO         2272    i.HAL_TIM_OC_DelayElapsedCallback  stm32f4xx_hal_tim.o
    0x080020e2   0x000000cc   Code   RO         2293    i.HAL_TIM_PWM_ConfigChannel  stm32f4xx_hal_tim.o
    0x080021ae   0x0000005a   Code   RO         2296    i.HAL_TIM_PWM_Init  stm32f4xx_hal_tim.o
    0x08002208   0x00000002   Code   RO         2298    i.HAL_TIM_PWM_MspInit  stm32f4xx_hal_tim.o
    0x0800220a   0x00000002   Code   RO         2299    i.HAL_TIM_PWM_PulseFinishedCallback  stm32f4xx_hal_tim.o
    0x0800220c   0x000000b0   Code   RO         2301    i.HAL_TIM_PWM_Start  stm32f4xx_hal_tim.o
    0x080022bc   0x00000014   Code   RO           13    i.HAL_TIM_PeriodElapsedCallback  main.o
    0x080022d0   0x00000002   Code   RO         2312    i.HAL_TIM_TriggerCallback  stm32f4xx_hal_tim.o
    0x080022d2   0x00000002   Code   RO         3203    i.HAL_UARTEx_RxEventCallback  stm32f4xx_hal_uart.o
    0x080022d4   0x00000070   Code   RO         3215    i.HAL_UART_DMAStop  stm32f4xx_hal_uart.o
    0x08002344   0x00000002   Code   RO         3217    i.HAL_UART_ErrorCallback  stm32f4xx_hal_uart.o
    0x08002346   0x00000002   PAD
    0x08002348   0x00000268   Code   RO         3220    i.HAL_UART_IRQHandler  stm32f4xx_hal_uart.o
    0x080025b0   0x00000062   Code   RO         3221    i.HAL_UART_Init     stm32f4xx_hal_uart.o
    0x08002612   0x00000002   PAD
    0x08002614   0x0000007c   Code   RO          462    i.HAL_UART_MspInit  usart.o
    0x08002690   0x0000002a   Code   RO         3226    i.HAL_UART_Receive_IT  stm32f4xx_hal_uart.o
    0x080026ba   0x00000002   PAD
    0x080026bc   0x00000068   Code   RO          463    i.HAL_UART_RxCpltCallback  usart.o
    0x08002724   0x0000008c   Code   RO         3230    i.HAL_UART_Transmit_DMA  stm32f4xx_hal_uart.o
    0x080027b0   0x00000002   Code   RO         3232    i.HAL_UART_TxCpltCallback  stm32f4xx_hal_uart.o
    0x080027b2   0x00000002   Code   RO         3233    i.HAL_UART_TxHalfCpltCallback  stm32f4xx_hal_uart.o
    0x080027b4   0x00000002   Code   RO          554    i.HardFault_Handler  stm32f4xx_it.o
    0x080027b6   0x00000002   PAD
    0x080027b8   0x0000008c   Code   RO          331    i.MX_ADC1_Init      adc.o
    0x08002844   0x0000002c   Code   RO          250    i.MX_FREERTOS_Init  freertos.o
    0x08002870   0x00000080   Code   RO          224    i.MX_GPIO_Init      gpio.o
    0x080028f0   0x000000ec   Code   RO          382    i.MX_TIM1_Init      tim.o
    0x080029dc   0x000000ec   Code   RO          383    i.MX_TIM2_Init      tim.o
    0x08002ac8   0x00000074   Code   RO          384    i.MX_TIM3_Init      tim.o
    0x08002b3c   0x0000007c   Code   RO          385    i.MX_TIM4_Init      tim.o
    0x08002bb8   0x0000007c   Code   RO          386    i.MX_TIM5_Init      tim.o
    0x08002c34   0x00000044   Code   RO          464    i.MX_USART1_UART_Init  usart.o
    0x08002c78   0x00000002   Code   RO          555    i.MemManage_Handler  stm32f4xx_it.o
    0x08002c7a   0x00000002   PAD
    0x08002c7c   0x0000005c   Code   RO          251    i.N20_Task          freertos.o
    0x08002cd8   0x00000002   Code   RO          556    i.NMI_Handler       stm32f4xx_it.o
    0x08002cda   0x00000002   PAD
    0x08002cdc   0x000000d4   Code   RO         5477    i.PID               pid.o
    0x08002db0   0x0000001a   Code   RO         4707    i.SysTick_Handler   cmsis_os2.o
    0x08002dca   0x00000002   PAD
    0x08002dcc   0x00000090   Code   RO           14    i.SystemClock_Config  main.o
    0x08002e5c   0x00000010   Code   RO         3550    i.SystemInit        system_stm32f4xx.o
    0x08002e6c   0x0000001c   Code   RO          557    i.TIM1_BRK_TIM9_IRQHandler  stm32f4xx_it.o
    0x08002e88   0x00000098   Code   RO         2314    i.TIM_Base_SetConfig  stm32f4xx_hal_tim.o
    0x08002f20   0x0000001a   Code   RO         2315    i.TIM_CCxChannelCmd  stm32f4xx_hal_tim.o
    0x08002f3a   0x00000014   Code   RO         2325    i.TIM_ETR_SetConfig  stm32f4xx_hal_tim.o
    0x08002f4e   0x00000010   Code   RO         2326    i.TIM_ITRx_SetConfig  stm32f4xx_hal_tim.o
    0x08002f5e   0x00000002   PAD
    0x08002f60   0x00000050   Code   RO         2327    i.TIM_OC1_SetConfig  stm32f4xx_hal_tim.o
    0x08002fb0   0x00000058   Code   RO         2328    i.TIM_OC2_SetConfig  stm32f4xx_hal_tim.o
    0x08003008   0x00000058   Code   RO         2329    i.TIM_OC3_SetConfig  stm32f4xx_hal_tim.o
    0x08003060   0x00000044   Code   RO         2330    i.TIM_OC4_SetConfig  stm32f4xx_hal_tim.o
    0x080030a4   0x00000022   Code   RO         2332    i.TIM_TI1_ConfigInputStage  stm32f4xx_hal_tim.o
    0x080030c6   0x00000024   Code   RO         2334    i.TIM_TI2_ConfigInputStage  stm32f4xx_hal_tim.o
    0x080030ea   0x00000010   Code   RO         3234    i.UART_DMAAbortOnError  stm32f4xx_hal_uart.o
    0x080030fa   0x0000004a   Code   RO         3235    i.UART_DMAError     stm32f4xx_hal_uart.o
    0x08003144   0x00000042   Code   RO         3240    i.UART_DMATransmitCplt  stm32f4xx_hal_uart.o
    0x08003186   0x0000000a   Code   RO         3242    i.UART_DMATxHalfCplt  stm32f4xx_hal_uart.o
    0x08003190   0x0000004e   Code   RO         3244    i.UART_EndRxTransfer  stm32f4xx_hal_uart.o
    0x080031de   0x0000001c   Code   RO         3245    i.UART_EndTxTransfer  stm32f4xx_hal_uart.o
    0x080031fa   0x000000c0   Code   RO         3246    i.UART_Receive_IT   stm32f4xx_hal_uart.o
    0x080032ba   0x00000002   PAD
    0x080032bc   0x0000010c   Code   RO         3247    i.UART_SetConfig    stm32f4xx_hal_uart.o
    0x080033c8   0x0000003a   Code   RO         3249    i.UART_Start_Receive_IT  stm32f4xx_hal_uart.o
    0x08003402   0x00000002   PAD
    0x08003404   0x0000000c   Code   RO          558    i.USART1_IRQHandler  stm32f4xx_it.o
    0x08003410   0x00000002   Code   RO          559    i.UsageFault_Handler  stm32f4xx_it.o
    0x08003412   0x00000020   Code   RO         1844    i.__NVIC_SetPriority  stm32f4xx_hal_cortex.o
    0x08003432   0x00000002   Code   RO          467    i._sys_exit         usart.o
    0x08003434   0x00000014   Code   RO          694    i.delay_init        delay.o
    0x08003448   0x00000074   Code   RO         5359    i.dma_init          dma.o
    0x080034bc   0x00000068   Code   RO         5438    i.initN20           n20.o
    0x08003524   0x00000014   Code   RO         5499    i.lowPassInit       filters.o
    0x08003538   0x0000004c   Code   RO           15    i.main              main.o
    0x08003584   0x0000001a   Code   RO         4709    i.osDelay           cmsis_os2.o
    0x0800359e   0x00000002   PAD
    0x080035a0   0x00000024   Code   RO         4723    i.osKernelInitialize  cmsis_os2.o
    0x080035c4   0x00000038   Code   RO         4726    i.osKernelStart     cmsis_os2.o
    0x080035fc   0x0000005c   Code   RO         4168    i.prvAddCurrentTaskToDelayedList  tasks.o
    0x08003658   0x000000d0   Code   RO         4169    i.prvAddNewTaskToReadyList  tasks.o
    0x08003728   0x00000058   Code   RO         4533    i.prvCheckForValidListAndQueue  timers.o
    0x08003780   0x00000026   Code   RO         3765    i.prvCopyDataFromQueue  queue.o
    0x080037a6   0x0000006c   Code   RO         3766    i.prvCopyDataToQueue  queue.o
    0x08003812   0x00000034   Code   RO         4170    i.prvDeleteTCB      tasks.o
    0x08003846   0x00000002   PAD
    0x08003848   0x0000004c   Code   RO         5224    i.prvHeapInit       heap_4.o
    0x08003894   0x00000060   Code   RO         4171    i.prvIdleTask       tasks.o
    0x080038f4   0x00000022   Code   RO         3768    i.prvInitialiseNewQueue  queue.o
    0x08003916   0x00000002   PAD
    0x08003918   0x000000b0   Code   RO         4172    i.prvInitialiseNewTask  tasks.o
    0x080039c8   0x0000004c   Code   RO         5225    i.prvInsertBlockIntoFreeList  heap_4.o
    0x08003a14   0x00000038   Code   RO         4535    i.prvInsertTimerInActiveList  timers.o
    0x08003a4c   0x0000001c   Code   RO         3769    i.prvIsQueueEmpty   queue.o
    0x08003a68   0x000000fc   Code   RO         4536    i.prvProcessReceivedCommands  timers.o
    0x08003b64   0x000000c0   Code   RO         4537    i.prvProcessTimerOrBlockTask  timers.o
    0x08003c24   0x00000020   Code   RO         4174    i.prvResetNextTaskUnblockTime  tasks.o
    0x08003c44   0x00000028   Code   RO         4538    i.prvSampleTimeNow  timers.o
    0x08003c6c   0x0000006c   Code   RO         4539    i.prvSwitchTimerLists  timers.o
    0x08003cd8   0x00000028   Code   RO         5280    i.prvTaskExitError  port.o
    0x08003d00   0x00000024   Code   RO         4540    i.prvTimerTask      timers.o
    0x08003d24   0x0000006a   Code   RO         3770    i.prvUnlockQueue    queue.o
    0x08003d8e   0x00000002   PAD
    0x08003d90   0x000000dc   Code   RO         5226    i.pvPortMalloc      heap_4.o
    0x08003e6c   0x0000002c   Code   RO         5281    i.pxPortInitialiseStack  port.o
    0x08003e98   0x00000090   Code   RO          252    i.sendMsg           freertos.o
    0x08003f28   0x000000be   Code   RO         5439    i.setPWM            n20.o
    0x08003fe6   0x0000001c   Code   RO         5440    i.setSpd            n20.o
    0x08004002   0x00000002   PAD
    0x08004004   0x000000e8   Code   RO          253    i.start_task        freertos.o
    0x080040ec   0x00000064   Code   RO         5441    i.updateN20         n20.o
    0x08004150   0x00000026   Code   RO         3725    i.uxListRemove      list.o
    0x08004176   0x00000002   PAD
    0x08004178   0x00000014   Code   RO         4780    i.vApplicationGetIdleTaskMemory  cmsis_os2.o
    0x0800418c   0x00000018   Code   RO         4781    i.vApplicationGetTimerTaskMemory  cmsis_os2.o
    0x080041a4   0x00000016   Code   RO         3726    i.vListInitialise   list.o
    0x080041ba   0x00000006   Code   RO         3727    i.vListInitialiseItem  list.o
    0x080041c0   0x00000030   Code   RO         3728    i.vListInsert       list.o
    0x080041f0   0x00000018   Code   RO         3729    i.vListInsertEnd    list.o
    0x08004208   0x00000040   Code   RO         5283    i.vPortEnterCritical  port.o
    0x08004248   0x00000028   Code   RO         5284    i.vPortExitCritical  port.o
    0x08004270   0x00000064   Code   RO         5227    i.vPortFree         heap_4.o
    0x080042d4   0x00000024   Code   RO         5285    i.vPortSetupTimerInterrupt  port.o
    0x080042f8   0x00000054   Code   RO         5286    i.vPortValidateInterruptPriority  port.o
    0x0800434c   0x00000028   Code   RO         3776    i.vQueueAddToRegistry  queue.o
    0x08004374   0x00000044   Code   RO         3780    i.vQueueWaitForMessageRestricted  queue.o
    0x080043b8   0x0000004c   Code   RO         4187    i.vTaskDelay        tasks.o
    0x08004404   0x00000090   Code   RO         4189    i.vTaskDelete       tasks.o
    0x08004494   0x00000010   Code   RO         4192    i.vTaskInternalSetTimeOutState  tasks.o
    0x080044a4   0x0000000c   Code   RO         4193    i.vTaskMissedYield  tasks.o
    0x080044b0   0x00000030   Code   RO         4195    i.vTaskPlaceOnEventList  tasks.o
    0x080044e0   0x00000038   Code   RO         4196    i.vTaskPlaceOnEventListRestricted  tasks.o
    0x08004518   0x00000088   Code   RO         4204    i.vTaskStartScheduler  tasks.o
    0x080045a0   0x00000010   Code   RO         4206    i.vTaskSuspendAll   tasks.o
    0x080045b0   0x00000064   Code   RO         4207    i.vTaskSwitchContext  tasks.o
    0x08004614   0x000000f4   Code   RO         5287    i.xPortStartScheduler  port.o
    0x08004708   0x0000002c   Code   RO         5288    i.xPortSysTickHandler  port.o
    0x08004734   0x00000066   Code   RO         3786    i.xQueueGenericCreateStatic  queue.o
    0x0800479a   0x00000002   PAD
    0x0800479c   0x00000088   Code   RO         3787    i.xQueueGenericReset  queue.o
    0x08004824   0x00000160   Code   RO         3788    i.xQueueGenericSend  queue.o
    0x08004984   0x000000be   Code   RO         3789    i.xQueueGenericSendFromISR  queue.o
    0x08004a42   0x00000002   PAD
    0x08004a44   0x00000138   Code   RO         3798    i.xQueueReceive     queue.o
    0x08004b7c   0x00000074   Code   RO         4209    i.xTaskCheckForTimeOut  tasks.o
    0x08004bf0   0x0000005a   Code   RO         4210    i.xTaskCreate       tasks.o
    0x08004c4a   0x00000056   Code   RO         4211    i.xTaskCreateStatic  tasks.o
    0x08004ca0   0x0000001c   Code   RO         4215    i.xTaskGetSchedulerState  tasks.o
    0x08004cbc   0x0000000c   Code   RO         4216    i.xTaskGetTickCount  tasks.o
    0x08004cc8   0x000000c8   Code   RO         4218    i.xTaskIncrementTick  tasks.o
    0x08004d90   0x00000080   Code   RO         4221    i.xTaskPriorityDisinherit  tasks.o
    0x08004e10   0x00000070   Code   RO         4223    i.xTaskRemoveFromEventList  tasks.o
    0x08004e80   0x000000c4   Code   RO         4224    i.xTaskResumeAll    tasks.o
    0x08004f44   0x00000060   Code   RO         4549    i.xTimerCreateTimerTask  timers.o
    0x08004fa4   0x00000068   Code   RO         4550    i.xTimerGenericCommand  timers.o
    0x0800500c   0x0000000a   Code   RO         5684    x$fpl$fpinit        fz_wm.l(fpinit.o)
    0x08005016   0x00000008   Data   RO         1537    .constdata          stm32f4xx_hal_dma.o
    0x0800501e   0x00000010   Data   RO         3551    .constdata          system_stm32f4xx.o
    0x0800502e   0x00000008   Data   RO         3552    .constdata          system_stm32f4xx.o
    0x08005036   0x00000002   PAD
    0x08005038   0x00000020   Data   RO         5733    Region$$Table       anon$$obj.o


    Execution Region RW_IRAM1 (Base: 0x20000000, Size: 0x000054c0, Max: 0x00010000, ABSOLUTE)

    Base Addr    Size         Type   Attr      Idx    E Section Name        Object

    0x20000000   0x00000024   Data   RW          259    .data               freertos.o
    0x20000024   0x00000006   Data   RW          333    .data               adc.o
    0x2000002a   0x00000004   Data   RW          471    .data               usart.o
    0x2000002e   0x00000002   PAD
    0x20000030   0x00000004   Data   RW          697    .data               delay.o
    0x20000034   0x0000000c   Data   RW         1988    .data               stm32f4xx_hal.o
    0x20000040   0x00000004   Data   RW         3553    .data               system_stm32f4xx.o
    0x20000044   0x0000003c   Data   RW         4227    .data               tasks.o
    0x20000080   0x00000014   Data   RW         4558    .data               timers.o
    0x20000094   0x00000004   Data   RW         4783    .data               cmsis_os2.o
    0x20000098   0x00000020   Data   RW         5233    .data               heap_4.o
    0x200000b8   0x0000000c   Data   RW         5289    .data               port.o
    0x200000c4   0x00000010   Data   RW         5479    .data               pid.o
    0x200000d4   0x00000150   Zero   RW          254    .bss                freertos.o
    0x20000224   0x00000048   Zero   RW          332    .bss                adc.o
    0x2000026c   0x00000168   Zero   RW          387    .bss                tim.o
    0x200003d4   0x0000010c   Zero   RW          470    .bss                usart.o
    0x200004e0   0x00000048   Zero   RW          654    .bss                stm32f4xx_hal_timebase_tim.o
    0x20000528   0x00000040   Zero   RW         3802    .bss                queue.o
    0x20000568   0x000004c4   Zero   RW         4226    .bss                tasks.o
    0x20000a2c   0x00000118   Zero   RW         4557    .bss                timers.o
    0x20000b44   0x000006b8   Zero   RW         4782    .bss                cmsis_os2.o
    0x200011fc   0x00003c00   Zero   RW         5232    .bss                heap_4.o
    0x20004dfc   0x00000060   Zero   RW         5360    .bss                dma.o
    0x20004e5c   0x00000060   Zero   RW         5616    .bss                c_w.l(libspace.o)
    0x20004ebc   0x00000004   PAD
    0x20004ec0   0x00000200   Zero   RW            2    HEAP                startup_stm32f401xc.o
    0x200050c0   0x00000400   Zero   RW            1    STACK               startup_stm32f401xc.o


==============================================================================

Image component sizes


      Code (inc. data)   RO Data    RW Data    ZI Data      Debug   Object Name

       340         42          0          6         72       2541   adc.o
       188         22          0          4       1720      64225   cmsis_os2.o
        20          4          0          4          0        733   delay.o
       116         16          0          0         96       1275   dma.o
         0          0          0          0          0      19576   event_groups.o
        20          6          0          0          0        886   filters.o
       816        146          0         36        336       6684   freertos.o
       128         10          0          0          0        991   gpio.o
       472         24          0         32      15360       4983   heap_4.o
       138          0          0          0          0       3666   list.o
       240         22          0          0          0     449984   main.o
       422         24          0          0          0       2808   n20.o
       212          8          0         16          0       1457   pid.o
       786         82          0         12          0      11721   port.o
      1514         20          0          0         64      17696   queue.o
        64         26        404          0       1536        860   startup_stm32f401xc.o
        80         14          0         12          0       8046   stm32f4xx_hal.o
      1458         44          0          0          0       8161   stm32f4xx_hal_adc.o
         2          0          0          0          0       1017   stm32f4xx_hal_adc_ex.o
       182         14          0          0          0      33908   stm32f4xx_hal_cortex.o
       766         12          8          0          0       7070   stm32f4xx_hal_dma.o
       490         34          0          0          0       2224   stm32f4xx_hal_gpio.o
        56          4          0          0          0        902   stm32f4xx_hal_msp.o
      1412         86          0          0          0       6025   stm32f4xx_hal_rcc.o
      2170         90          0          0          0      19133   stm32f4xx_hal_tim.o
       212         20          0          0          0       3369   stm32f4xx_hal_tim_ex.o
       140         22          0          0         72       1479   stm32f4xx_hal_timebase_tim.o
      1806         30          0          0          0      14245   stm32f4xx_hal_uart.o
        64         22          0          0          0       4405   stm32f4xx_it.o
         0          0          0          0          0        416   stream_buffer.o
         4          0          0          0          0        460   sys.o
        16          4         24          4          0       1183   system_stm32f4xx.o
      2228        182          0         60       1220      28278   tasks.o
      1296         90          0          0        360       6470   tim.o
       972         80          0         20        280      32459   timers.o
       298         42          0          4        268       4394   usart.o

    ----------------------------------------------------------------------
     19180       1242        470        212      21384     773730   Object Totals
         0          0         32          0          0          0   (incl. Generated)
        52          0          2          2          0          0   (incl. Padding)

    ----------------------------------------------------------------------

      Code (inc. data)   RO Data    RW Data    ZI Data      Debug   Library Member Name

         8          0          0          0          0         68   __main.o
         0          0          0          0          0          0   __rtentry.o
        12          0          0          0          0          0   __rtentry2.o
         6          0          0          0          0          0   __rtentry4.o
        52          8          0          0          0          0   __scatter.o
        26          0          0          0          0          0   __scatter_copy.o
        28          0          0          0          0          0   __scatter_zi.o
        16          0          0          0          0         68   aeabi_memset.o
        18          0          0          0          0         80   exit.o
         6          0          0          0          0        152   heapauxi.o
         2          0          0          0          0          0   libinit.o
         6          0          0          0          0          0   libinit2.o
         2          0          0          0          0          0   libshutdown.o
         2          0          0          0          0          0   libshutdown2.o
         8          4          0          0         96         68   libspace.o
       238          0          0          0          0        100   lludivv7m.o
        68          0          0          0          0         68   rt_memclr.o
        78          0          0          0          0         80   rt_memclr_w.o
       138          0          0          0          0         68   rt_memcpy_v6.o
       100          0          0          0          0         80   rt_memcpy_w.o
         2          0          0          0          0          0   rtexit.o
        10          0          0          0          0          0   rtexit2.o
        74          0          0          0          0         80   sys_stackheap_outer.o
         2          0          0          0          0         68   use_no_semi.o
         2          0          0          0          0         68   use_no_semi_2.o
        10          0          0          0          0        116   fpinit.o

    ----------------------------------------------------------------------
       918         12          0          0        100       1164   Library Totals
         4          0          0          0          4          0   (incl. Padding)

    ----------------------------------------------------------------------

      Code (inc. data)   RO Data    RW Data    ZI Data      Debug   Library Name

       904         12          0          0         96       1048   c_w.l
        10          0          0          0          0        116   fz_wm.l

    ----------------------------------------------------------------------
       918         12          0          0        100       1164   Library Totals

    ----------------------------------------------------------------------

==============================================================================


      Code (inc. data)   RO Data    RW Data    ZI Data      Debug   

     20098       1254        470        212      21484     755726   Grand Totals
     20098       1254        470        212      21484     755726   ELF Image Totals
     20098       1254        470        212          0          0   ROM Totals

==============================================================================

    Total RO  Size (Code + RO Data)                20568 (  20.09kB)
    Total RW  Size (RW Data + ZI Data)             21696 (  21.19kB)
    Total ROM Size (Code + RO Data + RW Data)      20780 (  20.29kB)

==============================================================================

