Component: ARM Compiler 5.06 update 3 (build 300) Tool: armlink [4d35c9]

==============================================================================

Section Cross References

    startup_stm32f401xc.o(STACK) refers (Special) to heapauxi.o(.text) for __use_two_region_memory
    startup_stm32f401xc.o(HEAP) refers (Special) to heapauxi.o(.text) for __use_two_region_memory
    startup_stm32f401xc.o(RESET) refers (Special) to heapauxi.o(.text) for __use_two_region_memory
    startup_stm32f401xc.o(RESET) refers to startup_stm32f401xc.o(STACK) for __initial_sp
    startup_stm32f401xc.o(RESET) refers to startup_stm32f401xc.o(.text) for Reset_Handler
    startup_stm32f401xc.o(RESET) refers to stm32f4xx_it.o(i.NMI_Handler) for NMI_Handler
    startup_stm32f401xc.o(RESET) refers to stm32f4xx_it.o(i.HardFault_Handler) for HardFault_Handler
    startup_stm32f401xc.o(RESET) refers to stm32f4xx_it.o(i.MemManage_Handler) for MemManage_Handler
    startup_stm32f401xc.o(RESET) refers to stm32f4xx_it.o(i.BusFault_Handler) for BusFault_Handler
    startup_stm32f401xc.o(RESET) refers to stm32f4xx_it.o(i.UsageFault_Handler) for UsageFault_Handler
    startup_stm32f401xc.o(RESET) refers to port.o(.emb_text) for SVC_Handler
    startup_stm32f401xc.o(RESET) refers to stm32f4xx_it.o(i.DebugMon_Handler) for DebugMon_Handler
    startup_stm32f401xc.o(RESET) refers to cmsis_os2.o(i.SysTick_Handler) for SysTick_Handler
    startup_stm32f401xc.o(RESET) refers to stm32f4xx_it.o(i.ADC_IRQHandler) for ADC_IRQHandler
    startup_stm32f401xc.o(RESET) refers to stm32f4xx_it.o(i.TIM1_BRK_TIM9_IRQHandler) for TIM1_BRK_TIM9_IRQHandler
    startup_stm32f401xc.o(RESET) refers to stm32f4xx_it.o(i.USART1_IRQHandler) for USART1_IRQHandler
    startup_stm32f401xc.o(.text) refers (Special) to heapauxi.o(.text) for __use_two_region_memory
    startup_stm32f401xc.o(.text) refers to system_stm32f4xx.o(i.SystemInit) for SystemInit
    startup_stm32f401xc.o(.text) refers to __main.o(!!!main) for __main
    startup_stm32f401xc.o(.text) refers to startup_stm32f401xc.o(HEAP) for Heap_Mem
    startup_stm32f401xc.o(.text) refers to startup_stm32f401xc.o(STACK) for Stack_Mem
    main.o(i.HAL_TIM_PeriodElapsedCallback) refers to stm32f4xx_hal.o(i.HAL_IncTick) for HAL_IncTick
    main.o(i.SystemClock_Config) refers to rt_memclr_w.o(.text) for __aeabi_memclr4
    main.o(i.SystemClock_Config) refers to stm32f4xx_hal_rcc.o(i.HAL_RCC_OscConfig) for HAL_RCC_OscConfig
    main.o(i.SystemClock_Config) refers to sys.o(i.Error_Handler) for Error_Handler
    main.o(i.SystemClock_Config) refers to stm32f4xx_hal_rcc.o(i.HAL_RCC_ClockConfig) for HAL_RCC_ClockConfig
    main.o(i.main) refers to stm32f4xx_hal.o(i.HAL_Init) for HAL_Init
    main.o(i.main) refers to main.o(i.SystemClock_Config) for SystemClock_Config
    main.o(i.main) refers to delay.o(i.delay_init) for delay_init
    main.o(i.main) refers to gpio.o(i.MX_GPIO_Init) for MX_GPIO_Init
    main.o(i.main) refers to adc.o(i.MX_ADC1_Init) for MX_ADC1_Init
    main.o(i.main) refers to tim.o(i.MX_TIM1_Init) for MX_TIM1_Init
    main.o(i.main) refers to tim.o(i.MX_TIM2_Init) for MX_TIM2_Init
    main.o(i.main) refers to tim.o(i.MX_TIM3_Init) for MX_TIM3_Init
    main.o(i.main) refers to tim.o(i.MX_TIM4_Init) for MX_TIM4_Init
    main.o(i.main) refers to tim.o(i.MX_TIM5_Init) for MX_TIM5_Init
    main.o(i.main) refers to usart.o(i.MX_USART1_UART_Init) for MX_USART1_UART_Init
    main.o(i.main) refers to dma.o(i.dma_init) for dma_init
    main.o(i.main) refers to cmsis_os2.o(i.osKernelInitialize) for osKernelInitialize
    main.o(i.main) refers to freertos.o(i.MX_FREERTOS_Init) for MX_FREERTOS_Init
    main.o(i.main) refers to cmsis_os2.o(i.osKernelStart) for osKernelStart
    gpio.o(i.MX_GPIO_Init) refers to rt_memclr_w.o(.text) for __aeabi_memclr4
    gpio.o(i.MX_GPIO_Init) refers to stm32f4xx_hal_gpio.o(i.HAL_GPIO_WritePin) for HAL_GPIO_WritePin
    gpio.o(i.MX_GPIO_Init) refers to stm32f4xx_hal_gpio.o(i.HAL_GPIO_Init) for HAL_GPIO_Init
    freertos.o(i.ADC_Task) refers to stm32f4xx_hal_adc.o(i.HAL_ADC_Start) for HAL_ADC_Start
    freertos.o(i.ADC_Task) refers to stm32f4xx_hal_adc.o(i.HAL_ADC_PollForConversion) for HAL_ADC_PollForConversion
    freertos.o(i.ADC_Task) refers to stm32f4xx_hal_adc.o(i.HAL_ADC_GetValue) for HAL_ADC_GetValue
    freertos.o(i.ADC_Task) refers to stm32f4xx_hal_adc.o(i.HAL_ADC_Stop) for HAL_ADC_Stop
    freertos.o(i.ADC_Task) refers to freertos.o(.bss) for .bss
    freertos.o(i.ADC_Task) refers to adc.o(.bss) for hadc1
    freertos.o(i.CMD_Task) refers to usart.o(.data) for g_usart_rx_sta
    freertos.o(i.MX_FREERTOS_Init) refers to tasks.o(i.xTaskCreate) for xTaskCreate
    freertos.o(i.MX_FREERTOS_Init) refers to freertos.o(.data) for .data
    freertos.o(i.MX_FREERTOS_Init) refers to freertos.o(i.start_task) for start_task
    freertos.o(i.info_Task) refers to n20.o(i.initN20) for initN20
    freertos.o(i.info_Task) refers to n20.o(i.updateN20) for updateN20
[...]
    i.HardFault_Handler                      0x0800234e   Section        0  stm32f4xx_it.o(i.HardFault_Handler)
    i.MX_ADC1_Init                           0x08002350   Section        0  adc.o(i.MX_ADC1_Init)
    i.MX_FREERTOS_Init                       0x080023dc   Section        0  freertos.o(i.MX_FREERTOS_Init)
    i.MX_GPIO_Init                           0x08002408   Section        0  gpio.o(i.MX_GPIO_Init)
    i.MX_TIM1_Init                           0x08002488   Section        0  tim.o(i.MX_TIM1_Init)
    i.MX_TIM2_Init                           0x08002574   Section        0  tim.o(i.MX_TIM2_Init)
    i.MX_TIM3_Init                           0x08002660   Section        0  tim.o(i.MX_TIM3_Init)
    i.MX_TIM4_Init                           0x080026d4   Section        0  tim.o(i.MX_TIM4_Init)
    i.MX_TIM5_Init                           0x08002750   Section        0  tim.o(i.MX_TIM5_Init)
    i.MX_USART1_UART_Init                    0x080027cc   Section        0  usart.o(i.MX_USART1_UART_Init)
    i.MemManage_Handler                      0x08002810   Section        0  stm32f4xx_it.o(i.MemManage_Handler)
    i.NMI_Handler                            0x08002812   Section        0  stm32f4xx_it.o(i.NMI_Handler)
    i.PID                                    0x08002814   Section        0  pid.o(i.PID)
    i.SysTick_Handler                        0x080028dc   Section        0  cmsis_os2.o(i.SysTick_Handler)
    i.SystemClock_Config                     0x080028f8   Section        0  main.o(i.SystemClock_Config)
    i.SystemInit                             0x08002988   Section        0  system_stm32f4xx.o(i.SystemInit)
    i.TIM1_BRK_TIM9_IRQHandler               0x08002998   Section        0  stm32f4xx_it.o(i.TIM1_BRK_TIM9_IRQHandler)
    i.TIM_Base_SetConfig                     0x080029b4   Section        0  stm32f4xx_hal_tim.o(i.TIM_Base_SetConfig)
    i.TIM_CCxChannelCmd                      0x08002a4c   Section        0  stm32f4xx_hal_tim.o(i.TIM_CCxChannelCmd)
    i.TIM_ETR_SetConfig                      0x08002a66   Section        0  stm32f4xx_hal_tim.o(i.TIM_ETR_SetConfig)
    i.TIM_ITRx_SetConfig                     0x08002a7a   Section        0  stm32f4xx_hal_tim.o(i.TIM_ITRx_SetConfig)
    TIM_ITRx_SetConfig                       0x08002a7b   Thumb Code    16  stm32f4xx_hal_tim.o(i.TIM_ITRx_SetConfig)
    i.TIM_OC1_SetConfig                      0x08002a8c   Section        0  stm32f4xx_hal_tim.o(i.TIM_OC1_SetConfig)
    TIM_OC1_SetConfig                        0x08002a8d   Thumb Code    74  stm32f4xx_hal_tim.o(i.TIM_OC1_SetConfig)
    i.TIM_OC2_SetConfig                      0x08002adc   Section        0  stm32f4xx_hal_tim.o(i.TIM_OC2_SetConfig)
    i.TIM_OC3_SetConfig                      0x08002b34   Section        0  stm32f4xx_hal_tim.o(i.TIM_OC3_SetConfig)
    TIM_OC3_SetConfig                        0x08002b35   Thumb Code    82  stm32f4xx_hal_tim.o(i.TIM_OC3_SetConfig)
    i.TIM_OC4_SetConfig                      0x08002b8c   Section        0  stm32f4xx_hal_tim.o(i.TIM_OC4_SetConfig)
    TIM_OC4_SetConfig                        0x08002b8d   Thumb Code    64  stm32f4xx_hal_tim.o(i.TIM_OC4_SetConfig)
    i.TIM_TI1_ConfigInputStage               0x08002bd0   Section        0  stm32f4xx_hal_tim.o(i.TIM_TI1_ConfigInputStage)
    TIM_TI1_ConfigInputStage                 0x08002bd1   Thumb Code    34  stm32f4xx_hal_tim.o(i.TIM_TI1_ConfigInputStage)
    i.TIM_TI2_ConfigInputStage               0x08002bf2   Section        0  stm32f4xx_hal_tim.o(i.TIM_TI2_ConfigInputStage)
    TIM_TI2_ConfigInputStage                 0x08002bf3   Thumb Code    36  stm32f4xx_hal_tim.o(i.TIM_TI2_ConfigInputStage)
    i.UART_DMAAbortOnError                   0x08002c16   Section        0  stm32f4xx_hal_uart.o(i.UART_DMAAbortOnError)
    UART_DMAAbortOnError                     0x08002c17   Thumb Code    16  stm32f4xx_hal_uart.o(i.UART_DMAAbortOnError)
    i.UART_EndRxTransfer                     0x08002c26   Section        0  stm32f4xx_hal_uart.o(i.UART_EndRxTransfer)
    UART_EndRxTransfer                       0x08002c27   Thumb Code    78  stm32f4xx_hal_uart.o(i.UART_EndRxTransfer)
    i.UART_Receive_IT                        0x08002c74   Section        0  stm32f4xx_hal_uart.o(i.UART_Receive_IT)
    UART_Receive_IT                          0x08002c75   Thumb Code   192  stm32f4xx_hal_uart.o(i.UART_Receive_IT)
    i.UART_SetConfig                         0x08002d34   Section        0  stm32f4xx_hal_uart.o(i.UART_SetConfig)
    UART_SetConfig                           0x08002d35   Thumb Code   258  stm32f4xx_hal_uart.o(i.UART_SetConfig)
    i.UART_Start_Receive_IT                  0x08002e40   Section        0  stm32f4xx_hal_uart.o(i.UART_Start_Receive_IT)
    i.USART1_IRQHandler                      0x08002e7c   Section        0  stm32f4xx_it.o(i.USART1_IRQHandler)
    i.UsageFault_Handler                     0x08002e88   Section        0  stm32f4xx_it.o(i.UsageFault_Handler)
    i.__NVIC_SetPriority                     0x08002e8a   Section        0  stm32f4xx_hal_cortex.o(i.__NVIC_SetPriority)
    __NVIC_SetPriority                       0x08002e8b   Thumb Code    32  stm32f4xx_hal_cortex.o(i.__NVIC_SetPriority)
    i._sys_exit                              0x08002eaa   Section        0  usart.o(i._sys_exit)
    i.delay_init                             0x08002eac   Section        0  delay.o(i.delay_init)
    i.dma_init                               0x08002ec0   Section        0  dma.o(i.dma_init)
    i.info_Task                              0x08002f34   Section        0  freertos.o(i.info_Task)
    i.initN20                                0x08002fc8   Section        0  n20.o(i.initN20)
    i.lowPassInit                            0x08003024   Section        0  filters.o(i.lowPassInit)
    i.main                                   0x08003038   Section        0  main.o(i.main)
    i.osDelay                                0x08003084   Section        0  cmsis_os2.o(i.osDelay)
    i.osKernelInitialize                     0x080030a0   Section        0  cmsis_os2.o(i.osKernelInitialize)
    i.osKernelStart                          0x080030c4   Section        0  cmsis_os2.o(i.osKernelStart)
    i.prvAddCurrentTaskToDelayedList         0x080030fc   Section        0  tasks.o(i.prvAddCurrentTaskToDelayedList)
    prvAddCurrentTaskToDelayedList           0x080030fd   Thumb Code    84  tasks.o(i.prvAddCurrentTaskToDelayedList)
    i.prvAddNewTaskToReadyList               0x08003158   Section        0  tasks.o(i.prvAddNewTaskToReadyList)
    prvAddNewTaskToReadyList                 0x08003159   Thumb Code   190  tasks.o(i.prvAddNewTaskToReadyList)
    i.prvCheckForValidListAndQueue           0x08003228   Section        0  timers.o(i.prvCheckForValidListAndQueue)
    prvCheckForValidListAndQueue             0x08003229   Thumb Code    72  timers.o(i.prvCheckForValidListAndQueue)
    i.prvCopyDataFromQueue                   0x08003280   Section        0  queue.o(i.prvCopyDataFromQueue)
    prvCopyDataFromQueue                     0x08003281   Thumb Code    38  queue.o(i.prvCopyDataFromQueue)
    i.prvCopyDataToQueue                     0x080032a6   Section        0  queue.o(i.prvCopyDataToQueue)
    prvCopyDataToQueue                       0x080032a7   Thumb Code   108  queue.o(i.prvCopyDataToQueue)
    i.prvDeleteTCB                           0x08003312   Section        0  tasks.o(i.prvDeleteTCB)
    prvDeleteTCB                             0x08003313   Thumb Code    52  tasks.o(i.prvDeleteTCB)
    i.prvHeapInit                            0x08003348   Section        0  heap_4.o(i.prvHeapInit)
    prvHeapInit                              0x08003349   Thumb Code    66  heap_4.o(i.prvHeapInit)
    i.prvIdleTask                            0x08003394   Section        0  tasks.o(i.prvIdleTask)
    prvIdleTask                              0x08003395   Thumb Code    82  tasks.o(i.prvIdleTask)
    i.prvInitialiseNewQueue                  0x080033f4   Section        0  queue.o(i.prvInitialiseNewQueue)
    prvInitialiseNewQueue                    0x080033f5   Thumb Code    34  queue.o(i.prvInitialiseNewQueue)
    i.prvInitialiseNewTask                   0x08003418   Section        0  tasks.o(i.prvInitialiseNewTask)
    prvInitialiseNewTask                     0x08003419   Thumb Code   176  tasks.o(i.prvInitialiseNewTask)
    i.prvInsertBlockIntoFreeList             0x080034c8   Section        0  heap_4.o(i.prvInsertBlockIntoFreeList)
    prvInsertBlockIntoFreeList               0x080034c9   Thumb Code    72  heap_4.o(i.prvInsertBlockIntoFreeList)
    i.prvInsertTimerInActiveList             0x08003514   Section        0  timers.o(i.prvInsertTimerInActiveList)
    prvInsertTimerInActiveList               0x08003515   Thumb Code    52  timers.o(i.prvInsertTimerInActiveList)
    i.prvIsQueueEmpty                        0x0800354c   Section        0  queue.o(i.prvIsQueueEmpty)
    prvIsQueueEmpty                          0x0800354d   Thumb Code    28  queue.o(i.prvIsQueueEmpty)
    i.prvProcessReceivedCommands             0x08003568   Section        0  timers.o(i.prvProcessReceivedCommands)
    prvProcessReceivedCommands               0x08003569   Thumb Code   248  timers.o(i.prvProcessReceivedCommands)
    i.prvProcessTimerOrBlockTask             0x08003664   Section        0  timers.o(i.prvProcessTimerOrBlockTask)
    prvProcessTimerOrBlockTask               0x08003665   Thumb Code   182  timers.o(i.prvProcessTimerOrBlockTask)
    i.prvResetNextTaskUnblockTime            0x08003724   Section        0  tasks.o(i.prvResetNextTaskUnblockTime)
    prvResetNextTaskUnblockTime              0x08003725   Thumb Code    26  tasks.o(i.prvResetNextTaskUnblockTime)
    i.prvSampleTimeNow                       0x08003744   Section        0  timers.o(i.prvSampleTimeNow)
    prvSampleTimeNow                         0x08003745   Thumb Code    36  timers.o(i.prvSampleTimeNow)
    i.prvSwitchTimerLists                    0x0800376c   Section        0  timers.o(i.prvSwitchTimerLists)
    prvSwitchTimerLists                      0x0800376d   Thumb Code   104  timers.o(i.prvSwitchTimerLists)
    i.prvTaskExitError                       0x080037d8   Section        0  port.o(i.prvTaskExitError)
    prvTaskExitError                         0x080037d9   Thumb Code    36  port.o(i.prvTaskExitError)
    i.prvTimerTask                           0x08003800   Section        0  timers.o(i.prvTimerTask)
    prvTimerTask                             0x08003801   Thumb Code    32  timers.o(i.prvTimerTask)
    i.prvUnlockQueue                         0x08003824   Section        0  queue.o(i.prvUnlockQueue)
    prvUnlockQueue                           0x08003825   Thumb Code   106  queue.o(i.prvUnlockQueue)
    i.pvPortMalloc                           0x08003890   Section        0  heap_4.o(i.pvPortMalloc)
    i.pxPortInitialiseStack                  0x0800396c   Section        0  port.o(i.pxPortInitialiseStack)
    i.setPWM                                 0x08003998   Section        0  n20.o(i.setPWM)
    i.setSpd                                 0x08003a56   Section        0  n20.o(i.setSpd)
    i.start_task                             0x08003a74   Section        0  freertos.o(i.start_task)
    i.updateN20                              0x08003ad8   Section        0  n20.o(i.updateN20)
    i.uxListRemove                           0x08003b38   Section        0  list.o(i.uxListRemove)
    i.vApplicationGetIdleTaskMemory          0x08003b60   Section        0  cmsis_os2.o(i.vApplicationGetIdleTaskMemory)
    i.vApplicationGetTimerTaskMemory         0x08003b74   Section        0  cmsis_os2.o(i.vApplicationGetTimerTaskMemory)
    i.vListInitialise                        0x08003b8c   Section        0  list.o(i.vListInitialise)
    i.vListInitialiseItem                    0x08003ba2   Section        0  list.o(i.vListInitialiseItem)
    i.vListInsert                            0x08003ba8   Section        0  list.o(i.vListInsert)
    i.vListInsertEnd                         0x08003bd8   Section        0  list.o(i.vListInsertEnd)
    i.vPortEnterCritical                     0x08003bf0   Section        0  port.o(i.vPortEnterCritical)
    i.vPortExitCritical                      0x08003c30   Section        0  port.o(i.vPortExitCritical)
    i.vPortFree                              0x08003c58   Section        0  heap_4.o(i.vPortFree)
    i.vPortSetupTimerInterrupt               0x08003cbc   Section        0  port.o(i.vPortSetupTimerInterrupt)
    i.vPortValidateInterruptPriority         0x08003ce0   Section        0  port.o(i.vPortValidateInterruptPriority)
    i.vQueueAddToRegistry                    0x08003d34   Section        0  queue.o(i.vQueueAddToRegistry)
    i.vQueueWaitForMessageRestricted         0x08003d5c   Section        0  queue.o(i.vQueueWaitForMessageRestricted)
    i.vTaskDelay                             0x08003da0   Section        0  tasks.o(i.vTaskDelay)
    i.vTaskDelete                            0x08003dec   Section        0  tasks.o(i.vTaskDelete)
    i.vTaskInternalSetTimeOutState           0x08003e7c   Section        0  tasks.o(i.vTaskInternalSetTimeOutState)
    i.vTaskMissedYield                       0x08003e8c   Section        0  tasks.o(i.vTaskMissedYield)
    i.vTaskPlaceOnEventList                  0x08003e98   Section        0  tasks.o(i.vTaskPlaceOnEventList)
    i.vTaskPlaceOnEventListRestricted        0x08003ec8   Section        0  tasks.o(i.vTaskPlaceOnEventListRestricted)
    i.vTaskStartScheduler                    0x08003f00   Section        0  tasks.o(i.vTaskStartScheduler)
    i.vTaskSuspendAll                        0x08003f88   Section        0  tasks.o(i.vTaskSuspendAll)
    i.vTaskSwitchContext                     0x08003f98   Section        0  tasks.o(i.vTaskSwitchContext)
    i.xPortStartScheduler                    0x08003ffc   Section        0  port.o(i.xPortStartScheduler)
    i.xPortSysTickHandler                    0x080040f0   Section        0  port.o(i.xPortSysTickHandler)
    i.xQueueGenericCreateStatic              0x0800411c   Section        0  queue.o(i.xQueueGenericCreateStatic)
    i.xQueueGenericReset                     0x08004184   Section        0  queue.o(i.xQueueGenericReset)
    i.xQueueGenericSend                      0x0800420c   Section        0  queue.o(i.xQueueGenericSend)
    i.xQueueGenericSendFromISR               0x0800436c   Section        0  queue.o(i.xQueueGenericSendFromISR)
    i.xQueueReceive                          0x0800442c   Section        0  queue.o(i.xQueueReceive)
    i.xTaskCheckForTimeOut                   0x08004564   Section        0  tasks.o(i.xTaskCheckForTimeOut)
    i.xTaskCreate                            0x080045d8   Section        0  tasks.o(i.xTaskCreate)
    i.xTaskCreateStatic                      0x08004632   Section        0  tasks.o(i.xTaskCreateStatic)
    i.xTaskGetSchedulerState                 0x08004688   Section        0  tasks.o(i.xTaskGetSchedulerState)
    i.xTaskGetTickCount                      0x080046a4   Section        0  tasks.o(i.xTaskGetTickCount)
    i.xTaskIncrementTick                     0x080046b0   Section        0  tasks.o(i.xTaskIncrementTick)
    i.xTaskPriorityDisinherit                0x08004778   Section        0  tasks.o(i.xTaskPriorityDisinherit)
    i.xTaskRemoveFromEventList               0x080047f8   Section        0  tasks.o(i.xTaskRemoveFromEventList)
    i.xTaskResumeAll                         0x08004868   Section        0  tasks.o(i.xTaskResumeAll)
    i.xTimerCreateTimerTask                  0x0800492c   Section        0  timers.o(i.xTimerCreateTimerTask)
    i.xTimerGenericCommand                   0x0800498c   Section        0  timers.o(i.xTimerGenericCommand)
    x$fpl$fpinit                             0x080049f4   Section       10  fpinit.o(x$fpl$fpinit)
    $v0                                      0x080049f4   Number         0  fpinit.o(x$fpl$fpinit)
    .constdata                               0x080049fe   Section        8  stm32f4xx_hal_dma.o(.constdata)
    flagBitshiftOffset                       0x080049fe   Data           8  stm32f4xx_hal_dma.o(.constdata)
    .constdata                               0x08004a06   Section       16  system_stm32f4xx.o(.constdata)
    .constdata                               0x08004a16   Section        8  system_stm32f4xx.o(.constdata)
    .data                                    0x20000000   Section       12  freertos.o(.data)
    .data                                    0x2000000c   Section        6  adc.o(.data)
    .data                                    0x20000012   Section        4  usart.o(.data)
    .data                                    0x20000018   Section        4  delay.o(.data)
    g_fac_us                                 0x20000018   Data           4  delay.o(.data)
    .data                                    0x2000001c   Section       12  stm32f4xx_hal.o(.data)
    .data                                    0x20000028   Section        4  system_stm32f4xx.o(.data)
    .data                                    0x2000002c   Section       60  tasks.o(.data)
    uxDeletedTasksWaitingCleanUp             0x20000030   Data           4  tasks.o(.data)
    uxCurrentNumberOfTasks                   0x20000034   Data           4  tasks.o(.data)
    xTickCount                               0x20000038   Data           4  tasks.o(.data)
    uxTopReadyPriority                       0x2000003c   Data           4  tasks.o(.data)
    xSchedulerRunning                        0x20000040   Data           4  tasks.o(.data)
    xPendedTicks                             0x20000044   Data           4  tasks.o(.data)
    xYieldPending                            0x20000048   Data           4  tasks.o(.data)
    xNumOfOverflows                          0x2000004c   Data           4  tasks.o(.data)
    uxTaskNumber                             0x20000050   Data           4  tasks.o(.data)
    xNextTaskUnblockTime                     0x20000054   Data           4  tasks.o(.data)
    xIdleTaskHandle                          0x20000058   Data           4  tasks.o(.data)
    uxSchedulerSuspended                     0x2000005c   Data           4  tasks.o(.data)
    pxDelayedTaskList                        0x20000060   Data           4  tasks.o(.data)
    pxOverflowDelayedTaskList                0x20000064   Data           4  tasks.o(.data)
    .data                                    0x20000068   Section       20  timers.o(.data)
    xTimerQueue                              0x20000068   Data           4  timers.o(.data)
    xTimerTaskHandle                         0x2000006c   Data           4  timers.o(.data)
    xLastTime                                0x20000070   Data           4  timers.o(.data)
    pxCurrentTimerList                       0x20000074   Data           4  timers.o(.data)
    pxOverflowTimerList                      0x20000078   Data           4  timers.o(.data)
    .data                                    0x2000007c   Section        4  cmsis_os2.o(.data)
    KernelState                              0x2000007c   Data           4  cmsis_os2.o(.data)
    .data                                    0x20000080   Section       32  heap_4.o(.data)
    pxEnd                                    0x20000080   Data           4  heap_4.o(.data)
    xFreeBytesRemaining                      0x20000084   Data           4  heap_4.o(.data)
    xMinimumEverFreeBytesRemaining           0x20000088   Data           4  heap_4.o(.data)
    xNumberOfSuccessfulAllocations           0x2000008c   Data           4  heap_4.o(.data)
    xNumberOfSuccessfulFrees                 0x20000090   Data           4  heap_4.o(.data)
    xBlockAllocatedBit                       0x20000094   Data           4  heap_4.o(.data)
    xStart                                   0x20000098   Data           8  heap_4.o(.data)
    .data                                    0x200000a0   Section       12  port.o(.data)
    ucMaxSysCallPriority                     0x200000a0   Data           1  port.o(.data)
    uxCriticalNesting                        0x200000a4   Data           4  port.o(.data)
    ulMaxPRIGROUPValue                       0x200000a8   Data           4  port.o(.data)
    .data                                    0x200000ac   Section        4  pid.o(.data)
    .bss                                     0x200000b0   Section      336  freertos.o(.bss)
    .bss                                     0x20000200   Section       72  adc.o(.bss)
    .bss                                     0x20000248   Section      360  tim.o(.bss)
    .bss                                     0x200003b0   Section      268  usart.o(.bss)
    .bss                                     0x200004bc   Section       72  stm32f4xx_hal_timebase_tim.o(.bss)
    .bss                                     0x20000504   Section       64  queue.o(.bss)
    .bss                                     0x20000544   Section     1220  tasks.o(.bss)
    pxReadyTasksLists                        0x20000544   Data        1120  tasks.o(.bss)
    xDelayedTaskList1                        0x200009a4   Data          20  tasks.o(.bss)
    xDelayedTaskList2                        0x200009b8   Data          20  tasks.o(.bss)
    xPendingReadyList                        0x200009cc   Data          20  tasks.o(.bss)
    xTasksWaitingTermination                 0x200009e0   Data          20  tasks.o(.bss)
    xSuspendedTaskList                       0x200009f4   Data          20  tasks.o(.bss)
    .bss                                     0x20000a08   Section      280  timers.o(.bss)
    xStaticTimerQueue                        0x20000a08   Data          80  timers.o(.bss)
    ucStaticTimerQueueStorage                0x20000a58   Data         160  timers.o(.bss)
    xActiveTimerList1                        0x20000af8   Data          20  timers.o(.bss)
    xActiveTimerList2                        0x20000b0c   Data          20  timers.o(.bss)
    .bss                                     0x20000b20   Section     1720  cmsis_os2.o(.bss)
    Idle_TCB                                 0x20000b20   Data          92  cmsis_os2.o(.bss)
    Idle_Stack                               0x20000b7c   Data         512  cmsis_os2.o(.bss)
    Timer_TCB                                0x20000d7c   Data          92  cmsis_os2.o(.bss)
    Timer_Stack                              0x20000dd8   Data        1024  cmsis_os2.o(.bss)
    .bss                                     0x200011d8   Section    15360  heap_4.o(.bss)
    ucHeap                                   0x200011d8   Data       15360  heap_4.o(.bss)
    .bss                                     0x20004dd8   Section       96  dma.o(.bss)
    .bss                                     0x20004e38   Section       96  libspace.o(.bss)
    HEAP                                     0x20004e98   Section      512  startup_stm32f401xc.o(HEAP)
    Heap_Mem                                 0x20004e98   Data         512  startup_stm32f401xc.o(HEAP)
    STACK                                    0x20005098   Section     1024  startup_stm32f401xc.o(STACK)
    Stack_Mem                                0x20005098   Data        1024  startup_stm32f401xc.o(STACK)
    __initial_sp                             0x20005498   Data           0  startup_stm32f401xc.o(STACK)

    Global Symbols

    Symbol Name                              Value     Ov Type        Size  Object(Section)

    BuildAttributes$$THM_ISAv4$E$P$D$K$B$S$7EM$VFPi3$EXTD16$VFPS$VFMA$PE$A:L22UL41UL21$X:L11$S22US41US21$IEEE1$IW$USESV6$~STKCKD$USESV7$~SHL$OSPACE$ROPI$EBA8$UX$STANDARDLIB$REQ8$PRES8$EABIv2 0x00000000   Number         0  anon$$obj.o ABSOLUTE
    __ARM_use_no_argv                        0x00000000   Number         0  main.o ABSOLUTE
    __ARM_exceptions_init                     - Undefined Weak Reference
    __alloca_initialize                       - Undefined Weak Reference
    __arm_preinit_                            - Undefined Weak Reference
    __cpp_initialize__aeabi_                  - Undefined Weak Reference
    __cxa_finalize                            - Undefined Weak Reference
    __rt_locale                               - Undefined Weak Reference
    __sigvec_lookup                           - Undefined Weak Reference
    _atexit_init                              - Undefined Weak Reference
    _call_atexit_fns                          - Undefined Weak Reference
    _clock_init                               - Undefined Weak Reference
    _fp_trap_init                             - Undefined Weak Reference
    _fp_trap_shutdown                         - Undefined Weak Reference
    _get_lc_collate                           - Undefined Weak Reference
    _get_lc_ctype                             - Undefined Weak Reference
    _get_lc_monetary                          - Undefined Weak Reference
    _get_lc_numeric                           - Undefined Weak Reference
    _get_lc_time                              - Undefined Weak Reference
    _getenv_init                              - Undefined Weak Reference
    _handle_redirection                       - Undefined Weak Reference
    _init_alloc                               - Undefined Weak Reference
    _init_user_alloc                          - Undefined Weak Reference
    _initio                                   - Undefined Weak Reference
    _rand_init                                - Undefined Weak Reference
    _signal_finish                            - Undefined Weak Reference
    _signal_init                              - Undefined Weak Reference
    _terminate_alloc                          - Undefined Weak Reference
    _terminate_user_alloc                     - Undefined Weak Reference
    _terminateio                              - Undefined Weak Reference
    __Vectors_Size                           0x00000194   Number         0  startup_stm32f401xc.o ABSOLUTE
    __Vectors                                0x08000000   Data           4  startup_stm32f401xc.o(RESET)
    __Vectors_End                            0x08000194   Data           0  startup_stm32f401xc.o(RESET)
    __main                                   0x08000195   Thumb Code     8  __main.o(!!!main)
    __scatterload                            0x0800019d   Thumb Code     0  __scatter.o(!!!scatter)
    __scatterload_rt2                        0x0800019d   Thumb Code    44  __scatter.o(!!!scatter)
    __scatterload_rt2_thumb_only             0x0800019d   Thumb Code     0  __scatter.o(!!!scatter)
    __scatterload_null                       0x080001ab   Thumb Code     0  __scatter.o(!!!scatter)
    __scatterload_copy                       0x080001d1   Thumb Code    26  __scatter_copy.o(!!handler_copy)
    __scatterload_zeroinit                   0x080001ed   Thumb Code    28  __scatter_zi.o(!!handler_zi)
    __rt_lib_init                            0x08000209   Thumb Code     0  libinit.o(.ARM.Collect$$libinit$$00000000)
    __rt_lib_init_fp_1                       0x0800020b   Thumb Code     0  libinit2.o(.ARM.Collect$$libinit$$00000001)
    __rt_lib_init_alloca_1                   0x0800020f   Thumb Code     0  libinit2.o(.ARM.Collect$$libinit$$0000002E)
    __rt_lib_init_argv_1                     0x0800020f   Thumb Code     0  libinit2.o(.ARM.Collect$$libinit$$0000002C)
    __rt_lib_init_atexit_1                   0x0800020f   Thumb Code     0  libinit2.o(.ARM.Collect$$libinit$$0000001B)
    __rt_lib_init_clock_1                    0x0800020f   Thumb Code     0  libinit2.o(.ARM.Collect$$libinit$$00000021)
    __rt_lib_init_cpp_1                      0x0800020f   Thumb Code     0  libinit2.o(.ARM.Collect$$libinit$$00000032)
    __rt_lib_init_exceptions_1               0x0800020f   Thumb Code     0  libinit2.o(.ARM.Collect$$libinit$$00000030)
    __rt_lib_init_fp_trap_1                  0x0800020f   Thumb Code     0  libinit2.o(.ARM.Collect$$libinit$$0000001F)
    __rt_lib_init_getenv_1                   0x0800020f   Thumb Code     0  libinit2.o(.ARM.Collect$$libinit$$00000023)
    __rt_lib_init_heap_1                     0x0800020f   Thumb Code     0  libinit2.o(.ARM.Collect$$libinit$$0000000A)
    __rt_lib_init_lc_collate_1               0x0800020f   Thumb Code     0  libinit2.o(.ARM.Collect$$libinit$$00000011)
    __rt_lib_init_lc_ctype_1                 0x0800020f   Thumb Code     0  libinit2.o(.ARM.Collect$$libinit$$00000013)
    __rt_lib_init_lc_monetary_1              0x0800020f   Thumb Code     0  libinit2.o(.ARM.Collect$$libinit$$00000015)
    __rt_lib_init_lc_numeric_1               0x0800020f   Thumb Code     0  libinit2.o(.ARM.Collect$$libinit$$00000017)
    __rt_lib_init_lc_time_1                  0x0800020f   Thumb Code     0  libinit2.o(.ARM.Collect$$libinit$$00000019)
    __rt_lib_init_preinit_1                  0x0800020f   Thumb Code     0  libinit2.o(.ARM.Collect$$libinit$$00000004)
    __rt_lib_init_rand_1                     0x0800020f   Thumb Code     0  libinit2.o(.ARM.Collect$$libinit$$0000000E)
    __rt_lib_init_return                     0x0800020f   Thumb Code     0  libinit2.o(.ARM.Collect$$libinit$$00000033)
    __rt_lib_init_signal_1                   0x0800020f   Thumb Code     0  libinit2.o(.ARM.Collect$$libinit$$0000001D)
    __rt_lib_init_stdio_1                    0x0800020f   Thumb Code     0  libinit2.o(.ARM.Collect$$libinit$$00000025)
    __rt_lib_init_user_alloc_1               0x0800020f   Thumb Code     0  libinit2.o(.ARM.Collect$$libinit$$0000000C)
    __rt_lib_shutdown                        0x08000211   Thumb Code     0  libshutdown.o(.ARM.Collect$$libshutdown$$00000000)
    __rt_lib_shutdown_cpp_1                  0x08000213   Thumb Code     0  libshutdown2.o(.ARM.Collect$$libshutdown$$00000002)
    __rt_lib_shutdown_fp_trap_1              0x08000213   Thumb Code     0  libshutdown2.o(.ARM.Collect$$libshutdown$$00000007)
    __rt_lib_shutdown_heap_1                 0x08000213   Thumb Code     0  libshutdown2.o(.ARM.Collect$$libshutdown$$0000000F)
    __rt_lib_shutdown_return                 0x08000213   Thumb Code     0  libshutdown2.o(.ARM.Collect$$libshutdown$$00000010)
    __rt_lib_shutdown_signal_1               0x08000213   Thumb Code     0  libshutdown2.o(.ARM.Collect$$libshutdown$$0000000A)
    __rt_lib_shutdown_stdio_1                0x08000213   Thumb Code     0  libshutdown2.o(.ARM.Collect$$libshutdown$$00000004)
    __rt_lib_shutdown_user_alloc_1           0x08000213   Thumb Code     0  libshutdown2.o(.ARM.Collect$$libshutdown$$0000000C)
    __rt_entry                               0x08000215   Thumb Code     0  __rtentry.o(.ARM.Collect$$rtentry$$00000000)
    __rt_entry_presh_1                       0x08000215   Thumb Code     0  __rtentry2.o(.ARM.Collect$$rtentry$$00000002)
    __rt_entry_sh                            0x08000215   Thumb Code     0  __rtentry4.o(.ARM.Collect$$rtentry$$00000004)
    __rt_entry_li                            0x0800021b   Thumb Code     0  __rtentry2.o(.ARM.Collect$$rtentry$$0000000A)
    __rt_entry_postsh_1                      0x0800021b   Thumb Code     0  __rtentry2.o(.ARM.Collect$$rtentry$$00000009)
    __rt_entry_main                          0x0800021f   Thumb Code     0  __rtentry2.o(.ARM.Collect$$rtentry$$0000000D)
    __rt_entry_postli_1                      0x0800021f   Thumb Code     0  __rtentry2.o(.ARM.Collect$$rtentry$$0000000C)
    __rt_exit                                0x08000227   Thumb Code     0  rtexit.o(.ARM.Collect$$rtexit$$00000000)
    __rt_exit_ls                             0x08000229   Thumb Code     0  rtexit2.o(.ARM.Collect$$rtexit$$00000003)
    __rt_exit_prels_1                        0x08000229   Thumb Code     0  rtexit2.o(.ARM.Collect$$rtexit$$00000002)
    __rt_exit_exit                           0x0800022d   Thumb Code     0  rtexit2.o(.ARM.Collect$$rtexit$$00000004)
    SVC_Handler                              0x08000235   Thumb Code    28  port.o(.emb_text)
    __asm___6_port_c_39a90d8d__prvStartFirstTask 0x08000255   Thumb Code    36  port.o(.emb_text)
    __asm___6_port_c_39a90d8d__prvEnableVFP  0x0800027d   Thumb Code    16  port.o(.emb_text)
    PendSV_Handler                           0x08000291   Thumb Code    88  port.o(.emb_text)
    vPortGetIPSR                             0x080002ed   Thumb Code     6  port.o(.emb_text)
    Reset_Handler                            0x080002f5   Thumb Code     8  startup_stm32f401xc.o(.text)
    DMA1_Stream0_IRQHandler                  0x0800030f   Thumb Code     0  startup_stm32f401xc.o(.text)
    DMA1_Stream1_IRQHandler                  0x0800030f   Thumb Code     0  startup_stm32f401xc.o(.text)
    DMA1_Stream2_IRQHandler                  0x0800030f   Thumb Code     0  startup_stm32f401xc.o(.text)
    DMA1_Stream3_IRQHandler                  0x0800030f   Thumb Code     0  startup_stm32f401xc.o(.text)
    DMA1_Stream4_IRQHandler                  0x0800030f   Thumb Code     0  startup_stm32f401xc.o(.text)
    DMA1_Stream5_IRQHandler                  0x0800030f   Thumb Code     0  startup_stm32f401xc.o(.text)
    DMA1_Stream6_IRQHandler                  0x0800030f   Thumb Code     0  startup_stm32f401xc.o(.text)
    DMA1_Stream7_IRQHandler                  0x0800030f   Thumb Code     0  startup_stm32f401xc.o(.text)
    DMA2_Stream0_IRQHandler                  0x0800030f   Thumb Code     0  startup_stm32f401xc.o(.text)
    DMA2_Stream1_IRQHandler                  0x0800030f   Thumb Code     0  startup_stm32f401xc.o(.text)
    DMA2_Stream2_IRQHandler                  0x0800030f   Thumb Code     0  startup_stm32f401xc.o(.text)
    DMA2_Stream3_IRQHandler                  0x0800030f   Thumb Code     0  startup_stm32f401xc.o(.text)
    DMA2_Stream4_IRQHandler                  0x0800030f   Thumb Code     0  startup_stm32f401xc.o(.text)
    DMA2_Stream5_IRQHandler                  0x0800030f   Thumb Code     0  startup_stm32f401xc.o(.text)
    DMA2_Stream6_IRQHandler                  0x0800030f   Thumb Code     0  startup_stm32f401xc.o(.text)
    DMA2_Stream7_IRQHandler                  0x0800030f   Thumb Code     0  startup_stm32f401xc.o(.text)
    EXTI0_IRQHandler                         0x0800030f   Thumb Code     0  startup_stm32f401xc.o(.text)
    EXTI15_10_IRQHandler                     0x0800030f   Thumb Code     0  startup_stm32f401xc.o(.text)
    EXTI1_IRQHandler                         0x0800030f   Thumb Code     0  startup_stm32f401xc.o(.text)
    EXTI2_IRQHandler                         0x0800030f   Thumb Code     0  startup_stm32f401xc.o(.text)
    EXTI3_IRQHandler                         0x0800030f   Thumb Code     0  startup_stm32f401xc.o(.text)
    EXTI4_IRQHandler                         0x0800030f   Thumb Code     0  startup_stm32f401xc.o(.text)
    EXTI9_5_IRQHandler                       0x0800030f   Thumb Code     0  startup_stm32f401xc.o(.text)
    FLASH_IRQHandler                         0x0800030f   Thumb Code     0  startup_stm32f401xc.o(.text)
    FPU_IRQHandler                           0x0800030f   Thumb Code     0  startup_stm32f401xc.o(.text)
    I2C1_ER_IRQHandler                       0x0800030f   Thumb Code     0  startup_stm32f401xc.o(.text)
    I2C1_EV_IRQHandler                       0x0800030f   Thumb Code     0  startup_stm32f401xc.o(.text)
    I2C2_ER_IRQHandler                       0x0800030f   Thumb Code     0  startup_stm32f401xc.o(.text)
    I2C2_EV_IRQHandler                       0x0800030f   Thumb Code     0  startup_stm32f401xc.o(.text)
    I2C3_ER_IRQHandler                       0x0800030f   Thumb Code     0  startup_stm32f401xc.o(.text)
    I2C3_EV_IRQHandler                       0x0800030f   Thumb Code     0  startup_stm32f401xc.o(.text)
    OTG_FS_IRQHandler                        0x0800030f   Thumb Code     0  startup_stm32f401xc.o(.text)
    OTG_FS_WKUP_IRQHandler                   0x0800030f   Thumb Code     0  startup_stm32f401xc.o(.text)
    PVD_IRQHandler                           0x0800030f   Thumb Code     0  startup_stm32f401xc.o(.text)
    RCC_IRQHandler                           0x0800030f   Thumb Code     0  startup_stm32f401xc.o(.text)
    RTC_Alarm_IRQHandler                     0x0800030f   Thumb Code     0  startup_stm32f401xc.o(.text)
    RTC_WKUP_IRQHandler                      0x0800030f   Thumb Code     0  startup_stm32f401xc.o(.text)
    SDIO_IRQHandler                          0x0800030f   Thumb Code     0  startup_stm32f401xc.o(.text)
    SPI1_IRQHandler                          0x0800030f   Thumb Code     0  startup_stm32f401xc.o(.text)
    SPI2_IRQHandler                          0x0800030f   Thumb Code     0  startup_stm32f401xc.o(.text)
    SPI3_IRQHandler                          0x0800030f   Thumb Code     0  startup_stm32f401xc.o(.text)
    SPI4_IRQHandler                          0x0800030f   Thumb Code     0  startup_stm32f401xc.o(.text)
    TAMP_STAMP_IRQHandler                    0x0800030f   Thumb Code     0  startup_stm32f401xc.o(.text)
    TIM1_CC_IRQHandler                       0x0800030f   Thumb Code     0  startup_stm32f401xc.o(.text)
    TIM1_TRG_COM_TIM11_IRQHandler            0x0800030f   Thumb Code     0  startup_stm32f401xc.o(.text)
    TIM1_UP_TIM10_IRQHandler                 0x0800030f   Thumb Code     0  startup_stm32f401xc.o(.text)
    TIM2_IRQHandler                          0x0800030f   Thumb Code     0  startup_stm32f401xc.o(.text)
    TIM3_IRQHandler                          0x0800030f   Thumb Code     0  startup_stm32f401xc.o(.text)
    TIM4_IRQHandler                          0x0800030f   Thumb Code     0  startup_stm32f401xc.o(.text)
    TIM5_IRQHandler                          0x0800030f   Thumb Code     0  startup_stm32f401xc.o(.text)
    USART2_IRQHandler                        0x0800030f   Thumb Code     0  startup_stm32f401xc.o(.text)
    USART6_IRQHandler                        0x0800030f   Thumb Code     0  startup_stm32f401xc.o(.text)
    WWDG_IRQHandler                          0x0800030f   Thumb Code     0  startup_stm32f401xc.o(.text)
    __user_initial_stackheap                 0x08000311   Thumb Code     0  startup_stm32f401xc.o(.text)
    __use_no_semihosting                     0x08000335   Thumb Code     2  use_no_semi_2.o(.text)
    __aeabi_uldivmod                         0x08000337   Thumb Code     0  lludivv7m.o(.text)
    _ll_udiv                                 0x08000337   Thumb Code   238  lludivv7m.o(.text)
    __aeabi_memcpy                           0x08000425   Thumb Code     0  rt_memcpy_v6.o(.text)
    __rt_memcpy                              0x08000425   Thumb Code   138  rt_memcpy_v6.o(.text)
    _memcpy_lastbytes                        0x0800048b   Thumb Code     0  rt_memcpy_v6.o(.text)
    __aeabi_memset                           0x080004af   Thumb Code    16  aeabi_memset.o(.text)
    __aeabi_memclr4                          0x080004bf   Thumb Code     0  rt_memclr_w.o(.text)
    __aeabi_memclr8                          0x080004bf   Thumb Code     0  rt_memclr_w.o(.text)
    __rt_memclr_w                            0x080004bf   Thumb Code    78  rt_memclr_w.o(.text)
    _memset_w                                0x080004c3   Thumb Code     0  rt_memclr_w.o(.text)
    __use_two_region_memory                  0x0800050d   Thumb Code     2  heapauxi.o(.text)
    __rt_heap_escrow$2region                 0x0800050f   Thumb Code     2  heapauxi.o(.text)
    __rt_heap_expand$2region                 0x08000511   Thumb Code     2  heapauxi.o(.text)
    __semihosting$guard                      0x08000513   Thumb Code     0  use_no_semi.o(.text)
    __use_no_semihosting_swi                 0x08000513   Thumb Code     2  use_no_semi.o(.text)
    __aeabi_memcpy4                          0x08000515   Thumb Code     0  rt_memcpy_w.o(.text)
    __aeabi_memcpy8                          0x08000515   Thumb Code     0  rt_memcpy_w.o(.text)
    __rt_memcpy_w                            0x08000515   Thumb Code   100  rt_memcpy_w.o(.text)
    _memcpy_lastbytes_aligned                0x0800055d   Thumb Code     0  rt_memcpy_w.o(.text)
    __aeabi_memclr                           0x08000579   Thumb Code     0  rt_memclr.o(.text)
    __rt_memclr                              0x08000579   Thumb Code    68  rt_memclr.o(.text)
    _memset                                  0x0800057d   Thumb Code     0  rt_memclr.o(.text)
    __user_setup_stackheap                   0x080005bd   Thumb Code    74  sys_stackheap_outer.o(.text)
    exit                                     0x08000607   Thumb Code    18  exit.o(.text)
    __user_libspace                          0x08000619   Thumb Code     8  libspace.o(.text)
    __user_perproc_libspace                  0x08000619   Thumb Code     0  libspace.o(.text)
    __user_perthread_libspace                0x08000619   Thumb Code     0  libspace.o(.text)
    ADC_IRQHandler                           0x08000621   Thumb Code     6  stm32f4xx_it.o(i.ADC_IRQHandler)
    BusFault_Handler                         0x08000755   Thumb Code     2  stm32f4xx_it.o(i.BusFault_Handler)
    CMD_Task                                 0x08000759   Thumb Code    14  freertos.o(i.CMD_Task)
    DebugMon_Handler                         0x080007e9   Thumb Code     2  stm32f4xx_it.o(i.DebugMon_Handler)
    Error_Handler                            0x080007eb   Thumb Code     4  sys.o(i.Error_Handler)
    HAL_ADCEx_InjectedConvCpltCallback       0x080007ef   Thumb Code     2  stm32f4xx_hal_adc_ex.o(i.HAL_ADCEx_InjectedConvCpltCallback)
    HAL_ADC_ConfigChannel                    0x080007f1   Thumb Code   316  stm32f4xx_hal_adc.o(i.HAL_ADC_ConfigChannel)
    HAL_ADC_ConvCpltCallback                 0x0800093d   Thumb Code    38  adc.o(i.HAL_ADC_ConvCpltCallback)
    HAL_ADC_ErrorCallback                    0x08000971   Thumb Code     2  stm32f4xx_hal_adc.o(i.HAL_ADC_ErrorCallback)
    HAL_ADC_GetValue                         0x08000973   Thumb Code     6  stm32f4xx_hal_adc.o(i.HAL_ADC_GetValue)
    HAL_ADC_IRQHandler                       0x08000979   Thumb Code   302  stm32f4xx_hal_adc.o(i.HAL_ADC_IRQHandler)
    HAL_ADC_Init                             0x08000aa7   Thumb Code    84  stm32f4xx_hal_adc.o(i.HAL_ADC_Init)
    HAL_ADC_LevelOutOfWindowCallback         0x08000afb   Thumb Code     2  stm32f4xx_hal_adc.o(i.HAL_ADC_LevelOutOfWindowCallback)
    HAL_ADC_MspInit                          0x08000afd   Thumb Code   132  adc.o(i.HAL_ADC_MspInit)
    HAL_DMA_Abort                            0x08000b91   Thumb Code   146  stm32f4xx_hal_dma.o(i.HAL_DMA_Abort)
    HAL_DMA_Abort_IT                         0x08000c23   Thumb Code    36  stm32f4xx_hal_dma.o(i.HAL_DMA_Abort_IT)
    HAL_DMA_DeInit                           0x08000c47   Thumb Code    98  stm32f4xx_hal_dma.o(i.HAL_DMA_DeInit)
    HAL_DMA_Init                             0x08000ca9   Thumb Code   206  stm32f4xx_hal_dma.o(i.HAL_DMA_Init)
    HAL_GPIO_Init                            0x08000d7d   Thumb Code   446  stm32f4xx_hal_gpio.o(i.HAL_GPIO_Init)
    HAL_GPIO_WritePin                        0x08000f5d   Thumb Code    10  stm32f4xx_hal_gpio.o(i.HAL_GPIO_WritePin)
    HAL_GetTick                              0x08000f69   Thumb Code     6  stm32f4xx_hal.o(i.HAL_GetTick)
    HAL_IncTick                              0x08000f75   Thumb Code    12  stm32f4xx_hal.o(i.HAL_IncTick)
    HAL_Init                                 0x08000f85   Thumb Code    48  stm32f4xx_hal.o(i.HAL_Init)
    HAL_InitTick                             0x08000fb9   Thumb Code   118  stm32f4xx_hal_timebase_tim.o(i.HAL_InitTick)
    HAL_MspInit                              0x08001045   Thumb Code    52  stm32f4xx_hal_msp.o(i.HAL_MspInit)
    HAL_NVIC_EnableIRQ                       0x0800107d   Thumb Code    26  stm32f4xx_hal_cortex.o(i.HAL_NVIC_EnableIRQ)
    HAL_NVIC_SetPriority                     0x08001099   Thumb Code    60  stm32f4xx_hal_cortex.o(i.HAL_NVIC_SetPriority)
    HAL_NVIC_SetPriorityGrouping             0x080010d9   Thumb Code    26  stm32f4xx_hal_cortex.o(i.HAL_NVIC_SetPriorityGrouping)
    HAL_RCC_ClockConfig                      0x080010fd   Thumb Code   288  stm32f4xx_hal_rcc.o(i.HAL_RCC_ClockConfig)
    HAL_RCC_GetClockConfig                   0x08001231   Thumb Code    54  stm32f4xx_hal_rcc.o(i.HAL_RCC_GetClockConfig)
    HAL_RCC_GetPCLK1Freq                     0x08001271   Thumb Code    20  stm32f4xx_hal_rcc.o(i.HAL_RCC_GetPCLK1Freq)
    HAL_RCC_GetPCLK2Freq                     0x08001291   Thumb Code    20  stm32f4xx_hal_rcc.o(i.HAL_RCC_GetPCLK2Freq)
    HAL_RCC_GetSysClockFreq                  0x080012b1   Thumb Code    88  stm32f4xx_hal_rcc.o(i.HAL_RCC_GetSysClockFreq)
    HAL_RCC_OscConfig                        0x08001315   Thumb Code   856  stm32f4xx_hal_rcc.o(i.HAL_RCC_OscConfig)
    HAL_SYSTICK_CLKSourceConfig              0x08001681   Thumb Code    24  stm32f4xx_hal_cortex.o(i.HAL_SYSTICK_CLKSourceConfig)
    HAL_TIMEx_BreakCallback                  0x08001699   Thumb Code     2  stm32f4xx_hal_tim_ex.o(i.HAL_TIMEx_BreakCallback)
    HAL_TIMEx_CommutCallback                 0x0800169b   Thumb Code     2  stm32f4xx_hal_tim_ex.o(i.HAL_TIMEx_CommutCallback)
    HAL_TIMEx_ConfigBreakDeadTime            0x0800169d   Thumb Code    84  stm32f4xx_hal_tim_ex.o(i.HAL_TIMEx_ConfigBreakDeadTime)
    HAL_TIMEx_MasterConfigSynchronization    0x080016f1   Thumb Code   104  stm32f4xx_hal_tim_ex.o(i.HAL_TIMEx_MasterConfigSynchronization)
    HAL_TIM_Base_Init                        0x0800176d   Thumb Code    90  stm32f4xx_hal_tim.o(i.HAL_TIM_Base_Init)
    HAL_TIM_Base_MspInit                     0x080017c9   Thumb Code    76  tim.o(i.HAL_TIM_Base_MspInit)
    HAL_TIM_Base_Start_IT                    0x0800181d   Thumb Code    88  stm32f4xx_hal_tim.o(i.HAL_TIM_Base_Start_IT)
    HAL_TIM_ConfigClockSource                0x08001889   Thumb Code   220  stm32f4xx_hal_tim.o(i.HAL_TIM_ConfigClockSource)
    HAL_TIM_Encoder_Init                     0x08001965   Thumb Code   164  stm32f4xx_hal_tim.o(i.HAL_TIM_Encoder_Init)
    HAL_TIM_Encoder_MspInit                  0x08001a09   Thumb Code   192  tim.o(i.HAL_TIM_Encoder_MspInit)
    HAL_TIM_Encoder_Start                    0x08001ae1   Thumb Code   142  stm32f4xx_hal_tim.o(i.HAL_TIM_Encoder_Start)
    HAL_TIM_IC_CaptureCallback               0x08001b6f   Thumb Code     2  stm32f4xx_hal_tim.o(i.HAL_TIM_IC_CaptureCallback)
    HAL_TIM_IRQHandler                       0x08001b71   Thumb Code   358  stm32f4xx_hal_tim.o(i.HAL_TIM_IRQHandler)
    HAL_TIM_MspPostInit                      0x08001cd9   Thumb Code   144  tim.o(i.HAL_TIM_MspPostInit)
    HAL_TIM_OC_DelayElapsedCallback          0x08001d79   Thumb Code     2  stm32f4xx_hal_tim.o(i.HAL_TIM_OC_DelayElapsedCallback)
    HAL_TIM_PWM_ConfigChannel                0x08001d7b   Thumb Code   204  stm32f4xx_hal_tim.o(i.HAL_TIM_PWM_ConfigChannel)
    HAL_TIM_PWM_Init                         0x08001e47   Thumb Code    90  stm32f4xx_hal_tim.o(i.HAL_TIM_PWM_Init)
    HAL_TIM_PWM_MspInit                      0x08001ea1   Thumb Code     2  stm32f4xx_hal_tim.o(i.HAL_TIM_PWM_MspInit)
    HAL_TIM_PWM_PulseFinishedCallback        0x08001ea3   Thumb Code     2  stm32f4xx_hal_tim.o(i.HAL_TIM_PWM_PulseFinishedCallback)
    HAL_TIM_PWM_Start                        0x08001ea5   Thumb Code   156  stm32f4xx_hal_tim.o(i.HAL_TIM_PWM_Start)
    HAL_TIM_PeriodElapsedCallback            0x08001f55   Thumb Code    14  main.o(i.HAL_TIM_PeriodElapsedCallback)
    HAL_TIM_TriggerCallback                  0x08001f69   Thumb Code     2  stm32f4xx_hal_tim.o(i.HAL_TIM_TriggerCallback)
    HAL_UARTEx_RxEventCallback               0x08001f6b   Thumb Code     2  stm32f4xx_hal_uart.o(i.HAL_UARTEx_RxEventCallback)
    HAL_UART_ErrorCallback                   0x08001f6d   Thumb Code     2  stm32f4xx_hal_uart.o(i.HAL_UART_ErrorCallback)
    HAL_UART_IRQHandler                      0x08001f71   Thumb Code   610  stm32f4xx_hal_uart.o(i.HAL_UART_IRQHandler)
    HAL_UART_Init                            0x080021d9   Thumb Code    98  stm32f4xx_hal_uart.o(i.HAL_UART_Init)
    HAL_UART_MspInit                         0x0800223d   Thumb Code   110  usart.o(i.HAL_UART_MspInit)
    HAL_UART_Receive_IT                      0x080022b9   Thumb Code    42  stm32f4xx_hal_uart.o(i.HAL_UART_Receive_IT)
    HAL_UART_RxCpltCallback                  0x080022e5   Thumb Code    90  usart.o(i.HAL_UART_RxCpltCallback)
    HAL_UART_TxCpltCallback                  0x0800234d   Thumb Code     2  stm32f4xx_hal_uart.o(i.HAL_UART_TxCpltCallback)
    HardFault_Handler                        0x0800234f   Thumb Code     2  stm32f4xx_it.o(i.HardFault_Handler)
    MX_ADC1_Init                             0x08002351   Thumb Code   128  adc.o(i.MX_ADC1_Init)
    MX_FREERTOS_Init                         0x080023dd   Thumb Code    24  freertos.o(i.MX_FREERTOS_Init)
    MX_GPIO_Init                             0x08002409   Thumb Code   118  gpio.o(i.MX_GPIO_Init)
    MX_TIM1_Init                             0x08002489   Thumb Code   226  tim.o(i.MX_TIM1_Init)
    MX_TIM2_Init                             0x08002575   Thumb Code   230  tim.o(i.MX_TIM2_Init)
    MX_TIM3_Init                             0x08002661   Thumb Code   106  tim.o(i.MX_TIM3_Init)
    MX_TIM4_Init                             0x080026d5   Thumb Code   116  tim.o(i.MX_TIM4_Init)
    MX_TIM5_Init                             0x08002751   Thumb Code   116  tim.o(i.MX_TIM5_Init)
    MX_USART1_UART_Init                      0x080027cd   Thumb Code    54  usart.o(i.MX_USART1_UART_Init)
    MemManage_Handler                        0x08002811   Thumb Code     2  stm32f4xx_it.o(i.MemManage_Handler)
    NMI_Handler                              0x08002813   Thumb Code     2  stm32f4xx_it.o(i.NMI_Handler)
    PID                                      0x08002815   Thumb Code   192  pid.o(i.PID)
    SysTick_Handler                          0x080028dd   Thumb Code    26  cmsis_os2.o(i.SysTick_Handler)
    SystemClock_Config                       0x080028f9   Thumb Code   134  main.o(i.SystemClock_Config)
    SystemInit                               0x08002989   Thumb Code    12  system_stm32f4xx.o(i.SystemInit)
    TIM1_BRK_TIM9_IRQHandler                 0x08002999   Thumb Code    18  stm32f4xx_it.o(i.TIM1_BRK_TIM9_IRQHandler)
    TIM_Base_SetConfig                       0x080029b5   Thumb Code   122  stm32f4xx_hal_tim.o(i.TIM_Base_SetConfig)
    TIM_CCxChannelCmd                        0x08002a4d   Thumb Code    26  stm32f4xx_hal_tim.o(i.TIM_CCxChannelCmd)
    TIM_ETR_SetConfig                        0x08002a67   Thumb Code    20  stm32f4xx_hal_tim.o(i.TIM_ETR_SetConfig)
    TIM_OC2_SetConfig                        0x08002add   Thumb Code    84  stm32f4xx_hal_tim.o(i.TIM_OC2_SetConfig)
    UART_Start_Receive_IT                    0x08002e41   Thumb Code    58  stm32f4xx_hal_uart.o(i.UART_Start_Receive_IT)
    USART1_IRQHandler                        0x08002e7d   Thumb Code     6  stm32f4xx_it.o(i.USART1_IRQHandler)
    UsageFault_Handler                       0x08002e89   Thumb Code     2  stm32f4xx_it.o(i.UsageFault_Handler)
    _sys_exit                                0x08002eab   Thumb Code     2  usart.o(i._sys_exit)
    delay_init                               0x08002ead   Thumb Code    16  delay.o(i.delay_init)
    dma_init                                 0x08002ec1   Thumb Code   100  dma.o(i.dma_init)
    info_Task                                0x08002f35   Thumb Code   122  freertos.o(i.info_Task)
    initN20                                  0x08002fc9   Thumb Code    78  n20.o(i.initN20)
    lowPassInit                              0x08003025   Thumb Code    14  filters.o(i.lowPassInit)
    main                                     0x08003039   Thumb Code    70  main.o(i.main)
    osDelay                                  0x08003085   Thumb Code    26  cmsis_os2.o(i.osDelay)
    osKernelInitialize                       0x080030a1   Thumb Code    32  cmsis_os2.o(i.osKernelInitialize)
    osKernelStart                            0x080030c5   Thumb Code    48  cmsis_os2.o(i.osKernelStart)
    pvPortMalloc                             0x08003891   Thumb Code   216  heap_4.o(i.pvPortMalloc)
    pxPortInitialiseStack                    0x0800396d   Thumb Code    40  port.o(i.pxPortInitialiseStack)
    setPWM                                   0x08003999   Thumb Code   190  n20.o(i.setPWM)
    setSpd                                   0x08003a57   Thumb Code    28  n20.o(i.setSpd)
    start_task                               0x08003a75   Thumb Code    66  freertos.o(i.start_task)
    updateN20                                0x08003ad9   Thumb Code    92  n20.o(i.updateN20)
    uxListRemove                             0x08003b39   Thumb Code    38  list.o(i.uxListRemove)
    vApplicationGetIdleTaskMemory            0x08003b61   Thumb Code    16  cmsis_os2.o(i.vApplicationGetIdleTaskMemory)
    vApplicationGetTimerTaskMemory           0x08003b75   Thumb Code    18  cmsis_os2.o(i.vApplicationGetTimerTaskMemory)
    vListInitialise                          0x08003b8d   Thumb Code    22  list.o(i.vListInitialise)
    vListInitialiseItem                      0x08003ba3   Thumb Code     6  list.o(i.vListInitialiseItem)
    vListInsert                              0x08003ba9   Thumb Code    48  list.o(i.vListInsert)
    vListInsertEnd                           0x08003bd9   Thumb Code    24  list.o(i.vListInsertEnd)
    vPortEnterCritical                       0x08003bf1   Thumb Code    54  port.o(i.vPortEnterCritical)
    vPortExitCritical                        0x08003c31   Thumb Code    34  port.o(i.vPortExitCritical)
    vPortFree                                0x08003c59   Thumb Code    94  heap_4.o(i.vPortFree)
    vPortSetupTimerInterrupt                 0x08003cbd   Thumb Code    32  port.o(i.vPortSetupTimerInterrupt)
    vPortValidateInterruptPriority           0x08003ce1   Thumb Code    74  port.o(i.vPortValidateInterruptPriority)
    vQueueAddToRegistry                      0x08003d35   Thumb Code    34  queue.o(i.vQueueAddToRegistry)
    vQueueWaitForMessageRestricted           0x08003d5d   Thumb Code    68  queue.o(i.vQueueWaitForMessageRestricted)
    vTaskDelay                               0x08003da1   Thumb Code    66  tasks.o(i.vTaskDelay)
    vTaskDelete                              0x08003ded   Thumb Code   130  tasks.o(i.vTaskDelete)
    vTaskInternalSetTimeOutState             0x08003e7d   Thumb Code    12  tasks.o(i.vTaskInternalSetTimeOutState)
    vTaskMissedYield                         0x08003e8d   Thumb Code     8  tasks.o(i.vTaskMissedYield)
    vTaskPlaceOnEventList                    0x08003e99   Thumb Code    44  tasks.o(i.vTaskPlaceOnEventList)
    vTaskPlaceOnEventListRestricted          0x08003ec9   Thumb Code    52  tasks.o(i.vTaskPlaceOnEventListRestricted)
    vTaskStartScheduler                      0x08003f01   Thumb Code   118  tasks.o(i.vTaskStartScheduler)
    vTaskSuspendAll                          0x08003f89   Thumb Code    10  tasks.o(i.vTaskSuspendAll)
    vTaskSwitchContext                       0x08003f99   Thumb Code    90  tasks.o(i.vTaskSwitchContext)
    xPortStartScheduler                      0x08003ffd   Thumb Code   222  port.o(i.xPortStartScheduler)
    xPortSysTickHandler                      0x080040f1   Thumb Code    38  port.o(i.xPortSysTickHandler)
    xQueueGenericCreateStatic                0x0800411d   Thumb Code   102  queue.o(i.xQueueGenericCreateStatic)
    xQueueGenericReset                       0x08004185   Thumb Code   132  queue.o(i.xQueueGenericReset)
    xQueueGenericSend                        0x0800420d   Thumb Code   346  queue.o(i.xQueueGenericSend)
    xQueueGenericSendFromISR                 0x0800436d   Thumb Code   190  queue.o(i.xQueueGenericSendFromISR)
    xQueueReceive                            0x0800442d   Thumb Code   308  queue.o(i.xQueueReceive)
    xTaskCheckForTimeOut                     0x08004565   Thumb Code   112  tasks.o(i.xTaskCheckForTimeOut)
    xTaskCreate                              0x080045d9   Thumb Code    90  tasks.o(i.xTaskCreate)
    xTaskCreateStatic                        0x08004633   Thumb Code    86  tasks.o(i.xTaskCreateStatic)
    xTaskGetSchedulerState                   0x08004689   Thumb Code    22  tasks.o(i.xTaskGetSchedulerState)
    xTaskGetTickCount                        0x080046a5   Thumb Code     6  tasks.o(i.xTaskGetTickCount)
    xTaskIncrementTick                       0x080046b1   Thumb Code   192  tasks.o(i.xTaskIncrementTick)
    xTaskPriorityDisinherit                  0x08004779   Thumb Code   118  tasks.o(i.xTaskPriorityDisinherit)
    xTaskRemoveFromEventList                 0x080047f9   Thumb Code    98  tasks.o(i.xTaskRemoveFromEventList)
    xTaskResumeAll                           0x08004869   Thumb Code   182  tasks.o(i.xTaskResumeAll)
    xTimerCreateTimerTask                    0x0800492d   Thumb Code    78  timers.o(i.xTimerCreateTimerTask)
    xTimerGenericCommand                     0x0800498d   Thumb Code    98  timers.o(i.xTimerGenericCommand)
    _fp_init                                 0x080049f5   Thumb Code    10  fpinit.o(x$fpl$fpinit)
    __fplib_config_fpu_vfp                   0x080049fd   Thumb Code     0  fpinit.o(x$fpl$fpinit)
    __fplib_config_pureend_doubles           0x080049fd   Thumb Code     0  fpinit.o(x$fpl$fpinit)
    AHBPrescTable                            0x08004a06   Data          16  system_stm32f4xx.o(.constdata)
    APBPrescTable                            0x08004a16   Data           8  system_stm32f4xx.o(.constdata)
    Region$$Table$$Base                      0x08004a20   Number         0  anon$$obj.o(Region$$Table)
    Region$$Table$$Limit                     0x08004a40   Number         0  anon$$obj.o(Region$$Table)
    StartTask_Handler                        0x20000000   Data           4  freertos.o(.data)
    Task1Task_Handler                        0x20000004   Data           4  freertos.o(.data)
    Task2Task_Handler                        0x20000008   Data           4  freertos.o(.data)
    adc_value1                               0x2000000c   Data           2  adc.o(.data)
    adc_value2                               0x2000000e   Data           2  adc.o(.data)
    adc_value3                               0x20000010   Data           2  adc.o(.data)
    g_rx_buffer                              0x20000012   Data           1  usart.o(.data)
    g_usart_rx_sta                           0x20000014   Data           2  usart.o(.data)
    uwTickFreq                               0x2000001c   Data           1  stm32f4xx_hal.o(.data)
    uwTickPrio                               0x20000020   Data           4  stm32f4xx_hal.o(.data)
    uwTick                                   0x20000024   Data           4  stm32f4xx_hal.o(.data)
    SystemCoreClock                          0x20000028   Data           4  system_stm32f4xx.o(.data)
    pxCurrentTCB                             0x2000002c   Data           4  tasks.o(.data)
    dt                                       0x200000ac   Data           4  pid.o(.data)
    adc_val                                  0x200000b0   Data          12  freertos.o(.bss)
    n20                                      0x200000bc   Data         324  freertos.o(.bss)
    hadc1                                    0x20000200   Data          72  adc.o(.bss)
    htim1                                    0x20000248   Data          72  tim.o(.bss)
    htim2                                    0x20000290   Data          72  tim.o(.bss)
    htim3                                    0x200002d8   Data          72  tim.o(.bss)
    htim4                                    0x20000320   Data          72  tim.o(.bss)
    htim5                                    0x20000368   Data          72  tim.o(.bss)
    huart1                                   0x200003b0   Data          68  usart.o(.bss)
    g_usart_rx_buf                           0x200003f4   Data         200  usart.o(.bss)
    htim9                                    0x200004bc   Data          72  stm32f4xx_hal_timebase_tim.o(.bss)
    xQueueRegistry                           0x20000504   Data          64  queue.o(.bss)
    g_dma_handle                             0x20004dd8   Data          96  dma.o(.bss)
    __libspace_start                         0x20004e38   Data          96  libspace.o(.bss)
    __temporary_stack_top$libspace           0x20004e98   Data           0  libspace.o(.bss)



==============================================================================

Memory Map of the image

  Image Entry point : 0x08000195

  Load Region LR_IROM1 (Base: 0x08000000, Size: 0x00004af0, Max: 0x00040000, ABSOLUTE)

    Execution Region ER_IROM1 (Base: 0x08000000, Size: 0x00004a40, Max: 0x00040000, ABSOLUTE)

    Base Addr    Size         Type   Attr      Idx    E Section Name        Object

    0x08000000   0x00000194   Data   RO            3    RESET               startup_stm32f401xc.o
    0x08000194   0x00000008   Code   RO         5526  * !!!main             c_w.l(__main.o)
    0x0800019c   0x00000034   Code   RO         5690    !!!scatter          c_w.l(__scatter.o)
    0x080001d0   0x0000001a   Code   RO         5692    !!handler_copy      c_w.l(__scatter_copy.o)
    0x080001ea   0x00000002   PAD
    0x080001ec   0x0000001c   Code   RO         5694    !!handler_zi        c_w.l(__scatter_zi.o)
    0x08000208   0x00000002   Code   RO         5569    .ARM.Collect$$libinit$$00000000  c_w.l(libinit.o)
    0x0800020a   0x00000004   Code   RO         5581    .ARM.Collect$$libinit$$00000001  c_w.l(libinit2.o)
    0x0800020e   0x00000000   Code   RO         5584    .ARM.Collect$$libinit$$00000004  c_w.l(libinit2.o)
    0x0800020e   0x00000000   Code   RO         5587    .ARM.Collect$$libinit$$0000000A  c_w.l(libinit2.o)
    0x0800020e   0x00000000   Code   RO         5589    .ARM.Collect$$libinit$$0000000C  c_w.l(libinit2.o)
    0x0800020e   0x00000000   Code   RO         5591    .ARM.Collect$$libinit$$0000000E  c_w.l(libinit2.o)
    0x0800020e   0x00000000   Code   RO         5594    .ARM.Collect$$libinit$$00000011  c_w.l(libinit2.o)
    0x0800020e   0x00000000   Code   RO         5596    .ARM.Collect$$libinit$$00000013  c_w.l(libinit2.o)
    0x0800020e   0x00000000   Code   RO         5598    .ARM.Collect$$libinit$$00000015  c_w.l(libinit2.o)
    0x0800020e   0x00000000   Code   RO         5600    .ARM.Collect$$libinit$$00000017  c_w.l(libinit2.o)
    0x0800020e   0x00000000   Code   RO         5602    .ARM.Collect$$libinit$$00000019  c_w.l(libinit2.o)
    0x0800020e   0x00000000   Code   RO         5604    .ARM.Collect$$libinit$$0000001B  c_w.l(libinit2.o)
    0x0800020e   0x00000000   Code   RO         5606    .ARM.Collect$$libinit$$0000001D  c_w.l(libinit2.o)
    0x0800020e   0x00000000   Code   RO         5608    .ARM.Collect$$libinit$$0000001F  c_w.l(libinit2.o)
    0x0800020e   0x00000000   Code   RO         5610    .ARM.Collect$$libinit$$00000021  c_w.l(libinit2.o)
    0x0800020e   0x00000000   Code   RO         5612    .ARM.Collect$$libinit$$00000023  c_w.l(libinit2.o)
    0x0800020e   0x00000000   Code   RO         5614    .ARM.Collect$$libinit$$00000025  c_w.l(libinit2.o)
    0x0800020e   0x00000000   Code   RO         5618    .ARM.Collect$$libinit$$0000002C  c_w.l(libinit2.o)
    0x0800020e   0x00000000   Code   RO         5620    .ARM.Collect$$libinit$$0000002E  c_w.l(libinit2.o)
    0x0800020e   0x00000000   Code   RO         5622    .ARM.Collect$$libinit$$00000030  c_w.l(libinit2.o)
    0x0800020e   0x00000000   Code   RO         5624    .ARM.Collect$$libinit$$00000032  c_w.l(libinit2.o)
    0x0800020e   0x00000002   Code   RO         5625    .ARM.Collect$$libinit$$00000033  c_w.l(libinit2.o)
    0x08000210   0x00000002   Code   RO         5649    .ARM.Collect$$libshutdown$$00000000  c_w.l(libshutdown.o)
    0x08000212   0x00000000   Code   RO         5673    .ARM.Collect$$libshutdown$$00000002  c_w.l(libshutdown2.o)
    0x08000212   0x00000000   Code   RO         5675    .ARM.Collect$$libshutdown$$00000004  c_w.l(libshutdown2.o)
    0x08000212   0x00000000   Code   RO         5678    .ARM.Collect$$libshutdown$$00000007  c_w.l(libshutdown2.o)
    0x08000212   0x00000000   Code   RO         5681    .ARM.Collect$$libshutdown$$0000000A  c_w.l(libshutdown2.o)
    0x08000212   0x00000000   Code   RO         5683    .ARM.Collect$$libshutdown$$0000000C  c_w.l(libshutdown2.o)
    0x08000212   0x00000000   Code   RO         5686    .ARM.Collect$$libshutdown$$0000000F  c_w.l(libshutdown2.o)
    0x08000212   0x00000002   Code   RO         5687    .ARM.Collect$$libshutdown$$00000010  c_w.l(libshutdown2.o)
    0x08000214   0x00000000   Code   RO         5530    .ARM.Collect$$rtentry$$00000000  c_w.l(__rtentry.o)
    0x08000214   0x00000000   Code   RO         5540    .ARM.Collect$$rtentry$$00000002  c_w.l(__rtentry2.o)
    0x08000214   0x00000006   Code   RO         5552    .ARM.Collect$$rtentry$$00000004  c_w.l(__rtentry4.o)
    0x0800021a   0x00000000   Code   RO         5542    .ARM.Collect$$rtentry$$00000009  c_w.l(__rtentry2.o)
    0x0800021a   0x00000004   Code   RO         5543    .ARM.Collect$$rtentry$$0000000A  c_w.l(__rtentry2.o)
    0x0800021e   0x00000000   Code   RO         5545    .ARM.Collect$$rtentry$$0000000C  c_w.l(__rtentry2.o)
    0x0800021e   0x00000008   Code   RO         5546    .ARM.Collect$$rtentry$$0000000D  c_w.l(__rtentry2.o)
    0x08000226   0x00000002   Code   RO         5573    .ARM.Collect$$rtexit$$00000000  c_w.l(rtexit.o)
    0x08000228   0x00000000   Code   RO         5627    .ARM.Collect$$rtexit$$00000002  c_w.l(rtexit2.o)
    0x08000228   0x00000004   Code   RO         5628    .ARM.Collect$$rtexit$$00000003  c_w.l(rtexit2.o)
    0x0800022c   0x00000006   Code   RO         5629    .ARM.Collect$$rtexit$$00000004  c_w.l(rtexit2.o)
    0x08000232   0x00000002   PAD
    0x08000234   0x000000be   Code   RO         5273    .emb_text           port.o
    0x080002f2   0x00000002   PAD
    0x080002f4   0x00000040   Code   RO            4    .text               startup_stm32f401xc.o
    0x08000334   0x00000002   Code   RO         5512    .text               c_w.l(use_no_semi_2.o)
    0x08000336   0x000000ee   Code   RO         5514    .text               c_w.l(lludivv7m.o)
    0x08000424   0x0000008a   Code   RO         5516    .text               c_w.l(rt_memcpy_v6.o)
    0x080004ae   0x00000010   Code   RO         5520    .text               c_w.l(aeabi_memset.o)
    0x080004be   0x0000004e   Code   RO         5522    .text               c_w.l(rt_memclr_w.o)
    0x0800050c   0x00000006   Code   RO         5524    .text               c_w.l(heapauxi.o)
    0x08000512   0x00000002   Code   RO         5528    .text               c_w.l(use_no_semi.o)
    0x08000514   0x00000064   Code   RO         5535    .text               c_w.l(rt_memcpy_w.o)
    0x08000578   0x00000044   Code   RO         5537    .text               c_w.l(rt_memclr.o)
    0x080005bc   0x0000004a   Code   RO         5556    .text               c_w.l(sys_stackheap_outer.o)
    0x08000606   0x00000012   Code   RO         5558    .text               c_w.l(exit.o)
    0x08000618   0x00000008   Code   RO         5570    .text               c_w.l(libspace.o)
    0x08000620   0x0000000c   Code   RO          545    i.ADC_IRQHandler    stm32f4xx_it.o
    0x0800062c   0x00000128   Code   RO          758    i.ADC_Init          stm32f4xx_hal_adc.o
    0x08000754   0x00000002   Code   RO          546    i.BusFault_Handler  stm32f4xx_it.o
    0x08000756   0x00000002   PAD
    0x08000758   0x00000014   Code   RO          249    i.CMD_Task          freertos.o
    0x0800076c   0x00000028   Code   RO         1516    i.DMA_CalcBaseAndBitshift  stm32f4xx_hal_dma.o
    0x08000794   0x00000054   Code   RO         1517    i.DMA_CheckFifoParam  stm32f4xx_hal_dma.o
    0x080007e8   0x00000002   Code   RO          547    i.DebugMon_Handler  stm32f4xx_it.o
    0x080007ea   0x00000004   Code   RO          731    i.Error_Handler     sys.o
    0x080007ee   0x00000002   Code   RO          929    i.HAL_ADCEx_InjectedConvCpltCallback  stm32f4xx_hal_adc_ex.o
    0x080007f0   0x0000014c   Code   RO          760    i.HAL_ADC_ConfigChannel  stm32f4xx_hal_adc.o
    0x0800093c   0x00000034   Code   RO          322    i.HAL_ADC_ConvCpltCallback  adc.o
    0x08000970   0x00000002   Code   RO          764    i.HAL_ADC_ErrorCallback  stm32f4xx_hal_adc.o
    0x08000972   0x00000006   Code   RO          767    i.HAL_ADC_GetValue  stm32f4xx_hal_adc.o
    0x08000978   0x0000012e   Code   RO          768    i.HAL_ADC_IRQHandler  stm32f4xx_hal_adc.o
    0x08000aa6   0x00000054   Code   RO          769    i.HAL_ADC_Init      stm32f4xx_hal_adc.o
    0x08000afa   0x00000002   Code   RO          770    i.HAL_ADC_LevelOutOfWindowCallback  stm32f4xx_hal_adc.o
    0x08000afc   0x00000094   Code   RO          324    i.HAL_ADC_MspInit   adc.o
    0x08000b90   0x00000092   Code   RO         1519    i.HAL_DMA_Abort     stm32f4xx_hal_dma.o
    0x08000c22   0x00000024   Code   RO         1520    i.HAL_DMA_Abort_IT  stm32f4xx_hal_dma.o
    0x08000c46   0x00000062   Code   RO         1521    i.HAL_DMA_DeInit    stm32f4xx_hal_dma.o
    0x08000ca8   0x000000d4   Code   RO         1525    i.HAL_DMA_Init      stm32f4xx_hal_dma.o
    0x08000d7c   0x000001e0   Code   RO         1412    i.HAL_GPIO_Init     stm32f4xx_hal_gpio.o
    0x08000f5c   0x0000000a   Code   RO         1416    i.HAL_GPIO_WritePin  stm32f4xx_hal_gpio.o
    0x08000f66   0x00000002   PAD
    0x08000f68   0x0000000c   Code   RO         1968    i.HAL_GetTick       stm32f4xx_hal.o
    0x08000f74   0x00000010   Code   RO         1974    i.HAL_IncTick       stm32f4xx_hal.o
    0x08000f84   0x00000034   Code   RO         1975    i.HAL_Init          stm32f4xx_hal.o
    0x08000fb8   0x0000008c   Code   RO          645    i.HAL_InitTick      stm32f4xx_hal_timebase_tim.o
    0x08001044   0x00000038   Code   RO          621    i.HAL_MspInit       stm32f4xx_hal_msp.o
    0x0800107c   0x0000001a   Code   RO         1825    i.HAL_NVIC_EnableIRQ  stm32f4xx_hal_cortex.o
    0x08001096   0x00000002   PAD
    0x08001098   0x00000040   Code   RO         1831    i.HAL_NVIC_SetPriority  stm32f4xx_hal_cortex.o
    0x080010d8   0x00000024   Code   RO         1832    i.HAL_NVIC_SetPriorityGrouping  stm32f4xx_hal_cortex.o
    0x080010fc   0x00000134   Code   RO         1034    i.HAL_RCC_ClockConfig  stm32f4xx_hal_rcc.o
    0x08001230   0x00000040   Code   RO         1038    i.HAL_RCC_GetClockConfig  stm32f4xx_hal_rcc.o
    0x08001270   0x00000020   Code   RO         1041    i.HAL_RCC_GetPCLK1Freq  stm32f4xx_hal_rcc.o
    0x08001290   0x00000020   Code   RO         1042    i.HAL_RCC_GetPCLK2Freq  stm32f4xx_hal_rcc.o
    0x080012b0   0x00000064   Code   RO         1043    i.HAL_RCC_GetSysClockFreq  stm32f4xx_hal_rcc.o
    0x08001314   0x0000036c   Code   RO         1046    i.HAL_RCC_OscConfig  stm32f4xx_hal_rcc.o
    0x08001680   0x00000018   Code   RO         1834    i.HAL_SYSTICK_CLKSourceConfig  stm32f4xx_hal_cortex.o
    0x08001698   0x00000002   Code   RO         2919    i.HAL_TIMEx_BreakCallback  stm32f4xx_hal_tim_ex.o
    0x0800169a   0x00000002   Code   RO         2920    i.HAL_TIMEx_CommutCallback  stm32f4xx_hal_tim_ex.o
    0x0800169c   0x00000054   Code   RO         2922    i.HAL_TIMEx_ConfigBreakDeadTime  stm32f4xx_hal_tim_ex.o
    0x080016f0   0x0000007c   Code   RO         2938    i.HAL_TIMEx_MasterConfigSynchronization  stm32f4xx_hal_tim_ex.o
    0x0800176c   0x0000005a   Code   RO         2215    i.HAL_TIM_Base_Init  stm32f4xx_hal_tim.o
    0x080017c6   0x00000002   PAD
    0x080017c8   0x00000054   Code   RO          372    i.HAL_TIM_Base_MspInit  tim.o
    0x0800181c   0x0000006c   Code   RO         2220    i.HAL_TIM_Base_Start_IT  stm32f4xx_hal_tim.o
    0x08001888   0x000000dc   Code   RO         2224    i.HAL_TIM_ConfigClockSource  stm32f4xx_hal_tim.o
    0x08001964   0x000000a4   Code   RO         2236    i.HAL_TIM_Encoder_Init  stm32f4xx_hal_tim.o
    0x08001a08   0x000000d8   Code   RO          374    i.HAL_TIM_Encoder_MspInit  tim.o
    0x08001ae0   0x0000008e   Code   RO         2239    i.HAL_TIM_Encoder_Start  stm32f4xx_hal_tim.o
    0x08001b6e   0x00000002   Code   RO         2249    i.HAL_TIM_IC_CaptureCallback  stm32f4xx_hal_tim.o
    0x08001b70   0x00000166   Code   RO         2263    i.HAL_TIM_IRQHandler  stm32f4xx_hal_tim.o
    0x08001cd6   0x00000002   PAD
    0x08001cd8   0x000000a0   Code   RO          375    i.HAL_TIM_MspPostInit  tim.o
    0x08001d78   0x00000002   Code   RO         2266    i.HAL_TIM_OC_DelayElapsedCallback  stm32f4xx_hal_tim.o
    0x08001d7a   0x000000cc   Code   RO         2287    i.HAL_TIM_PWM_ConfigChannel  stm32f4xx_hal_tim.o
    0x08001e46   0x0000005a   Code   RO         2290    i.HAL_TIM_PWM_Init  stm32f4xx_hal_tim.o
    0x08001ea0   0x00000002   Code   RO         2292    i.HAL_TIM_PWM_MspInit  stm32f4xx_hal_tim.o
    0x08001ea2   0x00000002   Code   RO         2293    i.HAL_TIM_PWM_PulseFinishedCallback  stm32f4xx_hal_tim.o
    0x08001ea4   0x000000b0   Code   RO         2295    i.HAL_TIM_PWM_Start  stm32f4xx_hal_tim.o
    0x08001f54   0x00000014   Code   RO           13    i.HAL_TIM_PeriodElapsedCallback  main.o
    0x08001f68   0x00000002   Code   RO         2306    i.HAL_TIM_TriggerCallback  stm32f4xx_hal_tim.o
    0x08001f6a   0x00000002   Code   RO         3197    i.HAL_UARTEx_RxEventCallback  stm32f4xx_hal_uart.o
    0x08001f6c   0x00000002   Code   RO         3211    i.HAL_UART_ErrorCallback  stm32f4xx_hal_uart.o
    0x08001f6e   0x00000002   PAD
    0x08001f70   0x00000268   Code   RO         3214    i.HAL_UART_IRQHandler  stm32f4xx_hal_uart.o
    0x080021d8   0x00000062   Code   RO         3215    i.HAL_UART_Init     stm32f4xx_hal_uart.o
    0x0800223a   0x00000002   PAD
    0x0800223c   0x0000007c   Code   RO          456    i.HAL_UART_MspInit  usart.o
    0x080022b8   0x0000002a   Code   RO         3220    i.HAL_UART_Receive_IT  stm32f4xx_hal_uart.o
    0x080022e2   0x00000002   PAD
    0x080022e4   0x00000068   Code   RO          457    i.HAL_UART_RxCpltCallback  usart.o
    0x0800234c   0x00000002   Code   RO         3226    i.HAL_UART_TxCpltCallback  stm32f4xx_hal_uart.o
    0x0800234e   0x00000002   Code   RO          548    i.HardFault_Handler  stm32f4xx_it.o
    0x08002350   0x0000008c   Code   RO          325    i.MX_ADC1_Init      adc.o
    0x080023dc   0x0000002c   Code   RO          250    i.MX_FREERTOS_Init  freertos.o
    0x08002408   0x00000080   Code   RO          224    i.MX_GPIO_Init      gpio.o
    0x08002488   0x000000ec   Code   RO          376    i.MX_TIM1_Init      tim.o
    0x08002574   0x000000ec   Code   RO          377    i.MX_TIM2_Init      tim.o
    0x08002660   0x00000074   Code   RO          378    i.MX_TIM3_Init      tim.o
    0x080026d4   0x0000007c   Code   RO          379    i.MX_TIM4_Init      tim.o
    0x08002750   0x0000007c   Code   RO          380    i.MX_TIM5_Init      tim.o
    0x080027cc   0x00000044   Code   RO          458    i.MX_USART1_UART_Init  usart.o
    0x08002810   0x00000002   Code   RO          549    i.MemManage_Handler  stm32f4xx_it.o
    0x08002812   0x00000002   Code   RO          550    i.NMI_Handler       stm32f4xx_it.o
    0x08002814   0x000000c8   Code   RO         5471    i.PID               pid.o
    0x080028dc   0x0000001a   Code   RO         4701    i.SysTick_Handler   cmsis_os2.o
    0x080028f6   0x00000002   PAD
    0x080028f8   0x00000090   Code   RO           14    i.SystemClock_Config  main.o
    0x08002988   0x00000010   Code   RO         3544    i.SystemInit        system_stm32f4xx.o
    0x08002998   0x0000001c   Code   RO          551    i.TIM1_BRK_TIM9_IRQHandler  stm32f4xx_it.o
    0x080029b4   0x00000098   Code   RO         2308    i.TIM_Base_SetConfig  stm32f4xx_hal_tim.o
    0x08002a4c   0x0000001a   Code   RO         2309    i.TIM_CCxChannelCmd  stm32f4xx_hal_tim.o
    0x08002a66   0x00000014   Code   RO         2319    i.TIM_ETR_SetConfig  stm32f4xx_hal_tim.o
    0x08002a7a   0x00000010   Code   RO         2320    i.TIM_ITRx_SetConfig  stm32f4xx_hal_tim.o
    0x08002a8a   0x00000002   PAD
    0x08002a8c   0x00000050   Code   RO         2321    i.TIM_OC1_SetConfig  stm32f4xx_hal_tim.o
    0x08002adc   0x00000058   Code   RO         2322    i.TIM_OC2_SetConfig  stm32f4xx_hal_tim.o
    0x08002b34   0x00000058   Code   RO         2323    i.TIM_OC3_SetConfig  stm32f4xx_hal_tim.o
    0x08002b8c   0x00000044   Code   RO         2324    i.TIM_OC4_SetConfig  stm32f4xx_hal_tim.o
    0x08002bd0   0x00000022   Code   RO         2326    i.TIM_TI1_ConfigInputStage  stm32f4xx_hal_tim.o
    0x08002bf2   0x00000024   Code   RO         2328    i.TIM_TI2_ConfigInputStage  stm32f4xx_hal_tim.o
    0x08002c16   0x00000010   Code   RO         3228    i.UART_DMAAbortOnError  stm32f4xx_hal_uart.o
    0x08002c26   0x0000004e   Code   RO         3238    i.UART_EndRxTransfer  stm32f4xx_hal_uart.o
    0x08002c74   0x000000c0   Code   RO         3240    i.UART_Receive_IT   stm32f4xx_hal_uart.o
    0x08002d34   0x0000010c   Code   RO         3241    i.UART_SetConfig    stm32f4xx_hal_uart.o
    0x08002e40   0x0000003a   Code   RO         3243    i.UART_Start_Receive_IT  stm32f4xx_hal_uart.o
    0x08002e7a   0x00000002   PAD
    0x08002e7c   0x0000000c   Code   RO          552    i.USART1_IRQHandler  stm32f4xx_it.o
    0x08002e88   0x00000002   Code   RO          553    i.UsageFault_Handler  stm32f4xx_it.o
    0x08002e8a   0x00000020   Code   RO         1838    i.__NVIC_SetPriority  stm32f4xx_hal_cortex.o
    0x08002eaa   0x00000002   Code   RO          461    i._sys_exit         usart.o
    0x08002eac   0x00000014   Code   RO          688    i.delay_init        delay.o
    0x08002ec0   0x00000074   Code   RO         5353    i.dma_init          dma.o
    0x08002f34   0x00000094   Code   RO          251    i.info_Task         freertos.o
    0x08002fc8   0x0000005c   Code   RO         5432    i.initN20           n20.o
    0x08003024   0x00000014   Code   RO         5493    i.lowPassInit       filters.o
    0x08003038   0x0000004c   Code   RO           15    i.main              main.o
    0x08003084   0x0000001a   Code   RO         4703    i.osDelay           cmsis_os2.o
    0x0800309e   0x00000002   PAD
    0x080030a0   0x00000024   Code   RO         4717    i.osKernelInitialize  cmsis_os2.o
    0x080030c4   0x00000038   Code   RO         4720    i.osKernelStart     cmsis_os2.o
    0x080030fc   0x0000005c   Code   RO         4162    i.prvAddCurrentTaskToDelayedList  tasks.o
    0x08003158   0x000000d0   Code   RO         4163    i.prvAddNewTaskToReadyList  tasks.o
    0x08003228   0x00000058   Code   RO         4527    i.prvCheckForValidListAndQueue  timers.o
    0x08003280   0x00000026   Code   RO         3759    i.prvCopyDataFromQueue  queue.o
    0x080032a6   0x0000006c   Code   RO         3760    i.prvCopyDataToQueue  queue.o
    0x08003312   0x00000034   Code   RO         4164    i.prvDeleteTCB      tasks.o
    0x08003346   0x00000002   PAD
    0x08003348   0x0000004c   Code   RO         5218    i.prvHeapInit       heap_4.o
    0x08003394   0x00000060   Code   RO         4165    i.prvIdleTask       tasks.o
    0x080033f4   0x00000022   Code   RO         3762    i.prvInitialiseNewQueue  queue.o
    0x08003416   0x00000002   PAD
    0x08003418   0x000000b0   Code   RO         4166    i.prvInitialiseNewTask  tasks.o
    0x080034c8   0x0000004c   Code   RO         5219    i.prvInsertBlockIntoFreeList  heap_4.o
    0x08003514   0x00000038   Code   RO         4529    i.prvInsertTimerInActiveList  timers.o
    0x0800354c   0x0000001c   Code   RO         3763    i.prvIsQueueEmpty   queue.o
    0x08003568   0x000000fc   Code   RO         4530    i.prvProcessReceivedCommands  timers.o
    0x08003664   0x000000c0   Code   RO         4531    i.prvProcessTimerOrBlockTask  timers.o
    0x08003724   0x00000020   Code   RO         4168    i.prvResetNextTaskUnblockTime  tasks.o
    0x08003744   0x00000028   Code   RO         4532    i.prvSampleTimeNow  timers.o
    0x0800376c   0x0000006c   Code   RO         4533    i.prvSwitchTimerLists  timers.o
    0x080037d8   0x00000028   Code   RO         5274    i.prvTaskExitError  port.o
    0x08003800   0x00000024   Code   RO         4534    i.prvTimerTask      timers.o
    0x08003824   0x0000006a   Code   RO         3764    i.prvUnlockQueue    queue.o
    0x0800388e   0x00000002   PAD
    0x08003890   0x000000dc   Code   RO         5220    i.pvPortMalloc      heap_4.o
    0x0800396c   0x0000002c   Code   RO         5275    i.pxPortInitialiseStack  port.o
    0x08003998   0x000000be   Code   RO         5433    i.setPWM            n20.o
    0x08003a56   0x0000001c   Code   RO         5434    i.setSpd            n20.o
    0x08003a72   0x00000002   PAD
    0x08003a74   0x00000064   Code   RO          252    i.start_task        freertos.o
    0x08003ad8   0x00000060   Code   RO         5435    i.updateN20         n20.o
    0x08003b38   0x00000026   Code   RO         3719    i.uxListRemove      list.o
    0x08003b5e   0x00000002   PAD
    0x08003b60   0x00000014   Code   RO         4774    i.vApplicationGetIdleTaskMemory  cmsis_os2.o
    0x08003b74   0x00000018   Code   RO         4775    i.vApplicationGetTimerTaskMemory  cmsis_os2.o
    0x08003b8c   0x00000016   Code   RO         3720    i.vListInitialise   list.o
    0x08003ba2   0x00000006   Code   RO         3721    i.vListInitialiseItem  list.o
    0x08003ba8   0x00000030   Code   RO         3722    i.vListInsert       list.o
    0x08003bd8   0x00000018   Code   RO         3723    i.vListInsertEnd    list.o
    0x08003bf0   0x00000040   Code   RO         5277    i.vPortEnterCritical  port.o
    0x08003c30   0x00000028   Code   RO         5278    i.vPortExitCritical  port.o
    0x08003c58   0x00000064   Code   RO         5221    i.vPortFree         heap_4.o
    0x08003cbc   0x00000024   Code   RO         5279    i.vPortSetupTimerInterrupt  port.o
    0x08003ce0   0x00000054   Code   RO         5280    i.vPortValidateInterruptPriority  port.o
    0x08003d34   0x00000028   Code   RO         3770    i.vQueueAddToRegistry  queue.o
    0x08003d5c   0x00000044   Code   RO         3774    i.vQueueWaitForMessageRestricted  queue.o
    0x08003da0   0x0000004c   Code   RO         4181    i.vTaskDelay        tasks.o
    0x08003dec   0x00000090   Code   RO         4183    i.vTaskDelete       tasks.o
    0x08003e7c   0x00000010   Code   RO         4186    i.vTaskInternalSetTimeOutState  tasks.o
    0x08003e8c   0x0000000c   Code   RO         4187    i.vTaskMissedYield  tasks.o
    0x08003e98   0x00000030   Code   RO         4189    i.vTaskPlaceOnEventList  tasks.o
    0x08003ec8   0x00000038   Code   RO         4190    i.vTaskPlaceOnEventListRestricted  tasks.o
    0x08003f00   0x00000088   Code   RO         4198    i.vTaskStartScheduler  tasks.o
    0x08003f88   0x00000010   Code   RO         4200    i.vTaskSuspendAll   tasks.o
    0x08003f98   0x00000064   Code   RO         4201    i.vTaskSwitchContext  tasks.o
    0x08003ffc   0x000000f4   Code   RO         5281    i.xPortStartScheduler  port.o
    0x080040f0   0x0000002c   Code   RO         5282    i.xPortSysTickHandler  port.o
    0x0800411c   0x00000066   Code   RO         3780    i.xQueueGenericCreateStatic  queue.o
    0x08004182   0x00000002   PAD
    0x08004184   0x00000088   Code   RO         3781    i.xQueueGenericReset  queue.o
    0x0800420c   0x00000160   Code   RO         3782    i.xQueueGenericSend  queue.o
    0x0800436c   0x000000be   Code   RO         3783    i.xQueueGenericSendFromISR  queue.o
    0x0800442a   0x00000002   PAD
    0x0800442c   0x00000138   Code   RO         3792    i.xQueueReceive     queue.o
    0x08004564   0x00000074   Code   RO         4203    i.xTaskCheckForTimeOut  tasks.o
    0x080045d8   0x0000005a   Code   RO         4204    i.xTaskCreate       tasks.o
    0x08004632   0x00000056   Code   RO         4205    i.xTaskCreateStatic  tasks.o
    0x08004688   0x0000001c   Code   RO         4209    i.xTaskGetSchedulerState  tasks.o
    0x080046a4   0x0000000c   Code   RO         4210    i.xTaskGetTickCount  tasks.o
    0x080046b0   0x000000c8   Code   RO         4212    i.xTaskIncrementTick  tasks.o
    0x08004778   0x00000080   Code   RO         4215    i.xTaskPriorityDisinherit  tasks.o
    0x080047f8   0x00000070   Code   RO         4217    i.xTaskRemoveFromEventList  tasks.o
    0x08004868   0x000000c4   Code   RO         4218    i.xTaskResumeAll    tasks.o
    0x0800492c   0x00000060   Code   RO         4543    i.xTimerCreateTimerTask  timers.o
    0x0800498c   0x00000068   Code   RO         4544    i.xTimerGenericCommand  timers.o
    0x080049f4   0x0000000a   Code   RO         5639    x$fpl$fpinit        fz_wm.l(fpinit.o)
    0x080049fe   0x00000008   Data   RO         1531    .constdata          stm32f4xx_hal_dma.o
    0x08004a06   0x00000010   Data   RO         3545    .constdata          system_stm32f4xx.o
    0x08004a16   0x00000008   Data   RO         3546    .constdata          system_stm32f4xx.o
    0x08004a1e   0x00000002   PAD
    0x08004a20   0x00000020   Data   RO         5688    Region$$Table       anon$$obj.o


    Execution Region RW_IRAM1 (Base: 0x20000000, Size: 0x00005498, Max: 0x00010000, ABSOLUTE)

    Base Addr    Size         Type   Attr      Idx    E Section Name        Object

    0x20000000   0x0000000c   Data   RW          258    .data               freertos.o
    0x2000000c   0x00000006   Data   RW          327    .data               adc.o
    0x20000012   0x00000004   Data   RW          465    .data               usart.o
    0x20000016   0x00000002   PAD
    0x20000018   0x00000004   Data   RW          691    .data               delay.o
    0x2000001c   0x0000000c   Data   RW         1982    .data               stm32f4xx_hal.o
    0x20000028   0x00000004   Data   RW         3547    .data               system_stm32f4xx.o
    0x2000002c   0x0000003c   Data   RW         4221    .data               tasks.o
    0x20000068   0x00000014   Data   RW         4552    .data               timers.o
    0x2000007c   0x00000004   Data   RW         4777    .data               cmsis_os2.o
    0x20000080   0x00000020   Data   RW         5227    .data               heap_4.o
    0x200000a0   0x0000000c   Data   RW         5283    .data               port.o
    0x200000ac   0x00000004   Data   RW         5473    .data               pid.o
    0x200000b0   0x00000150   Zero   RW          253    .bss                freertos.o
    0x20000200   0x00000048   Zero   RW          326    .bss                adc.o
    0x20000248   0x00000168   Zero   RW          381    .bss                tim.o
    0x200003b0   0x0000010c   Zero   RW          464    .bss                usart.o
    0x200004bc   0x00000048   Zero   RW          648    .bss                stm32f4xx_hal_timebase_tim.o
    0x20000504   0x00000040   Zero   RW         3796    .bss                queue.o
    0x20000544   0x000004c4   Zero   RW         4220    .bss                tasks.o
    0x20000a08   0x00000118   Zero   RW         4551    .bss                timers.o
    0x20000b20   0x000006b8   Zero   RW         4776    .bss                cmsis_os2.o
    0x200011d8   0x00003c00   Zero   RW         5226    .bss                heap_4.o
    0x20004dd8   0x00000060   Zero   RW         5354    .bss                dma.o
    0x20004e38   0x00000060   Zero   RW         5571    .bss                c_w.l(libspace.o)
    0x20004e98   0x00000200   Zero   RW            2    HEAP                startup_stm32f401xc.o
    0x20005098   0x00000400   Zero   RW            1    STACK               startup_stm32f401xc.o


==============================================================================

Image component sizes


      Code (inc. data)   RO Data    RW Data    ZI Data      Debug   Object Name

       340         42          0          6         72       2541   adc.o
       188         22          0          4       1720      64225   cmsis_os2.o
        20          4          0          4          0        733   delay.o
       116         16          0          0         96       1275   dma.o
         0          0          0          0          0      19576   event_groups.o
        20          6          0          0          0        886   filters.o
       312         86          0         12        336       4885   freertos.o
       128         10          0          0          0        991   gpio.o
       472         24          0         32      15360       4983   heap_4.o
       138          0          0          0          0       3666   list.o
       240         22          0          0          0     449984   main.o
       406         18          0          0          0       2892   n20.o
       200          8          0          4          0       1463   pid.o
       786         82          0         12          0      11721   port.o
      1514         20          0          0         64      17696   queue.o
        64         26        404          0       1536        860   startup_stm32f401xc.o
        80         14          0         12          0       8046   stm32f4xx_hal.o
      1024         28          0          0          0       5690   stm32f4xx_hal_adc.o
         2          0          0          0          0       1017   stm32f4xx_hal_adc_ex.o
       182         14          0          0          0      33908   stm32f4xx_hal_cortex.o
       616         12          8          0          0       5303   stm32f4xx_hal_dma.o
       490         34          0          0          0       2224   stm32f4xx_hal_gpio.o
        56          4          0          0          0        902   stm32f4xx_hal_msp.o
      1412         86          0          0          0       6025   stm32f4xx_hal_rcc.o
      2170         90          0          0          0      19133   stm32f4xx_hal_tim.o
       212         20          0          0          0       3369   stm32f4xx_hal_tim_ex.o
       140         22          0          0         72       1479   stm32f4xx_hal_timebase_tim.o
      1374         16          0          0          0       9440   stm32f4xx_hal_uart.o
        64         22          0          0          0       4405   stm32f4xx_it.o
         0          0          0          0          0        416   stream_buffer.o
         4          0          0          0          0        460   sys.o
        16          4         24          4          0       1183   system_stm32f4xx.o
      2228        182          0         60       1220      28278   tasks.o
      1296         90          0          0        360       6470   tim.o
       972         80          0         20        280      32459   timers.o
       298         42          0          4        268       4394   usart.o

    ----------------------------------------------------------------------
     17620       1146        470        176      21384     762978   Object Totals
         0          0         32          0          0          0   (incl. Generated)
        40          0          2          2          0          0   (incl. Padding)

    ----------------------------------------------------------------------

      Code (inc. data)   RO Data    RW Data    ZI Data      Debug   Library Member Name

         8          0          0          0          0         68   __main.o
         0          0          0          0          0          0   __rtentry.o
        12          0          0          0          0          0   __rtentry2.o
         6          0          0          0          0          0   __rtentry4.o
        52          8          0          0          0          0   __scatter.o
        26          0          0          0          0          0   __scatter_copy.o
        28          0          0          0          0          0   __scatter_zi.o
        16          0          0          0          0         68   aeabi_memset.o
        18          0          0          0          0         80   exit.o
         6          0          0          0          0        152   heapauxi.o
         2          0          0          0          0          0   libinit.o
         6          0          0          0          0          0   libinit2.o
         2          0          0          0          0          0   libshutdown.o
         2          0          0          0          0          0   libshutdown2.o
         8          4          0          0         96         68   libspace.o
       238          0          0          0          0        100   lludivv7m.o
        68          0          0          0          0         68   rt_memclr.o
        78          0          0          0          0         80   rt_memclr_w.o
       138          0          0          0          0         68   rt_memcpy_v6.o
       100          0          0          0          0         80   rt_memcpy_w.o
         2          0          0          0          0          0   rtexit.o
        10          0          0          0          0          0   rtexit2.o
        74          0          0          0          0         80   sys_stackheap_outer.o
         2          0          0          0          0         68   use_no_semi.o
         2          0          0          0          0         68   use_no_semi_2.o
        10          0          0          0          0        116   fpinit.o

    ----------------------------------------------------------------------
       918         12          0          0         96       1164   Library Totals
         4          0          0          0          0          0   (incl. Padding)

    ----------------------------------------------------------------------

      Code (inc. data)   RO Data    RW Data    ZI Data      Debug   Library Name

       904         12          0          0         96       1048   c_w.l
        10          0          0          0          0        116   fz_wm.l

    ----------------------------------------------------------------------
       918         12          0          0         96       1164   Library Totals

    ----------------------------------------------------------------------

==============================================================================


      Code (inc. data)   RO Data    RW Data    ZI Data      Debug   

     18538       1158        470        176      21480     746374   Grand Totals
     18538       1158        470        176      21480     746374   ELF Image Totals
     18538       1158        470        176          0          0   ROM Totals

==============================================================================

    Total RO  Size (Code + RO Data)                19008 (  18.56kB)
    Total RW  Size (RW Data + ZI Data)             21656 (  21.15kB)
    Total ROM Size (Code + RO Data + RW Data)      19184 (  18.73kB)

==============================================================================

